Archive member included because of file (symbol)

/home/nixtropy/opt/gcc-arm-none-eabi-4_9-2015q3/bin/../lib/gcc/arm-none-eabi/4.9.3/armv7-m/libgcc.a(unwind-arm.o)
                              build/obj/i2c.o (__aeabi_unwind_cpp_pr0)
/home/nixtropy/opt/gcc-arm-none-eabi-4_9-2015q3/bin/../lib/gcc/arm-none-eabi/4.9.3/armv7-m/libgcc.a(libunwind.o)
                              /home/nixtropy/opt/gcc-arm-none-eabi-4_9-2015q3/bin/../lib/gcc/arm-none-eabi/4.9.3/armv7-m/libgcc.a(unwind-arm.o) (restore_core_regs)
/home/nixtropy/opt/gcc-arm-none-eabi-4_9-2015q3/bin/../lib/gcc/arm-none-eabi/4.9.3/armv7-m/libgcc.a(pr-support.o)
                              /home/nixtropy/opt/gcc-arm-none-eabi-4_9-2015q3/bin/../lib/gcc/arm-none-eabi/4.9.3/armv7-m/libgcc.a(unwind-arm.o) (__gnu_unwind_execute)
/home/nixtropy/opt/gcc-arm-none-eabi-4_9-2015q3/bin/../lib/gcc/arm-none-eabi/4.9.3/../../../../arm-none-eabi/lib/armv7-m/libc.a(lib_a-abort.o)
                              /home/nixtropy/opt/gcc-arm-none-eabi-4_9-2015q3/bin/../lib/gcc/arm-none-eabi/4.9.3/armv7-m/libgcc.a(unwind-arm.o) (abort)
/home/nixtropy/opt/gcc-arm-none-eabi-4_9-2015q3/bin/../lib/gcc/arm-none-eabi/4.9.3/../../../../arm-none-eabi/lib/armv7-m/libc.a(lib_a-assert.o)
                              build/obj/atmel_adc.o (__assert_func)
/home/nixtropy/opt/gcc-arm-none-eabi-4_9-2015q3/bin/../lib/gcc/arm-none-eabi/4.9.3/../../../../arm-none-eabi/lib/armv7-m/libc.a(lib_a-fiprintf.o)
                              /home/nixtropy/opt/gcc-arm-none-eabi-4_9-2015q3/bin/../lib/gcc/arm-none-eabi/4.9.3/../../../../arm-none-eabi/lib/armv7-m/libc.a(lib_a-assert.o) (fiprintf)
/home/nixtropy/opt/gcc-arm-none-eabi-4_9-2015q3/bin/../lib/gcc/arm-none-eabi/4.9.3/../../../../arm-none-eabi/lib/armv7-m/libc.a(lib_a-impure.o)
                              /home/nixtropy/opt/gcc-arm-none-eabi-4_9-2015q3/bin/../lib/gcc/arm-none-eabi/4.9.3/../../../../arm-none-eabi/lib/armv7-m/libc.a(lib_a-assert.o) (_impure_ptr)
/home/nixtropy/opt/gcc-arm-none-eabi-4_9-2015q3/bin/../lib/gcc/arm-none-eabi/4.9.3/../../../../arm-none-eabi/lib/armv7-m/libc.a(lib_a-memcpy.o)
                              /home/nixtropy/opt/gcc-arm-none-eabi-4_9-2015q3/bin/../lib/gcc/arm-none-eabi/4.9.3/armv7-m/libgcc.a(unwind-arm.o) (memcpy)
/home/nixtropy/opt/gcc-arm-none-eabi-4_9-2015q3/bin/../lib/gcc/arm-none-eabi/4.9.3/../../../../arm-none-eabi/lib/armv7-m/libc.a(lib_a-memset.o)
                              build/obj/syscalls.o (memset)
/home/nixtropy/opt/gcc-arm-none-eabi-4_9-2015q3/bin/../lib/gcc/arm-none-eabi/4.9.3/../../../../arm-none-eabi/lib/armv7-m/libc.a(lib_a-signal.o)
                              /home/nixtropy/opt/gcc-arm-none-eabi-4_9-2015q3/bin/../lib/gcc/arm-none-eabi/4.9.3/../../../../arm-none-eabi/lib/armv7-m/libc.a(lib_a-abort.o) (raise)
/home/nixtropy/opt/gcc-arm-none-eabi-4_9-2015q3/bin/../lib/gcc/arm-none-eabi/4.9.3/../../../../arm-none-eabi/lib/armv7-m/libc.a(lib_a-signalr.o)
                              /home/nixtropy/opt/gcc-arm-none-eabi-4_9-2015q3/bin/../lib/gcc/arm-none-eabi/4.9.3/../../../../arm-none-eabi/lib/armv7-m/libc.a(lib_a-signal.o) (_kill_r)
/home/nixtropy/opt/gcc-arm-none-eabi-4_9-2015q3/bin/../lib/gcc/arm-none-eabi/4.9.3/../../../../arm-none-eabi/lib/armv7-m/libc.a(lib_a-vfiprintf.o)
                              /home/nixtropy/opt/gcc-arm-none-eabi-4_9-2015q3/bin/../lib/gcc/arm-none-eabi/4.9.3/../../../../arm-none-eabi/lib/armv7-m/libc.a(lib_a-fiprintf.o) (_vfiprintf_r)
/home/nixtropy/opt/gcc-arm-none-eabi-4_9-2015q3/bin/../lib/gcc/arm-none-eabi/4.9.3/../../../../arm-none-eabi/lib/armv7-m/libc.a(lib_a-wsetup.o)
                              /home/nixtropy/opt/gcc-arm-none-eabi-4_9-2015q3/bin/../lib/gcc/arm-none-eabi/4.9.3/../../../../arm-none-eabi/lib/armv7-m/libc.a(lib_a-vfiprintf.o) (__swsetup_r)
/home/nixtropy/opt/gcc-arm-none-eabi-4_9-2015q3/bin/../lib/gcc/arm-none-eabi/4.9.3/../../../../arm-none-eabi/lib/armv7-m/libc.a(lib_a-fflush.o)
                              /home/nixtropy/opt/gcc-arm-none-eabi-4_9-2015q3/bin/../lib/gcc/arm-none-eabi/4.9.3/../../../../arm-none-eabi/lib/armv7-m/libc.a(lib_a-vfiprintf.o) (_fflush_r)
/home/nixtropy/opt/gcc-arm-none-eabi-4_9-2015q3/bin/../lib/gcc/arm-none-eabi/4.9.3/../../../../arm-none-eabi/lib/armv7-m/libc.a(lib_a-findfp.o)
                              /home/nixtropy/opt/gcc-arm-none-eabi-4_9-2015q3/bin/../lib/gcc/arm-none-eabi/4.9.3/../../../../arm-none-eabi/lib/armv7-m/libc.a(lib_a-vfiprintf.o) (__sinit)
/home/nixtropy/opt/gcc-arm-none-eabi-4_9-2015q3/bin/../lib/gcc/arm-none-eabi/4.9.3/../../../../arm-none-eabi/lib/armv7-m/libc.a(lib_a-fputwc.o)
                              /home/nixtropy/opt/gcc-arm-none-eabi-4_9-2015q3/bin/../lib/gcc/arm-none-eabi/4.9.3/../../../../arm-none-eabi/lib/armv7-m/libc.a(lib_a-vfiprintf.o) (_fputwc_r)
/home/nixtropy/opt/gcc-arm-none-eabi-4_9-2015q3/bin/../lib/gcc/arm-none-eabi/4.9.3/../../../../arm-none-eabi/lib/armv7-m/libc.a(lib_a-freer.o)
[...]
Memory Configuration

Name             Origin             Length             Attributes
flash            0x00400000         0x00020000
ram              0x20000000         0x00008000
*default*        0x00000000         0xffffffff

Linker script and memory map

LOAD build/obj/crt0.o
LOAD build/obj/vectors.o
LOAD build/obj/chcore.o
LOAD build/obj/chcore_v7m.o
LOAD build/obj/nvic.o
LOAD build/obj/chsys.o
LOAD build/obj/chlists.o
LOAD build/obj/chvt.o
LOAD build/obj/chschd.o
LOAD build/obj/chthreads.o
LOAD build/obj/chdynamic.o
LOAD build/obj/chregistry.o
LOAD build/obj/chsem.o
LOAD build/obj/chmtx.o
LOAD build/obj/chcond.o
LOAD build/obj/chevents.o
LOAD build/obj/chmsg.o
LOAD build/obj/chmboxes.o
LOAD build/obj/chqueues.o
LOAD build/obj/chmemcore.o
LOAD build/obj/chheap.o
LOAD build/obj/chmempools.o
LOAD build/obj/test.o
LOAD build/obj/testthd.o
LOAD build/obj/testsem.o
LOAD build/obj/testmtx.o
LOAD build/obj/testmsg.o
LOAD build/obj/testmbox.o
LOAD build/obj/testevt.o
LOAD build/obj/testheap.o
LOAD build/obj/testpools.o
LOAD build/obj/testdyn.o
LOAD build/obj/testqueues.o
LOAD build/obj/testbmk.o
LOAD build/obj/hal.o
LOAD build/obj/pal.o
LOAD build/obj/serial.o
LOAD build/obj/hal_lld.o
LOAD build/obj/system_SAM3.o
LOAD build/obj/pal_lld.o
LOAD build/obj/serial_lld.o
LOAD build/obj/atmel_adc.o
LOAD build/obj/pio.o
LOAD build/obj/pmc.o
LOAD build/obj/atmel_twi.o
LOAD build/obj/atmel_twid.o
LOAD build/obj/atmel_spi.o
LOAD build/obj/atmel_psram.o
LOAD build/obj/wdt.o
LOAD build/obj/board.o
LOAD build/obj/evtimer.o
LOAD build/obj/syscalls.o
LOAD build/obj/chprintf.o
LOAD build/obj/i2c.o
LOAD build/obj/main.o
START GROUP
LOAD /home/nixtropy/opt/gcc-arm-none-eabi-4_9-2015q3/bin/../lib/gcc/arm-none-eabi/4.9.3/armv7-m/libgcc.a
LOAD /home/nixtropy/opt/gcc-arm-none-eabi-4_9-2015q3/bin/../lib/gcc/arm-none-eabi/4.9.3/../../../../arm-none-eabi/lib/armv7-m/libc.a
END GROUP
                0x00000400                __main_stack_size__ = 0x400
                0x00000400                __process_stack_size__ = 0x400
                0x00000800                __stacks_total_size__ = (__main_stack_size__ + __process_stack_size__)
                0x20000000                __ram_start__ = ORIGIN (ram)
                0x00008000                __ram_size__ = 0x8000
                0x20008000                __ram_end__ = (__ram_start__ + __ram_size__)
                0x00000000                . = 0x0
                0x00000000                _text = .

startup         0x00400000       0xd0
 *(vectors)
 vectors        0x00400000       0xd0 build/obj/vectors.o
                0x00400000                _vectors

constructors    0x004000d0        0x0
                0x004000d0                PROVIDE (__init_array_start, .)
 *(SORT(.init_array.*))
 *(.init_array)
                0x004000d0                PROVIDE (__init_array_end, .)

destructors     0x004000d0        0x0
                0x004000d0                PROVIDE (__fini_array_start, .)
 *(.fini_array)
 *(SORT(.fini_array.*))
                0x004000d0                PROVIDE (__fini_array_end, .)

.text           0x004000d0     0x57b0
 *(.text.startup.*)
 .text.startup.main
                0x004000d0       0x38 build/obj/main.o
                0x004000d0                main
 *(.text)
 *fill*         0x00400108        0x8 
 .text          0x00400110      0xa54 /home/nixtropy/opt/gcc-arm-none-eabi-4_9-2015q3/bin/../lib/gcc/arm-none-eabi/4.9.3/armv7-m/libgcc.a(unwind-arm.o)
                0x004003f0                _Unwind_GetCFA
                0x004003f4                __gnu_Unwind_RaiseException
                0x00400454                __gnu_Unwind_ForcedUnwind
                0x00400468                __gnu_Unwind_Resume
                0x004004ac                __gnu_Unwind_Resume_or_Rethrow
                0x004004c0                _Unwind_Complete
                0x004004c4                _Unwind_DeleteException
                0x004004d0                _Unwind_VRS_Get
                0x00400520                _Unwind_VRS_Set
                0x00400570                __gnu_Unwind_Backtrace
                0x004008b4                __aeabi_unwind_cpp_pr0
                0x004008b8                __aeabi_unwind_cpp_pr1
                0x004008bc                __aeabi_unwind_cpp_pr2
                0x004008c0                _Unwind_VRS_Pop
 *fill*         0x00400b64        0xc 
 .text          0x00400b70      0x1ac /home/nixtropy/opt/gcc-arm-none-eabi-4_9-2015q3/bin/../lib/gcc/arm-none-eabi/4.9.3/armv7-m/libgcc.a(libunwind.o)
                0x00400b70                __restore_core_regs
                0x00400b70                restore_core_regs
                0x00400b88                __gnu_Unwind_Restore_VFP
                0x00400b90                __gnu_Unwind_Save_VFP
                0x00400b98                __gnu_Unwind_Restore_VFP_D
                0x00400ba0                __gnu_Unwind_Save_VFP_D
                0x00400ba8                __gnu_Unwind_Restore_VFP_D_16_to_31
                0x00400bb0                __gnu_Unwind_Save_VFP_D_16_to_31
                0x00400bb8                __gnu_Unwind_Restore_WMMXD
                0x00400bfc                __gnu_Unwind_Save_WMMXD
                0x00400c40                __gnu_Unwind_Restore_WMMXC
                0x00400c54                __gnu_Unwind_Save_WMMXC
                0x00400c68                ___Unwind_RaiseException
                0x00400c68                _Unwind_RaiseException
                0x00400c8c                ___Unwind_Resume
                0x00400c8c                _Unwind_Resume
                0x00400cb0                _Unwind_Resume_or_Rethrow
                0x00400cb0                ___Unwind_Resume_or_Rethrow
                0x00400cd4                ___Unwind_ForcedUnwind
                0x00400cd4                _Unwind_ForcedUnwind
                0x00400cf8                _Unwind_Backtrace
                0x00400cf8                ___Unwind_Backtrace
 *fill*         0x00400d1c        0x4 
 .text          0x00400d20      0x37c /home/nixtropy/opt/gcc-arm-none-eabi-4_9-2015q3/bin/../lib/gcc/arm-none-eabi/4.9.3/armv7-m/libgcc.a(pr-support.o)
                0x00400d78                __gnu_unwind_execute
                0x00401044                __gnu_unwind_frame
                0x0040106c                _Unwind_GetRegionStart
                0x00401078                _Unwind_GetLanguageSpecificData
                0x0040108c                _Unwind_GetDataRelBase
                0x00401094                _Unwind_GetTextRelBase
 *fill*         0x0040109c        0x4 
 .text          0x004010a0       0xec /home/nixtropy/opt/gcc-arm-none-eabi-4_9-2015q3/bin/../lib/gcc/arm-none-eabi/4.9.3/../../../../arm-none-eabi/lib/armv7-m/libc.a(lib_a-memcpy.o)
                0x004010a0                memcpy
 *fill*         0x0040118c        0x4 
 .text          0x00401190       0x30 /home/nixtropy/opt/gcc-arm-none-eabi-4_9-2015q3/bin/../lib/gcc/arm-none-eabi/4.9.3/armv7-m/libgcc.a(_aeabi_uldivmod.o)
                0x00401190                __aeabi_uldivmod
 .text          0x004011c0       0x60 /home/nixtropy/opt/gcc-arm-none-eabi-4_9-2015q3/bin/../lib/gcc/arm-none-eabi/4.9.3/armv7-m/libgcc.a(bpabi.o)
                0x004011c0                __gnu_ldivmod_helper
                0x004011f0                __gnu_uldivmod_helper
 .text          0x00401220        0x4 /home/nixtropy/opt/gcc-arm-none-eabi-4_9-2015q3/bin/../lib/gcc/arm-none-eabi/4.9.3/armv7-m/libgcc.a(_dvmd_tls.o)
                0x00401220                __aeabi_ldiv0
                0x00401220                __aeabi_idiv0
 *fill*         0x00401224        0xc 
 .text          0x00401230      0x2ac /home/nixtropy/opt/gcc-arm-none-eabi-4_9-2015q3/bin/../lib/gcc/arm-none-eabi/4.9.3/armv7-m/libgcc.a(_divdi3.o)
                0x00401230                __divdi3
 *fill*         0x004014dc        0x4 
 .text          0x004014e0      0x270 /home/nixtropy/opt/gcc-arm-none-eabi-4_9-2015q3/bin/../lib/gcc/arm-none-eabi/4.9.3/armv7-m/libgcc.a(_udivdi3.o)
                0x004014e0                __udivdi3
 *(.text.*)
 .text.__late_init
                0x00401750        0x4 build/obj/crt0.o
                0x00401750                __late_init
 *fill*         0x00401754        0xc 
 .text._default_exit
                0x00401760        0x4 build/obj/crt0.o
                0x00401760                _default_exit
 *fill*         0x00401764        0xc 
 .text.ResetHandler
                0x00401770      0x108 build/obj/crt0.o
                0x00401770                ResetHandler
 *fill*         0x00401878        0x8 
 .text._unhandled_exception
                0x00401880        0x4 build/obj/vectors.o
                0x00401880                Vector58
                0x00401880                Vector9C
                0x00401880                VectorAC
                0x00401880                Vector5C
                0x00401880                NMIVector
                0x00401880                Vector8C
                0x00401880                VectorC8
                0x00401880                Vector94
                0x00401880                VectorA8
                0x00401880                VectorB4
                0x00401880                Vector74
                0x00401880                UsageFaultVector
                0x00401880                DebugMonitorVector
                0x00401880                Vector40
                0x00401880                VectorBC
                0x00401880                PendSVVector
                0x00401880                VectorCC
                0x00401880                Vector54
                0x00401880                Vector98
                0x00401880                Vector24
                0x00401880                Vector84
                0x00401880                BusFaultVector
                0x00401880                VectorC0
                0x00401880                HardFaultVector
                0x00401880                MemManageVector
                0x00401880                Vector6C
                0x00401880                VectorA0
                0x00401880                VectorC4
                0x00401880                Vector7C
                0x00401880                VectorB0
                0x00401880                Vector90
                0x00401880                Vector1C
                0x00401880                Vector48
                0x00401880                Vector70
                0x00401880                Vector4C
                0x00401880                Vector80
                0x00401880                Vector68
                0x00401880                Vector78
                0x00401880                _unhandled_exception
                0x00401880                Vector88
                0x00401880                Vector50
                0x00401880                Vector44
                0x00401880                Vector28
                0x00401880                VectorB8
                0x00401880                Vector34
                0x00401880                VectorA4
                0x00401880                Vector20
 *fill*         0x00401884        0xc 
 .text._port_switch_from_isr
                0x00401890        0x8 build/obj/chcore_v7m.o
                0x00401890                _port_switch_from_isr
 *fill*         0x00401898        0x8 
 .text.SVCallVector
                0x004018a0       0x14 build/obj/chcore_v7m.o
                0x004018a0                SVCallVector
 *fill*         0x004018b4        0xc 
 .text._port_init
                0x004018c0       0x34 build/obj/chcore_v7m.o
                0x004018c0                _port_init
 *fill*         0x004018f4        0xc 
 .text._port_irq_epilogue
                0x00401900       0x74 build/obj/chcore_v7m.o
                0x00401900                _port_irq_epilogue
 *fill*         0x00401974        0xc 
 .text.SysTickVector
                0x00401980       0x1c build/obj/chcore_v7m.o
                0x00401980                SysTickVector
 *fill*         0x0040199c        0x4 
 .text._port_switch
                0x004019a0       0x10 build/obj/chcore_v7m.o
                0x004019a0                _port_switch
 .text._port_thread_start
                0x004019b0       0x10 build/obj/chcore_v7m.o
                0x004019b0                _port_thread_start
 .text.nvicSetSystemHandlerPriority
                0x004019c0       0x2c build/obj/nvic.o
                0x004019c0                nvicSetSystemHandlerPriority
 *fill*         0x004019ec        0x4 
 .text._idle_thread
                0x004019f0       0x14 build/obj/chsys.o
                0x004019f0                _idle_thread
 *fill*         0x00401a04        0xc 
 .text.chSysInit
                0x00401a10       0x5c build/obj/chsys.o
                0x00401a10                chSysInit
 *fill*         0x00401a6c        0x4 
 .text.chSysTimerHandlerI
                0x00401a70       0x50 build/obj/chsys.o
                0x00401a70                chSysTimerHandlerI
 .text._vt_init
                0x00401ac0       0x18 build/obj/chvt.o
                0x00401ac0                _vt_init
 *fill*         0x00401ad8        0x8 
 .text.chVTSetI
                0x00401ae0       0x3c build/obj/chvt.o
                0x00401ae0                chVTSetI
 *fill*         0x00401b1c        0x4 
 .text.chVTResetI
                0x00401b20       0x24 build/obj/chvt.o
                0x00401b20                chVTResetI
 *fill*         0x00401b44        0xc 
 .text.wakeup   0x00401b50       0x58 build/obj/chschd.o
 *fill*         0x00401ba8        0x8 
 .text._scheduler_init
                0x00401bb0       0x18 build/obj/chschd.o
                0x00401bb0                _scheduler_init
 *fill*         0x00401bc8        0x8 
 .text.chSchReadyI
                0x00401bd0       0x2c build/obj/chschd.o
                0x00401bd0                chSchReadyI
 *fill*         0x00401bfc        0x4 
 .text.chSchGoSleepS
                0x00401c00       0x28 build/obj/chschd.o
                0x00401c00                chSchGoSleepS
 *fill*         0x00401c28        0x8 
 .text.chSchGoSleepTimeoutS
                0x00401c30       0x44 build/obj/chschd.o
                0x00401c30                chSchGoSleepTimeoutS
 *fill*         0x00401c74        0xc 
 .text.chSchWakeupS
                0x00401c80       0x5c build/obj/chschd.o
                0x00401c80                chSchWakeupS
 *fill*         0x00401cdc        0x4 
 .text.chSchDoReschedule
                0x00401ce0       0x48 build/obj/chschd.o
                0x00401ce0                chSchDoReschedule
 *fill*         0x00401d28        0x8 
 .text._thread_init
                0x00401d30       0x44 build/obj/chthreads.o
                0x00401d30                _thread_init
 *fill*         0x00401d74        0xc 
 .text.chThdCreateStatic
                0x00401d80       0x80 build/obj/chthreads.o
                0x00401d80                chThdCreateStatic
 .text.chThdSleep
                0x00401e00       0x18 build/obj/chthreads.o
                0x00401e00                chThdSleep
 *fill*         0x00401e18        0x8 
 .text.chThdExitS
                0x00401e20       0x40 build/obj/chthreads.o
                0x00401e20                chThdExitS
 .text.chThdExit
                0x00401e60        0xc build/obj/chthreads.o
                0x00401e60                chThdExit
 *fill*         0x00401e6c        0x4 
 .text.chMtxInit
                0x00401e70        0xc build/obj/chmtx.o
                0x00401e70                chMtxInit
 *fill*         0x00401e7c        0x4 
 .text.chEvtSignalFlagsI
                0x00401e80       0x30 build/obj/chevents.o
                0x00401e80                chEvtSignalFlagsI
 .text.chEvtBroadcastFlagsI
                0x00401eb0       0x20 build/obj/chevents.o
                0x00401eb0                chEvtBroadcastFlagsI
 .text.qwait    0x00401ed0       0x2c build/obj/chqueues.o
 *fill*         0x00401efc        0x4 
 .text.chIQInit
                0x00401f00       0x1c build/obj/chqueues.o
                0x00401f00                chIQInit
 *fill*         0x00401f1c        0x4 
 .text.chIQPutI
                0x00401f20       0x4c build/obj/chqueues.o
                0x00401f20                chIQPutI
 *fill*         0x00401f6c        0x4 
 .text.chIQGetTimeout
                0x00401f70       0x50 build/obj/chqueues.o
                0x00401f70                chIQGetTimeout
 .text.chIQReadTimeout
                0x00401fc0       0x70 build/obj/chqueues.o
                0x00401fc0                chIQReadTimeout
 .text.chOQInit
                0x00402030       0x1c build/obj/chqueues.o
                0x00402030                chOQInit
 *fill*         0x0040204c        0x4 
 .text.chOQPutTimeout
                0x00402050       0x54 build/obj/chqueues.o
                0x00402050                chOQPutTimeout
 *fill*         0x004020a4        0xc 
 .text.chOQGetI
                0x004020b0       0x48 build/obj/chqueues.o
                0x004020b0                chOQGetI
 *fill*         0x004020f8        0x8 
 .text.chOQWriteTimeout
                0x00402100       0x80 build/obj/chqueues.o
                0x00402100                chOQWriteTimeout
 .text._core_init
                0x00402180       0x28 build/obj/chmemcore.o
                0x00402180                _core_init
 *fill*         0x004021a8        0x8 
 .text.chCoreAlloc
                0x004021b0       0x38 build/obj/chmemcore.o
                0x004021b0                chCoreAlloc
 *fill*         0x004021e8        0x8 
 .text._heap_init
                0x004021f0       0x1c build/obj/chheap.o
                0x004021f0                _heap_init
 *fill*         0x0040220c        0x4 
 .text.halInit  0x00402210       0x1c build/obj/hal.o
                0x00402210                halInit
 *fill*         0x0040222c        0x4 
 .text.putwouldblock
                0x00402230        0xc build/obj/serial.o
 *fill*         0x0040223c        0x4 
 .text.getwouldblock
                0x00402240        0xc build/obj/serial.o
 *fill*         0x0040224c        0x4 
 .text.getflags
                0x00402250       0x18 build/obj/serial.o
 *fill*         0x00402268        0x8 
 .text.readt    0x00402270        0x8 build/obj/serial.o
 *fill*         0x00402278        0x8 
 .text.reads    0x00402280        0xc build/obj/serial.o
 *fill*         0x0040228c        0x4 
 .text.writet   0x00402290        0x8 build/obj/serial.o
 *fill*         0x00402298        0x8 
 .text.writes   0x004022a0        0xc build/obj/serial.o
 *fill*         0x004022ac        0x4 
 .text.gett     0x004022b0        0x8 build/obj/serial.o
 *fill*         0x004022b8        0x8 
 .text.putt     0x004022c0        0x8 build/obj/serial.o
 *fill*         0x004022c8        0x8 
 .text.sdInit   0x004022d0        0x4 build/obj/serial.o
                0x004022d0                sdInit
 *fill*         0x004022d4        0xc 
 .text.sdObjectInit
                0x004022e0       0x40 build/obj/serial.o
                0x004022e0                sdObjectInit
 .text.sdIncomingDataI
                0x00402320       0x4c build/obj/serial.o
                0x00402320                sdIncomingDataI
 *fill*         0x0040236c        0x4 
 .text.hal_lld_init
                0x00402370       0x38 build/obj/hal_lld.o
                0x00402370                hal_lld_init
 *fill*         0x004023a8        0x8 
 .text.at91sam3_clock_init
                0x004023b0        0x4 build/obj/hal_lld.o
                0x004023b0                at91sam3_clock_init
 *fill*         0x004023b4        0xc 
 .text.SystemCoreClockUpdate
                0x004023c0       0xf4 build/obj/system_SAM3.o
                0x004023c0                SystemCoreClockUpdate
 *fill*         0x004024b4        0xc 
 .text.SystemInit
                0x004024c0       0x94 build/obj/system_SAM3.o
                0x004024c0                SystemInit
 *fill*         0x00402554        0xc 
 .text._pal_lld_init
                0x00402560       0xb8 build/obj/pal_lld.o
                0x00402560                _pal_lld_init
 *fill*         0x00402618        0x8 
 .text._pal_lld_setgroupmode
                0x00402620       0x34 build/obj/pal_lld.o
                0x00402620                _pal_lld_setgroupmode
 *fill*         0x00402654        0xc 
 .text.notify1  0x00402660        0xc build/obj/serial_lld.o
 *fill*         0x0040266c        0x4 
 .text.notify2  0x00402670        0xc build/obj/serial_lld.o
 *fill*         0x0040267c        0x4 
 .text.serve_interrupt
                0x00402680       0xa4 build/obj/serial_lld.o
 *fill*         0x00402724        0xc 
 .text.Vector60
                0x00402730       0x14 build/obj/serial_lld.o
                0x00402730                Vector60
 *fill*         0x00402744        0xc 
 .text.Vector64
                0x00402750       0x14 build/obj/serial_lld.o
                0x00402750                Vector64
 *fill*         0x00402764        0xc 
 .text.sd_lld_init
                0x00402770       0x58 build/obj/serial_lld.o
                0x00402770                sd_lld_init
 *fill*         0x004027c8        0x8 
 .text.PIO_Configure
                0x004027d0      0x154 build/obj/pio.o
                0x004027d0                PIO_Configure
 *fill*         0x00402924        0xc 
 .text.PMC_EnablePeripheral
                0x00402930       0x50 build/obj/pmc.o
                0x00402930                PMC_EnablePeripheral
 .text.unlikely.TWI_WriteByte.part.0
                0x00402980       0x1c build/obj/atmel_twi.o
 *fill*         0x0040299c        0x4 
 .text.TWI_ConfigureMaster
                0x004029a0       0x74 build/obj/atmel_twi.o
                0x004029a0                TWI_ConfigureMaster
 *fill*         0x00402a14        0xc 
 .text.TWI_WriteByte
                0x00402a20        0xc build/obj/atmel_twi.o
                0x00402a20                TWI_WriteByte
 *fill*         0x00402a2c        0x4 
 .text.TWI_StartWrite
                0x00402a30       0x78 build/obj/atmel_twi.o
                0x00402a30                TWI_StartWrite
 *fill*         0x00402aa8        0x8 
 .text.TWI_ByteSent
                0x00402ab0        0x8 build/obj/atmel_twi.o
                0x00402ab0                TWI_ByteSent
 *fill*         0x00402ab8        0x8 
 .text.TWI_TransferComplete
                0x00402ac0        0x8 build/obj/atmel_twi.o
                0x00402ac0                TWI_TransferComplete
 *fill*         0x00402ac8        0x8 
 .text.TWI_EnableIt
                0x00402ad0       0x40 build/obj/atmel_twi.o
                0x00402ad0                TWI_EnableIt
 .text.TWI_SendSTOPCondition
                0x00402b10       0x28 build/obj/atmel_twi.o
                0x00402b10                TWI_SendSTOPCondition
 *fill*         0x00402b38        0x8 
 .text.TWID_Initialize
                0x00402b40        0x8 build/obj/atmel_twid.o
                0x00402b40                TWID_Initialize
 *fill*         0x00402b48        0x8 
 .text.TWID_Write
                0x00402b50       0xe8 build/obj/atmel_twid.o
                0x00402b50                TWID_Write
 *fill*         0x00402c38        0x8 
 .text.__early_init
                0x00402c40       0x10 build/obj/board.o
                0x00402c40                __early_init
 .text.boardInit
                0x00402c50       0x20 build/obj/board.o
                0x00402c50                boardInit
 .text._read_r  0x00402c70        0xc build/obj/syscalls.o
                0x00402c70                _read_r
 *fill*         0x00402c7c        0x4 
 .text._lseek_r
                0x00402c80        0x4 build/obj/syscalls.o
                0x00402c80                _lseek_r
 *fill*         0x00402c84        0xc 
 .text._write_r
                0x00402c90        0x4 build/obj/syscalls.o
                0x00402c90                _write_r
 *fill*         0x00402c94        0xc 
 .text._close_r
                0x00402ca0        0x4 build/obj/syscalls.o
                0x00402ca0                _close_r
 *fill*         0x00402ca4        0xc 
 .text._sbrk_r  0x00402cb0       0x18 build/obj/syscalls.o
                0x00402cb0                _sbrk_r
 *fill*         0x00402cc8        0x8 
 .text._fstat_r
                0x00402cd0       0x18 build/obj/syscalls.o
                0x00402cd0                _fstat_r
 *fill*         0x00402ce8        0x8 
 .text._isatty_r
                0x00402cf0        0x4 build/obj/syscalls.o
                0x00402cf0                _isatty_r
 *fill*         0x00402cf4        0xc 
 .text._getpid  0x00402d00        0x4 build/obj/syscalls.o
                0x00402d00                _getpid
 *fill*         0x00402d04        0xc 
 .text._exit    0x00402d10        0x4 build/obj/syscalls.o
                0x00402d10                _exit
 *fill*         0x00402d14        0xc 
 .text._kill    0x00402d20        0x8 build/obj/syscalls.o
                0x00402d20                _kill
 *fill*         0x00402d28        0x8 
 .text._ZL7Thread1Pv
                0x00402d30       0x24 build/obj/main.o
 *fill*         0x00402d54        0xc 
 .text._Z7I2CInitv
                0x00402d60       0x60 build/obj/main.o
                0x00402d60                I2CInit()
 .text._Z13I2CWriteByteshhh
                0x00402dc0       0x34 build/obj/main.o
                0x00402dc0                I2CWriteBytes(unsigned char, unsigned char, unsigned char)
 *fill*         0x00402df4        0xc 
 .text.abort    0x00402e00       0x10 /home/nixtropy/opt/gcc-arm-none-eabi-4_9-2015q3/bin/../lib/gcc/arm-none-eabi/4.9.3/../../../../arm-none-eabi/lib/armv7-m/libc.a(lib_a-abort.o)
                0x00402e00                abort
 .text.__assert_func
                0x00402e10       0x3c /home/nixtropy/opt/gcc-arm-none-eabi-4_9-2015q3/bin/../lib/gcc/arm-none-eabi/4.9.3/../../../../arm-none-eabi/lib/armv7-m/libc.a(lib_a-assert.o)
                0x00402e10                __assert_func
 *fill*         0x00402e4c        0x4 
 .text.fiprintf
                0x00402e50       0x28 /home/nixtropy/opt/gcc-arm-none-eabi-4_9-2015q3/bin/../lib/gcc/arm-none-eabi/4.9.3/../../../../arm-none-eabi/lib/armv7-m/libc.a(lib_a-fiprintf.o)
                0x00402e50                fiprintf
 *fill*         0x00402e78        0x8 
 .text.memset   0x00402e80       0x9c /home/nixtropy/opt/gcc-arm-none-eabi-4_9-2015q3/bin/../lib/gcc/arm-none-eabi/4.9.3/../../../../arm-none-eabi/lib/armv7-m/libc.a(lib_a-memset.o)
                0x00402e80                memset
 *fill*         0x00402f1c        0x4 
 .text._raise_r
                0x00402f20       0x58 /home/nixtropy/opt/gcc-arm-none-eabi-4_9-2015q3/bin/../lib/gcc/arm-none-eabi/4.9.3/../../../../arm-none-eabi/lib/armv7-m/libc.a(lib_a-signal.o)
                0x00402f20                _raise_r
 *fill*         0x00402f78        0x8 
 .text.raise    0x00402f80       0x10 /home/nixtropy/opt/gcc-arm-none-eabi-4_9-2015q3/bin/../lib/gcc/arm-none-eabi/4.9.3/../../../../arm-none-eabi/lib/armv7-m/libc.a(lib_a-signal.o)
                0x00402f80                raise
 .text._kill_r  0x00402f90       0x28 /home/nixtropy/opt/gcc-arm-none-eabi-4_9-2015q3/bin/../lib/gcc/arm-none-eabi/4.9.3/../../../../arm-none-eabi/lib/armv7-m/libc.a(lib_a-signalr.o)
                0x00402f90                _kill_r
 *fill*         0x00402fb8        0x8 
 .text._getpid_r
                0x00402fc0        0x4 /home/nixtropy/opt/gcc-arm-none-eabi-4_9-2015q3/bin/../lib/gcc/arm-none-eabi/4.9.3/../../../../arm-none-eabi/lib/armv7-m/libc.a(lib_a-signalr.o)
                0x00402fc0                _getpid_r
 *fill*         0x00402fc4        0xc 
 .text.__sprint_r.part.0
                0x00402fd0       0x78 /home/nixtropy/opt/gcc-arm-none-eabi-4_9-2015q3/bin/../lib/gcc/arm-none-eabi/4.9.3/../../../../arm-none-eabi/lib/armv7-m/libc.a(lib_a-vfiprintf.o)
 *fill*         0x00403048        0x8 
 .text._vfiprintf_r
                0x00403050      0xc10 /home/nixtropy/opt/gcc-arm-none-eabi-4_9-2015q3/bin/../lib/gcc/arm-none-eabi/4.9.3/../../../../arm-none-eabi/lib/armv7-m/libc.a(lib_a-vfiprintf.o)
                0x00403050                _vfiprintf_r
 .text.__sbprintf
                0x00403c60       0x7c /home/nixtropy/opt/gcc-arm-none-eabi-4_9-2015q3/bin/../lib/gcc/arm-none-eabi/4.9.3/../../../../arm-none-eabi/lib/armv7-m/libc.a(lib_a-vfiprintf.o)
 *fill*         0x00403cdc        0x4 
 .text.__swsetup_r
                0x00403ce0       0xc4 /home/nixtropy/opt/gcc-arm-none-eabi-4_9-2015q3/bin/../lib/gcc/arm-none-eabi/4.9.3/../../../../arm-none-eabi/lib/armv7-m/libc.a(lib_a-wsetup.o)
                0x00403ce0                __swsetup_r
 *fill*         0x00403da4        0xc 
 .text.__sflush_r
                0x00403db0      0x148 /home/nixtropy/opt/gcc-arm-none-eabi-4_9-2015q3/bin/../lib/gcc/arm-none-eabi/4.9.3/../../../../arm-none-eabi/lib/armv7-m/libc.a(lib_a-fflush.o)
                0x00403db0                __sflush_r
 *fill*         0x00403ef8        0x8 
 .text._fflush_r
                0x00403f00       0x2c /home/nixtropy/opt/gcc-arm-none-eabi-4_9-2015q3/bin/../lib/gcc/arm-none-eabi/4.9.3/../../../../arm-none-eabi/lib/armv7-m/libc.a(lib_a-fflush.o)
                0x00403f00                _fflush_r
 *fill*         0x00403f2c        0x4 
 .text._cleanup_r
                0x00403f30        0xc /home/nixtropy/opt/gcc-arm-none-eabi-4_9-2015q3/bin/../lib/gcc/arm-none-eabi/4.9.3/../../../../arm-none-eabi/lib/armv7-m/libc.a(lib_a-findfp.o)
                0x00403f30                _cleanup_r
 *fill*         0x00403f3c        0x4 
 .text.__sinit.part.1
                0x00403f40       0xf0 /home/nixtropy/opt/gcc-arm-none-eabi-4_9-2015q3/bin/../lib/gcc/arm-none-eabi/4.9.3/../../../../arm-none-eabi/lib/armv7-m/libc.a(lib_a-findfp.o)
 .text.__sinit  0x00404030        0xc /home/nixtropy/opt/gcc-arm-none-eabi-4_9-2015q3/bin/../lib/gcc/arm-none-eabi/4.9.3/../../../../arm-none-eabi/lib/armv7-m/libc.a(lib_a-findfp.o)
                0x00404030                __sinit
 *fill*         0x0040403c        0x4 
 .text.__sfp_lock_acquire
                0x00404040        0x4 /home/nixtropy/opt/gcc-arm-none-eabi-4_9-2015q3/bin/../lib/gcc/arm-none-eabi/4.9.3/../../../../arm-none-eabi/lib/armv7-m/libc.a(lib_a-findfp.o)
                0x00404040                __sfp_lock_acquire
 *fill*         0x00404044        0xc 
 .text.__sfp_lock_release
                0x00404050        0x4 /home/nixtropy/opt/gcc-arm-none-eabi-4_9-2015q3/bin/../lib/gcc/arm-none-eabi/4.9.3/../../../../arm-none-eabi/lib/armv7-m/libc.a(lib_a-findfp.o)
                0x00404050                __sfp_lock_release
 *fill*         0x00404054        0xc 
 .text.__fputwc
                0x00404060       0xb0 /home/nixtropy/opt/gcc-arm-none-eabi-4_9-2015q3/bin/../lib/gcc/arm-none-eabi/4.9.3/../../../../arm-none-eabi/lib/armv7-m/libc.a(lib_a-fputwc.o)
                0x00404060                __fputwc
 .text._fputwc_r
                0x00404110       0x24 /home/nixtropy/opt/gcc-arm-none-eabi-4_9-2015q3/bin/../lib/gcc/arm-none-eabi/4.9.3/../../../../arm-none-eabi/lib/armv7-m/libc.a(lib_a-fputwc.o)
                0x00404110                _fputwc_r
 *fill*         0x00404134        0xc 
 .text._malloc_trim_r
                0x00404140       0x9c /home/nixtropy/opt/gcc-arm-none-eabi-4_9-2015q3/bin/../lib/gcc/arm-none-eabi/4.9.3/../../../../arm-none-eabi/lib/armv7-m/libc.a(lib_a-freer.o)
                0x00404140                _malloc_trim_r
 *fill*         0x004041dc        0x4 
 .text._free_r  0x004041e0      0x1b0 /home/nixtropy/opt/gcc-arm-none-eabi-4_9-2015q3/bin/../lib/gcc/arm-none-eabi/4.9.3/../../../../arm-none-eabi/lib/armv7-m/libc.a(lib_a-freer.o)
                0x004041e0                _free_r
 .text.__sfvwrite_r
                0x00404390      0x320 /home/nixtropy/opt/gcc-arm-none-eabi-4_9-2015q3/bin/../lib/gcc/arm-none-eabi/4.9.3/../../../../arm-none-eabi/lib/armv7-m/libc.a(lib_a-fvwrite.o)
                0x00404390                __sfvwrite_r
 .text._fwalk_reent
                0x004046b0       0x50 /home/nixtropy/opt/gcc-arm-none-eabi-4_9-2015q3/bin/../lib/gcc/arm-none-eabi/4.9.3/../../../../arm-none-eabi/lib/armv7-m/libc.a(lib_a-fwalk.o)
                0x004046b0                _fwalk_reent
 .text.__locale_charset
                0x00404700        0x8 /home/nixtropy/opt/gcc-arm-none-eabi-4_9-2015q3/bin/../lib/gcc/arm-none-eabi/4.9.3/../../../../arm-none-eabi/lib/armv7-m/libc.a(lib_a-locale.o)
                0x00404700                __locale_charset
 *fill*         0x00404708        0x8 
 .text.__locale_mb_cur_max
                0x00404710        0xc /home/nixtropy/opt/gcc-arm-none-eabi-4_9-2015q3/bin/../lib/gcc/arm-none-eabi/4.9.3/../../../../arm-none-eabi/lib/armv7-m/libc.a(lib_a-locale.o)
                0x00404710                __locale_mb_cur_max
 *fill*         0x0040471c        0x4 
 .text.__smakebuf_r
                0x00404720       0xe0 /home/nixtropy/opt/gcc-arm-none-eabi-4_9-2015q3/bin/../lib/gcc/arm-none-eabi/4.9.3/../../../../arm-none-eabi/lib/armv7-m/libc.a(lib_a-makebuf.o)
                0x00404720                __smakebuf_r
 .text._malloc_r
                0x00404800      0x50c /home/nixtropy/opt/gcc-arm-none-eabi-4_9-2015q3/bin/../lib/gcc/arm-none-eabi/4.9.3/../../../../arm-none-eabi/lib/armv7-m/libc.a(lib_a-mallocr.o)
                0x00404800                _malloc_r
 *fill*         0x00404d0c        0x4 
 .text.memchr   0x00404d10       0x94 /home/nixtropy/opt/gcc-arm-none-eabi-4_9-2015q3/bin/../lib/gcc/arm-none-eabi/4.9.3/../../../../arm-none-eabi/lib/armv7-m/libc.a(lib_a-memchr.o)
                0x00404d10                memchr
 *fill*         0x00404da4        0xc 
 .text.memmove  0x00404db0       0xc8 /home/nixtropy/opt/gcc-arm-none-eabi-4_9-2015q3/bin/../lib/gcc/arm-none-eabi/4.9.3/../../../../arm-none-eabi/lib/armv7-m/libc.a(lib_a-memmove.o)
                0x00404db0                memmove
 *fill*         0x00404e78        0x8 
 .text.__malloc_lock
                0x00404e80        0x4 /home/nixtropy/opt/gcc-arm-none-eabi-4_9-2015q3/bin/../lib/gcc/arm-none-eabi/4.9.3/../../../../arm-none-eabi/lib/armv7-m/libc.a(lib_a-mlock.o)
                0x00404e80                __malloc_lock
 *fill*         0x00404e84        0xc 
 .text.__malloc_unlock
                0x00404e90        0x4 /home/nixtropy/opt/gcc-arm-none-eabi-4_9-2015q3/bin/../lib/gcc/arm-none-eabi/4.9.3/../../../../arm-none-eabi/lib/armv7-m/libc.a(lib_a-mlock.o)
                0x00404e90                __malloc_unlock
 *fill*         0x00404e94        0xc 
 .text._realloc_r
                0x00404ea0      0x3e0 /home/nixtropy/opt/gcc-arm-none-eabi-4_9-2015q3/bin/../lib/gcc/arm-none-eabi/4.9.3/../../../../arm-none-eabi/lib/armv7-m/libc.a(lib_a-reallocr.o)
                0x00404ea0                _realloc_r
 .text.__sread  0x00405280       0x24 /home/nixtropy/opt/gcc-arm-none-eabi-4_9-2015q3/bin/../lib/gcc/arm-none-eabi/4.9.3/../../../../arm-none-eabi/lib/armv7-m/libc.a(lib_a-stdio.o)
                0x00405280                __sread
 *fill*         0x004052a4        0xc 
 .text.__swrite
                0x004052b0       0x38 /home/nixtropy/opt/gcc-arm-none-eabi-4_9-2015q3/bin/../lib/gcc/arm-none-eabi/4.9.3/../../../../arm-none-eabi/lib/armv7-m/libc.a(lib_a-stdio.o)
                0x004052b0                __swrite
 *fill*         0x004052e8        0x8 
 .text.__sseek  0x004052f0       0x20 /home/nixtropy/opt/gcc-arm-none-eabi-4_9-2015q3/bin/../lib/gcc/arm-none-eabi/4.9.3/../../../../arm-none-eabi/lib/armv7-m/libc.a(lib_a-stdio.o)
                0x004052f0                __sseek
 .text.__sclose
                0x00405310        0x8 /home/nixtropy/opt/gcc-arm-none-eabi-4_9-2015q3/bin/../lib/gcc/arm-none-eabi/4.9.3/../../../../arm-none-eabi/lib/armv7-m/libc.a(lib_a-stdio.o)
                0x00405310                __sclose
 *fill*         0x00405318        0x8 
 .text.strlen   0x00405320       0x5c /home/nixtropy/opt/gcc-arm-none-eabi-4_9-2015q3/bin/../lib/gcc/arm-none-eabi/4.9.3/../../../../arm-none-eabi/lib/armv7-m/libc.a(lib_a-strlen.o)
                0x00405320                strlen
 *fill*         0x0040537c        0x4 
 .text.__swbuf_r
                0x00405380       0xa8 /home/nixtropy/opt/gcc-arm-none-eabi-4_9-2015q3/bin/../lib/gcc/arm-none-eabi/4.9.3/../../../../arm-none-eabi/lib/armv7-m/libc.a(lib_a-wbuf.o)
                0x00405380                __swbuf_r
 *fill*         0x00405428        0x8 
 .text._wcrtomb_r
                0x00405430       0x54 /home/nixtropy/opt/gcc-arm-none-eabi-4_9-2015q3/bin/../lib/gcc/arm-none-eabi/4.9.3/../../../../arm-none-eabi/lib/armv7-m/libc.a(lib_a-wcrtomb.o)
                0x00405430                _wcrtomb_r
 *fill*         0x00405484        0xc 
 .text.__ascii_wctomb
                0x00405490       0x1c /home/nixtropy/opt/gcc-arm-none-eabi-4_9-2015q3/bin/../lib/gcc/arm-none-eabi/4.9.3/../../../../arm-none-eabi/lib/armv7-m/libc.a(lib_a-wctomb_r.o)
                0x00405490                __ascii_wctomb
 *fill*         0x004054ac        0x4 
 .text._fclose_r
                0x004054b0       0x84 /home/nixtropy/opt/gcc-arm-none-eabi-4_9-2015q3/bin/../lib/gcc/arm-none-eabi/4.9.3/../../../../arm-none-eabi/lib/armv7-m/libc.a(lib_a-fclose.o)
                0x004054b0                _fclose_r
 *(.rodata)
 *(.rodata.*)
 *fill*         0x00405534        0xc 
 .rodata.str1.4
                0x00405540        0xd build/obj/chsys.o
 *fill*         0x0040554d        0x3 
 .rodata.vmt    0x00405550       0x24 build/obj/serial.o
 *fill*         0x00405574        0xc 
 .rodata.__func__.4792
                0x00405580       0x15 build/obj/pmc.o
 *fill*         0x00405595        0xb 
 .rodata.str1.4
                0x004055a0       0x3e build/obj/pmc.o
 *fill*         0x004055de        0x2 
 .rodata.__func__.4883
                0x004055e0        0xf build/obj/atmel_twi.o
 *fill*         0x004055ef        0x1 
 .rodata.__func__.4915
                0x004055f0       0x16 build/obj/atmel_twi.o
 *fill*         0x00405606        0xa 
 .rodata.__func__.4840
                0x00405610       0x14 build/obj/atmel_twi.o
 *fill*         0x00405624        0xc 
 .rodata.__func__.4897
                0x00405630        0xd build/obj/atmel_twi.o
 *fill*         0x0040563d        0x3 
 .rodata.str1.4
                0x00405640       0xec build/obj/atmel_twi.o
 *fill*         0x0040572c        0x4 
 .rodata.__func__.4875
                0x00405730        0xe build/obj/atmel_twi.o
 *fill*         0x0040573e        0x2 
 .rodata.str1.4
                0x00405740       0x3a build/obj/atmel_twid.o
                                 0x7e (size before relaxing)
 *fill*         0x0040577a        0x6 
 .rodata.__func__.4917
                0x00405780        0xb build/obj/atmel_twid.o
 *fill*         0x0040578b        0x5 
 .rodata.pal_default_config
                0x00405790       0x24 build/obj/board.o
                0x00405790                pal_default_config
 *fill*         0x004057b4        0xc 
 .rodata._ZL4pins
                0x004057c0       0x18 build/obj/main.o
 *fill*         0x004057d8        0x8 
 .rodata.str1.4
                0x004057e0       0x3f /home/nixtropy/opt/gcc-arm-none-eabi-4_9-2015q3/bin/../lib/gcc/arm-none-eabi/4.9.3/../../../../arm-none-eabi/lib/armv7-m/libc.a(lib_a-assert.o)
                                 0x43 (size before relaxing)
 *fill*         0x0040581f        0x1 
 .rodata.str1.4
                0x00405820        0x2 /home/nixtropy/opt/gcc-arm-none-eabi-4_9-2015q3/bin/../lib/gcc/arm-none-eabi/4.9.3/../../../../arm-none-eabi/lib/armv7-m/libc.a(lib_a-impure.o)
 *fill*         0x00405822        0xe 
 .rodata.zeroes.6869
                0x00405830       0x10 /home/nixtropy/opt/gcc-arm-none-eabi-4_9-2015q3/bin/../lib/gcc/arm-none-eabi/4.9.3/../../../../arm-none-eabi/lib/armv7-m/libc.a(lib_a-vfiprintf.o)
 .rodata.str1.4
                0x00405840       0x30 /home/nixtropy/opt/gcc-arm-none-eabi-4_9-2015q3/bin/../lib/gcc/arm-none-eabi/4.9.3/../../../../arm-none-eabi/lib/armv7-m/libc.a(lib_a-vfiprintf.o)
                                 0x2f (size before relaxing)
 .rodata.blanks.6868
                0x00405870       0x10 /home/nixtropy/opt/gcc-arm-none-eabi-4_9-2015q3/bin/../lib/gcc/arm-none-eabi/4.9.3/../../../../arm-none-eabi/lib/armv7-m/libc.a(lib_a-vfiprintf.o)
 *(.glue_7t)
 .glue_7t       0x00000000        0x0 linker stubs
 *(.glue_7)
 .glue_7        0x00000000        0x0 linker stubs
 *(.gcc*)

.vfp11_veneer   0x00405880        0x0
 .vfp11_veneer  0x00000000        0x0 linker stubs

.v4_bx          0x00405880        0x0
 .v4_bx         0x00000000        0x0 linker stubs

.iplt           0x00405880        0x0
 .iplt          0x00000000        0x0 build/obj/crt0.o

.ARM.extab      0x00405880       0x18
 *(.ARM.extab* .gnu.linkonce.armextab.*)
 .ARM.extab     0x00405880       0x18 /home/nixtropy/opt/gcc-arm-none-eabi-4_9-2015q3/bin/../lib/gcc/arm-none-eabi/4.9.3/armv7-m/libgcc.a(pr-support.o)

.ARM.exidx      0x00405898       0xe0
                0x00405898                PROVIDE (__exidx_start, .)
 *(.ARM.exidx* .gnu.linkonce.armexidx.*)
 .ARM.exidx.text._ZL7Thread1Pv
                0x00405958        0x8 build/obj/main.o
 .ARM.exidx.text._Z7I2CInitv
                0x00405960        0x8 build/obj/main.o
 .ARM.exidx.text._Z13I2CWriteByteshhh
                0x00405968       0x10 build/obj/main.o
                                  0x8 (size before relaxing)
 .ARM.exidx.text.startup.main
                0x00405898        0x8 build/obj/main.o
 .ARM.exidx     0x004058a0       0x80 /home/nixtropy/opt/gcc-arm-none-eabi-4_9-2015q3/bin/../lib/gcc/arm-none-eabi/4.9.3/armv7-m/libgcc.a(unwind-arm.o)
                                 0xd8 (size before relaxing)
 .ARM.exidx     0x00405920       0x38 /home/nixtropy/opt/gcc-arm-none-eabi-4_9-2015q3/bin/../lib/gcc/arm-none-eabi/4.9.3/armv7-m/libgcc.a(pr-support.o)
                                 0x48 (size before relaxing)
 .ARM.exidx     0x00405958        0x0 /home/nixtropy/opt/gcc-arm-none-eabi-4_9-2015q3/bin/../lib/gcc/arm-none-eabi/4.9.3/armv7-m/libgcc.a(_divdi3.o)
                                  0x8 (size before relaxing)
 .ARM.exidx     0x00405958        0x0 /home/nixtropy/opt/gcc-arm-none-eabi-4_9-2015q3/bin/../lib/gcc/arm-none-eabi/4.9.3/armv7-m/libgcc.a(_udivdi3.o)
                                  0x8 (size before relaxing)
                0x00405978                PROVIDE (__exidx_end, .)

.rel.dyn        0x00405978        0x0
 .rel.iplt      0x00000000        0x0 build/obj/crt0.o

.eh_frame_hdr
 *(.eh_frame_hdr)

.eh_frame
 *(.eh_frame)

.textalign      0x00405978        0x0
                0x00405978                . = ALIGN (0x8)
                0x00405978                _etext = .
                0x00405978                _textdata = _etext

.stacks         0x20000000      0x800
                0x20000000                . = ALIGN (0x8)
                0x20000000                __main_stack_base__ = .
                0x20000400                . = (. + __main_stack_size__)
 *fill*         0x20000000      0x400 
                0x20000400                . = ALIGN (0x8)
                0x20000400                __main_stack_end__ = .
                0x20000400                __process_stack_base__ = .
                0x20000400                __main_thread_stack_base__ = .
                0x20000800                . = (. + __process_stack_size__)
 *fill*         0x20000400      0x400 
                0x20000800                . = ALIGN (0x8)
                0x20000800                __process_stack_end__ = .
                0x20000800                __main_thread_stack_end__ = .

.data           0x20000800      0x86c load address 0x00405978
                0x20000800                . = ALIGN (0x4)
                0x20000800                PROVIDE (_data, .)
 *(.data)
                0x20000800                . = ALIGN (0x4)
 *(.data.*)
 .data.SystemCoreClock
                0x20000800        0x4 build/obj/system_SAM3.o
                0x20000800                SystemCoreClock
 *fill*         0x20000804        0x4 
 .data.impure_data
                0x20000808      0x428 /home/nixtropy/opt/gcc-arm-none-eabi-4_9-2015q3/bin/../lib/gcc/arm-none-eabi/4.9.3/../../../../arm-none-eabi/lib/armv7-m/libc.a(lib_a-impure.o)
 .data._impure_ptr
                0x20000c30        0x4 /home/nixtropy/opt/gcc-arm-none-eabi-4_9-2015q3/bin/../lib/gcc/arm-none-eabi/4.9.3/../../../../arm-none-eabi/lib/armv7-m/libc.a(lib_a-impure.o)
                0x20000c30                _impure_ptr
 .data.lc_ctype_charset
                0x20000c34       0x20 /home/nixtropy/opt/gcc-arm-none-eabi-4_9-2015q3/bin/../lib/gcc/arm-none-eabi/4.9.3/../../../../arm-none-eabi/lib/armv7-m/libc.a(lib_a-locale.o)
 .data.__mb_cur_max
                0x20000c54        0x4 /home/nixtropy/opt/gcc-arm-none-eabi-4_9-2015q3/bin/../lib/gcc/arm-none-eabi/4.9.3/../../../../arm-none-eabi/lib/armv7-m/libc.a(lib_a-locale.o)
                0x20000c54                __mb_cur_max
 .data.__malloc_av_
                0x20000c58      0x408 /home/nixtropy/opt/gcc-arm-none-eabi-4_9-2015q3/bin/../lib/gcc/arm-none-eabi/4.9.3/../../../../arm-none-eabi/lib/armv7-m/libc.a(lib_a-mallocr.o)
                0x20000c58                __malloc_av_
 .data.__malloc_trim_threshold
                0x20001060        0x4 /home/nixtropy/opt/gcc-arm-none-eabi-4_9-2015q3/bin/../lib/gcc/arm-none-eabi/4.9.3/../../../../arm-none-eabi/lib/armv7-m/libc.a(lib_a-mallocr.o)
                0x20001060                __malloc_trim_threshold
 .data.__malloc_sbrk_base
                0x20001064        0x4 /home/nixtropy/opt/gcc-arm-none-eabi-4_9-2015q3/bin/../lib/gcc/arm-none-eabi/4.9.3/../../../../arm-none-eabi/lib/armv7-m/libc.a(lib_a-mallocr.o)
                0x20001064                __malloc_sbrk_base
 .data.__wctomb
                0x20001068        0x4 /home/nixtropy/opt/gcc-arm-none-eabi-4_9-2015q3/bin/../lib/gcc/arm-none-eabi/4.9.3/../../../../arm-none-eabi/lib/armv7-m/libc.a(lib_a-wctomb_r.o)
                0x20001068                __wctomb
                0x2000106c                . = ALIGN (0x4)
 *(.ramtext)
                0x2000106c                . = ALIGN (0x4)
                0x2000106c                PROVIDE (_edata, .)

.igot.plt       0x2000106c        0x0 load address 0x004061e4
 .igot.plt      0x00000000        0x0 build/obj/crt0.o

.bss            0x20001070      0x3b8 load address 0x004061e4
                0x20001070                . = ALIGN (0x4)
                0x20001070                PROVIDE (_bss_start, .)
 *(.bss)
                0x20001070                . = ALIGN (0x4)
 *(.bss.*)
 .bss.mainthread.4837
                0x20001070       0x48 build/obj/chsys.o
 .bss._idle_thread_wa
                0x200010b8       0xc0 build/obj/chsys.o
                0x200010b8                _idle_thread_wa
 .bss.vtlist    0x20001178       0x10 build/obj/chvt.o
                0x20001178                vtlist
 .bss.rlist     0x20001188       0x20 build/obj/chschd.o
                0x20001188                rlist
 .bss.endmem    0x200011a8        0x4 build/obj/chmemcore.o
 .bss.nextmem   0x200011ac        0x4 build/obj/chmemcore.o
 .bss.default_heap
                0x200011b0       0x20 build/obj/chheap.o
 .bss.SD1       0x200011d0       0x74 build/obj/serial_lld.o
                0x200011d0                SD1
 .bss.SD2       0x20001244       0x74 build/obj/serial_lld.o
                0x20001244                SD2
 .bss.twid_     0x200012b8        0x8 build/obj/main.o
                0x200012b8                twid_
 .bss._ZL9waThread1
                0x200012c0      0x130 build/obj/main.o
 .bss.__malloc_max_total_mem
                0x200013f0        0x4 /home/nixtropy/opt/gcc-arm-none-eabi-4_9-2015q3/bin/../lib/gcc/arm-none-eabi/4.9.3/../../../../arm-none-eabi/lib/armv7-m/libc.a(lib_a-mallocr.o)
                0x200013f0                __malloc_max_total_mem
 .bss.__malloc_max_sbrked_mem
                0x200013f4        0x4 /home/nixtropy/opt/gcc-arm-none-eabi-4_9-2015q3/bin/../lib/gcc/arm-none-eabi/4.9.3/../../../../arm-none-eabi/lib/armv7-m/libc.a(lib_a-mallocr.o)
                0x200013f4                __malloc_max_sbrked_mem
 .bss.__malloc_top_pad
                0x200013f8        0x4 /home/nixtropy/opt/gcc-arm-none-eabi-4_9-2015q3/bin/../lib/gcc/arm-none-eabi/4.9.3/../../../../arm-none-eabi/lib/armv7-m/libc.a(lib_a-mallocr.o)
                0x200013f8                __malloc_top_pad
 .bss.__malloc_current_mallinfo
                0x200013fc       0x28 /home/nixtropy/opt/gcc-arm-none-eabi-4_9-2015q3/bin/../lib/gcc/arm-none-eabi/4.9.3/../../../../arm-none-eabi/lib/armv7-m/libc.a(lib_a-mallocr.o)
                0x200013fc                __malloc_current_mallinfo
                0x20001424                . = ALIGN (0x4)
 *(COMMON)
 COMMON         0x20001424        0x4 /home/nixtropy/opt/gcc-arm-none-eabi-4_9-2015q3/bin/../lib/gcc/arm-none-eabi/4.9.3/../../../../arm-none-eabi/lib/armv7-m/libc.a(lib_a-reent.o)
                0x20001424                errno
                0x20001428                . = ALIGN (0x4)
                0x20001428                PROVIDE (_bss_end, .)
                0x20001428                PROVIDE (end, .)
                0x20001428                _end = .
                0x20001428                __heap_base__ = _end
                0x20008000                __heap_end__ = __ram_end__
OUTPUT(build/i2c.elf elf32-littlearm)

.debug_info     0x00000000     0xe01e
 .debug_info    0x00000000      0x2f2 build/obj/crt0.o
 .debug_info    0x000002f2       0xb3 build/obj/vectors.o
 .debug_info    0x000003a5      0x815 build/obj/chcore_v7m.o
 .debug_info    0x00000bba      0x3ff build/obj/nvic.o
 .debug_info    0x00000fb9      0x6bf build/obj/chsys.o
 .debug_info    0x00001678      0x262 build/obj/chvt.o
 .debug_info    0x000018da      0x8d3 build/obj/chschd.o
 .debug_info    0x000021ad      0xbe1 build/obj/chthreads.o
 .debug_info    0x00002d8e      0x9ec build/obj/chmtx.o
 .debug_info    0x0000377a      0xcc8 build/obj/chevents.o
 .debug_info    0x00004442      0xbb3 build/obj/chqueues.o
 .debug_info    0x00004ff5      0x218 build/obj/chmemcore.o
 .debug_info    0x0000520d      0x6db build/obj/chheap.o
 .debug_info    0x000058e8      0x188 build/obj/hal.o
 .debug_info    0x00005a70     0x10e9 build/obj/serial.o
 .debug_info    0x00006b59      0x177 build/obj/hal_lld.o
 .debug_info    0x00006cd0      0x42e build/obj/system_SAM3.o
 .debug_info    0x000070fe      0x88c build/obj/pal_lld.o
 .debug_info    0x0000798a     0x1594 build/obj/serial_lld.o
 .debug_info    0x00008f1e      0x9e9 build/obj/pio.o
 .debug_info    0x00009907      0x5a8 build/obj/pmc.o
 .debug_info    0x00009eaf      0xb97 build/obj/atmel_twi.o
 .debug_info    0x0000aa46      0xa20 build/obj/atmel_twid.o
 .debug_info    0x0000b466      0x6b3 build/obj/board.o
 .debug_info    0x0000bb19      0xc8d build/obj/syscalls.o
 .debug_info    0x0000c7a6     0x1878 build/obj/main.o

.debug_abbrev   0x00000000     0x3375
 .debug_abbrev  0x00000000      0x13a build/obj/crt0.o
 .debug_abbrev  0x0000013a       0x75 build/obj/vectors.o
 .debug_abbrev  0x000001af      0x23f build/obj/chcore_v7m.o
 .debug_abbrev  0x000003ee      0x10e build/obj/nvic.o
 .debug_abbrev  0x000004fc      0x211 build/obj/chsys.o
 .debug_abbrev  0x0000070d      0x133 build/obj/chvt.o
 .debug_abbrev  0x00000840      0x311 build/obj/chschd.o
 .debug_abbrev  0x00000b51      0x335 build/obj/chthreads.o
 .debug_abbrev  0x00000e86      0x303 build/obj/chmtx.o
 .debug_abbrev  0x00001189      0x2c2 build/obj/chevents.o
 .debug_abbrev  0x0000144b      0x335 build/obj/chqueues.o
 .debug_abbrev  0x00001780      0x15b build/obj/chmemcore.o
 .debug_abbrev  0x000018db      0x1e7 build/obj/chheap.o
 .debug_abbrev  0x00001ac2      0x10a build/obj/hal.o
 .debug_abbrev  0x00001bcc      0x2c0 build/obj/serial.o
 .debug_abbrev  0x00001e8c      0x114 build/obj/hal_lld.o
 .debug_abbrev  0x00001fa0       0xe3 build/obj/system_SAM3.o
 .debug_abbrev  0x00002083      0x11b build/obj/pal_lld.o
 .debug_abbrev  0x0000219e      0x3c2 build/obj/serial_lld.o
 .debug_abbrev  0x00002560      0x1f4 build/obj/pio.o
 .debug_abbrev  0x00002754      0x15e build/obj/pmc.o
 .debug_abbrev  0x000028b2      0x21a build/obj/atmel_twi.o
 .debug_abbrev  0x00002acc      0x22c build/obj/atmel_twid.o
 .debug_abbrev  0x00002cf8      0x15a build/obj/board.o
 .debug_abbrev  0x00002e52      0x23a build/obj/syscalls.o
 .debug_abbrev  0x0000308c      0x2e9 build/obj/main.o

.debug_loc      0x00000000     0x4004
 .debug_loc     0x00000000       0xba build/obj/crt0.o
 .debug_loc     0x000000ba       0x5a build/obj/chcore_v7m.o
 .debug_loc     0x00000114      0x158 build/obj/nvic.o
 .debug_loc     0x0000026c       0x31 build/obj/chsys.o
 .debug_loc     0x0000029d       0xd9 build/obj/chvt.o
 .debug_loc     0x00000376      0x2a4 build/obj/chschd.o
 .debug_loc     0x0000061a      0x423 build/obj/chthreads.o
 .debug_loc     0x00000a3d      0x41a build/obj/chmtx.o
 .debug_loc     0x00000e57      0x591 build/obj/chevents.o
 .debug_loc     0x000013e8      0x4f5 build/obj/chqueues.o
 .debug_loc     0x000018dd       0xb0 build/obj/chmemcore.o
 .debug_loc     0x0000198d      0x3a1 build/obj/chheap.o
 .debug_loc     0x00001d2e      0x4e0 build/obj/serial.o
 .debug_loc     0x0000220e       0x42 build/obj/pal_lld.o
 .debug_loc     0x00002250      0x299 build/obj/serial_lld.o
 .debug_loc     0x000024e9      0x39a build/obj/pio.o
 .debug_loc     0x00002883      0x269 build/obj/pmc.o
 .debug_loc     0x00002aec      0x83c build/obj/atmel_twi.o
 .debug_loc     0x00003328      0x8f6 build/obj/atmel_twid.o
 .debug_loc     0x00003c1e      0x1a4 build/obj/syscalls.o
 .debug_loc     0x00003dc2      0x242 build/obj/main.o

.debug_aranges  0x00000000      0x7c0
 .debug_aranges
                0x00000000       0x38 build/obj/crt0.o
 .debug_aranges
                0x00000038       0x20 build/obj/vectors.o
 .debug_aranges
                0x00000058       0x50 build/obj/chcore_v7m.o
 .debug_aranges
                0x000000a8       0x30 build/obj/nvic.o
 .debug_aranges
                0x000000d8       0x30 build/obj/chsys.o
 .debug_aranges
                0x00000108       0x38 build/obj/chvt.o
 .debug_aranges
                0x00000140       0x58 build/obj/chschd.o
 .debug_aranges
                0x00000198       0x78 build/obj/chthreads.o
 .debug_aranges
                0x00000210       0x58 build/obj/chmtx.o
 .debug_aranges
                0x00000268       0x90 build/obj/chevents.o
 .debug_aranges
                0x000002f8       0x70 build/obj/chqueues.o
 .debug_aranges
                0x00000368       0x38 build/obj/chmemcore.o
 .debug_aranges
                0x000003a0       0x40 build/obj/chheap.o
 .debug_aranges
                0x000003e0       0x20 build/obj/hal.o
 .debug_aranges
                0x00000400       0x90 build/obj/serial.o
 .debug_aranges
                0x00000490       0x28 build/obj/hal_lld.o
 .debug_aranges
                0x000004b8       0x28 build/obj/system_SAM3.o
 .debug_aranges
                0x000004e0       0x28 build/obj/pal_lld.o
 .debug_aranges
                0x00000508       0x58 build/obj/serial_lld.o
 .debug_aranges
                0x00000560       0x48 build/obj/pio.o
 .debug_aranges
                0x000005a8       0x60 build/obj/pmc.o
 .debug_aranges
                0x00000608       0x98 build/obj/atmel_twi.o
 .debug_aranges
                0x000006a0       0x38 build/obj/atmel_twid.o
 .debug_aranges
                0x000006d8       0x28 build/obj/board.o
 .debug_aranges
                0x00000700       0x68 build/obj/syscalls.o
 .debug_aranges
                0x00000768       0x58 build/obj/main.o

.debug_ranges   0x00000000      0xb18
 .debug_ranges  0x00000000       0x58 build/obj/crt0.o
 .debug_ranges  0x00000058       0x10 build/obj/vectors.o
 .debug_ranges  0x00000068       0x58 build/obj/chcore_v7m.o
 .debug_ranges  0x000000c0       0x20 build/obj/nvic.o
 .debug_ranges  0x000000e0       0x38 build/obj/chsys.o
 .debug_ranges  0x00000118       0x28 build/obj/chvt.o
 .debug_ranges  0x00000140      0x110 build/obj/chschd.o
 .debug_ranges  0x00000250      0x130 build/obj/chthreads.o
 .debug_ranges  0x00000380      0x1a0 build/obj/chmtx.o
 .debug_ranges  0x00000520       0xe0 build/obj/chevents.o
 .debug_ranges  0x00000600       0xc0 build/obj/chqueues.o
 .debug_ranges  0x000006c0       0x28 build/obj/chmemcore.o
 .debug_ranges  0x000006e8       0x30 build/obj/chheap.o
 .debug_ranges  0x00000718       0x10 build/obj/hal.o
 .debug_ranges  0x00000728       0xc8 build/obj/serial.o
 .debug_ranges  0x000007f0       0x18 build/obj/hal_lld.o
 .debug_ranges  0x00000808       0x18 build/obj/system_SAM3.o
 .debug_ranges  0x00000820       0x18 build/obj/pal_lld.o
 .debug_ranges  0x00000838       0x78 build/obj/serial_lld.o
 .debug_ranges  0x000008b0       0xb0 build/obj/pio.o
 .debug_ranges  0x00000960       0x50 build/obj/pmc.o
 .debug_ranges  0x000009b0       0x88 build/obj/atmel_twi.o
 .debug_ranges  0x00000a38       0x28 build/obj/atmel_twid.o
 .debug_ranges  0x00000a60       0x18 build/obj/board.o
 .debug_ranges  0x00000a78       0x58 build/obj/syscalls.o
 .debug_ranges  0x00000ad0       0x48 build/obj/main.o

.debug_line     0x00000000     0x4539
 .debug_line    0x00000000      0x17a build/obj/crt0.o
 .debug_line    0x0000017a       0x72 build/obj/vectors.o
 .debug_line    0x000001ec      0x25f build/obj/chcore_v7m.o
 .debug_line    0x0000044b      0x15b build/obj/nvic.o
 .debug_line    0x000005a6      0x27b build/obj/chsys.o
 .debug_line    0x00000821      0x1d5 build/obj/chvt.o
 .debug_line    0x000009f6      0x33f build/obj/chschd.o
 .debug_line    0x00000d35      0x41a build/obj/chthreads.o
 .debug_line    0x0000114f      0x3a3 build/obj/chmtx.o
 .debug_line    0x000014f2      0x346 build/obj/chevents.o
 .debug_line    0x00001838      0x3d6 build/obj/chqueues.o
 .debug_line    0x00001c0e      0x1c3 build/obj/chmemcore.o
 .debug_line    0x00001dd1      0x2f5 build/obj/chheap.o
 .debug_line    0x000020c6      0x1c1 build/obj/hal.o
 .debug_line    0x00002287      0x454 build/obj/serial.o
 .debug_line    0x000026db      0x18b build/obj/hal_lld.o
 .debug_line    0x00002866      0x1fa build/obj/system_SAM3.o
 .debug_line    0x00002a60      0x239 build/obj/pal_lld.o
 .debug_line    0x00002c99      0x493 build/obj/serial_lld.o
 .debug_line    0x0000312c      0x257 build/obj/pio.o
 .debug_line    0x00003383      0x31d build/obj/pmc.o
 .debug_line    0x000036a0      0x358 build/obj/atmel_twi.o
 .debug_line    0x000039f8      0x2ee build/obj/atmel_twid.o
 .debug_line    0x00003ce6      0x209 build/obj/board.o
 .debug_line    0x00003eef      0x217 build/obj/syscalls.o
 .debug_line    0x00004106      0x433 build/obj/main.o

.debug_str      0x00000000     0x25b8
 .debug_str     0x00000000      0x2db build/obj/crt0.o
                                0x32b (size before relaxing)
 .debug_str     0x000002db       0x58 build/obj/vectors.o
                                0x20b (size before relaxing)
 .debug_str     0x00000333      0x2e2 build/obj/chcore_v7m.o
                                0x4dc (size before relaxing)
 .debug_str     0x00000615       0xaa build/obj/nvic.o
                                0x2f6 (size before relaxing)
 .debug_str     0x000006bf      0x11b build/obj/chsys.o
                                0x4c7 (size before relaxing)
 .debug_str     0x000007da       0x58 build/obj/chvt.o
                                0x2a5 (size before relaxing)
 .debug_str     0x00000832       0xb2 build/obj/chschd.o
                                0x4b4 (size before relaxing)
 .debug_str     0x000008e4       0xdf build/obj/chthreads.o
                                0x54e (size before relaxing)
 .debug_str     0x000009c3       0x96 build/obj/chmtx.o
                                0x46e (size before relaxing)
 .debug_str     0x00000a59      0x185 build/obj/chevents.o
                                0x54c (size before relaxing)
 .debug_str     0x00000bde      0x12b build/obj/chqueues.o
                                0x4ed (size before relaxing)
 .debug_str     0x00000d09       0x7c build/obj/chmemcore.o
                                0x26c (size before relaxing)
 .debug_str     0x00000d85       0xbf build/obj/chheap.o
                                0x44d (size before relaxing)
 .debug_str     0x00000e44       0xb5 build/obj/hal.o
                                0x27c (size before relaxing)
 .debug_str     0x00000ef9      0x26a build/obj/serial.o
                                0x738 (size before relaxing)
 .debug_str     0x00001163       0x99 build/obj/hal_lld.o
                                0x297 (size before relaxing)
 .debug_str     0x000011fc      0x1e2 build/obj/system_SAM3.o
                                0x3fe (size before relaxing)
 .debug_str     0x000013de      0x2f8 build/obj/pal_lld.o
                                0x678 (size before relaxing)
 .debug_str     0x000016d6      0x250 build/obj/serial_lld.o
                                0xc80 (size before relaxing)
 .debug_str     0x00001926      0x14e build/obj/pio.o
                                0x613 (size before relaxing)
 .debug_str     0x00001a74      0x136 build/obj/pmc.o
                                0x473 (size before relaxing)
 .debug_str     0x00001baa      0x22c build/obj/atmel_twi.o
                                0x44a (size before relaxing)
 .debug_str     0x00001dd6       0xca build/obj/atmel_twid.o
                                0x486 (size before relaxing)
 .debug_str     0x00001ea0       0x27 build/obj/board.o
                                0x5a4 (size before relaxing)
 .debug_str     0x00001ec7      0x4db build/obj/syscalls.o
                                0x702 (size before relaxing)
 .debug_str     0x000023a2      0x216 build/obj/main.o
                                0xc0e (size before relaxing)

.comment        0x00000000       0x70
 .comment       0x00000000       0x70 build/obj/crt0.o
                                 0x71 (size before relaxing)
 .comment       0x00000000       0x71 build/obj/vectors.o
 .comment       0x00000000       0x71 build/obj/chcore_v7m.o
 .comment       0x00000000       0x71 build/obj/nvic.o
 .comment       0x00000000       0x71 build/obj/chsys.o
 .comment       0x00000000       0x71 build/obj/chvt.o
 .comment       0x00000000       0x71 build/obj/chschd.o
 .comment       0x00000000       0x71 build/obj/chthreads.o
 .comment       0x00000000       0x71 build/obj/chmtx.o
 .comment       0x00000000       0x71 build/obj/chevents.o
 .comment       0x00000000       0x71 build/obj/chqueues.o
 .comment       0x00000000       0x71 build/obj/chmemcore.o
 .comment       0x00000000       0x71 build/obj/chheap.o
 .comment       0x00000000       0x71 build/obj/hal.o
 .comment       0x00000000       0x71 build/obj/serial.o
 .comment       0x00000000       0x71 build/obj/hal_lld.o
 .comment       0x00000000       0x71 build/obj/system_SAM3.o
 .comment       0x00000000       0x71 build/obj/pal_lld.o
 .comment       0x00000000       0x71 build/obj/serial_lld.o
 .comment       0x00000000       0x71 build/obj/pio.o
 .comment       0x00000000       0x71 build/obj/pmc.o
 .comment       0x00000000       0x71 build/obj/atmel_twi.o
 .comment       0x00000000       0x71 build/obj/atmel_twid.o
 .comment       0x00000000       0x71 build/obj/board.o
 .comment       0x00000000       0x71 build/obj/syscalls.o
 .comment       0x00000000       0x71 build/obj/main.o

.ARM.attributes
                0x00000000       0x31
 .ARM.attributes
                0x00000000       0x33 build/obj/crt0.o
 .ARM.attributes
                0x00000033       0x33 build/obj/vectors.o
 .ARM.attributes
                0x00000066       0x33 build/obj/chcore_v7m.o
 .ARM.attributes
                0x00000099       0x33 build/obj/nvic.o
 .ARM.attributes
                0x000000cc       0x33 build/obj/chsys.o
 .ARM.attributes
                0x000000ff       0x33 build/obj/chvt.o
 .ARM.attributes
                0x00000132       0x33 build/obj/chschd.o
 .ARM.attributes
                0x00000165       0x33 build/obj/chthreads.o
 .ARM.attributes
                0x00000198       0x33 build/obj/chmtx.o
 .ARM.attributes
                0x000001cb       0x33 build/obj/chevents.o
 .ARM.attributes
                0x000001fe       0x33 build/obj/chqueues.o
 .ARM.attributes
                0x00000231       0x33 build/obj/chmemcore.o
 .ARM.attributes
                0x00000264       0x33 build/obj/chheap.o
 .ARM.attributes
                0x00000297       0x33 build/obj/hal.o
 .ARM.attributes
                0x000002ca       0x33 build/obj/serial.o
 .ARM.attributes
                0x000002fd       0x33 build/obj/hal_lld.o
 .ARM.attributes
                0x00000330       0x33 build/obj/system_SAM3.o
 .ARM.attributes
                0x00000363       0x33 build/obj/pal_lld.o
 .ARM.attributes
                0x00000396       0x33 build/obj/serial_lld.o
 .ARM.attributes
                0x000003c9       0x33 build/obj/pio.o
 .ARM.attributes
                0x000003fc       0x33 build/obj/pmc.o
 .ARM.attributes
                0x0000042f       0x33 build/obj/atmel_twi.o
 .ARM.attributes
                0x00000462       0x33 build/obj/atmel_twid.o
 .ARM.attributes
                0x00000495       0x33 build/obj/board.o
 .ARM.attributes
                0x000004c8       0x33 build/obj/syscalls.o
 .ARM.attributes
                0x000004fb       0x33 build/obj/main.o
 .ARM.attributes
                0x0000052e       0x2d /home/nixtropy/opt/gcc-arm-none-eabi-4_9-2015q3/bin/../lib/gcc/arm-none-eabi/4.9.3/../../../../arm-none-eabi/lib/armv7-m/libc.a(lib_a-abort.o)
 .ARM.attributes
                0x0000055b       0x2d /home/nixtropy/opt/gcc-arm-none-eabi-4_9-2015q3/bin/../lib/gcc/arm-none-eabi/4.9.3/../../../../arm-none-eabi/lib/armv7-m/libc.a(lib_a-assert.o)
 .ARM.attributes
                0x00000588       0x2d /home/nixtropy/opt/gcc-arm-none-eabi-4_9-2015q3/bin/../lib/gcc/arm-none-eabi/4.9.3/../../../../arm-none-eabi/lib/armv7-m/libc.a(lib_a-fiprintf.o)
 .ARM.attributes
                0x000005b5       0x2d /home/nixtropy/opt/gcc-arm-none-eabi-4_9-2015q3/bin/../lib/gcc/arm-none-eabi/4.9.3/../../../../arm-none-eabi/lib/armv7-m/libc.a(lib_a-impure.o)
 .ARM.attributes
                0x000005e2       0x1b /home/nixtropy/opt/gcc-arm-none-eabi-4_9-2015q3/bin/../lib/gcc/arm-none-eabi/4.9.3/../../../../arm-none-eabi/lib/armv7-m/libc.a(lib_a-memcpy.o)
 .ARM.attributes
                0x000005fd       0x2d /home/nixtropy/opt/gcc-arm-none-eabi-4_9-2015q3/bin/../lib/gcc/arm-none-eabi/4.9.3/../../../../arm-none-eabi/lib/armv7-m/libc.a(lib_a-memset.o)
 .ARM.attributes
                0x0000062a       0x2d /home/nixtropy/opt/gcc-arm-none-eabi-4_9-2015q3/bin/../lib/gcc/arm-none-eabi/4.9.3/../../../../arm-none-eabi/lib/armv7-m/libc.a(lib_a-signal.o)
 .ARM.attributes
                0x00000657       0x2d /home/nixtropy/opt/gcc-arm-none-eabi-4_9-2015q3/bin/../lib/gcc/arm-none-eabi/4.9.3/../../../../arm-none-eabi/lib/armv7-m/libc.a(lib_a-signalr.o)
 .ARM.attributes
                0x00000684       0x2d /home/nixtropy/opt/gcc-arm-none-eabi-4_9-2015q3/bin/../lib/gcc/arm-none-eabi/4.9.3/../../../../arm-none-eabi/lib/armv7-m/libc.a(lib_a-vfiprintf.o)
 .ARM.attributes
                0x000006b1       0x2d /home/nixtropy/opt/gcc-arm-none-eabi-4_9-2015q3/bin/../lib/gcc/arm-none-eabi/4.9.3/../../../../arm-none-eabi/lib/armv7-m/libc.a(lib_a-wsetup.o)
 .ARM.attributes
                0x000006de       0x2d /home/nixtropy/opt/gcc-arm-none-eabi-4_9-2015q3/bin/../lib/gcc/arm-none-eabi/4.9.3/../../../../arm-none-eabi/lib/armv7-m/libc.a(lib_a-fflush.o)
 .ARM.attributes
                0x0000070b       0x2d /home/nixtropy/opt/gcc-arm-none-eabi-4_9-2015q3/bin/../lib/gcc/arm-none-eabi/4.9.3/../../../../arm-none-eabi/lib/armv7-m/libc.a(lib_a-findfp.o)
 .ARM.attributes
                0x00000738       0x2d /home/nixtropy/opt/gcc-arm-none-eabi-4_9-2015q3/bin/../lib/gcc/arm-none-eabi/4.9.3/../../../../arm-none-eabi/lib/armv7-m/libc.a(lib_a-fputwc.o)
 .ARM.attributes
                0x00000765       0x2d /home/nixtropy/opt/gcc-arm-none-eabi-4_9-2015q3/bin/../lib/gcc/arm-none-eabi/4.9.3/../../../../arm-none-eabi/lib/armv7-m/libc.a(lib_a-freer.o)
 .ARM.attributes
                0x00000792       0x2d /home/nixtropy/opt/gcc-arm-none-eabi-4_9-2015q3/bin/../lib/gcc/arm-none-eabi/4.9.3/../../../../arm-none-eabi/lib/armv7-m/libc.a(lib_a-fvwrite.o)
 .ARM.attributes
                0x000007bf       0x2d /home/nixtropy/opt/gcc-arm-none-eabi-4_9-2015q3/bin/../lib/gcc/arm-none-eabi/4.9.3/../../../../arm-none-eabi/lib/armv7-m/libc.a(lib_a-fwalk.o)
 .ARM.attributes
                0x000007ec       0x2d /home/nixtropy/opt/gcc-arm-none-eabi-4_9-2015q3/bin/../lib/gcc/arm-none-eabi/4.9.3/../../../../arm-none-eabi/lib/armv7-m/libc.a(lib_a-locale.o)
 .ARM.attributes
                0x00000819       0x2d /home/nixtropy/opt/gcc-arm-none-eabi-4_9-2015q3/bin/../lib/gcc/arm-none-eabi/4.9.3/../../../../arm-none-eabi/lib/armv7-m/libc.a(lib_a-makebuf.o)
 .ARM.attributes
                0x00000846       0x2d /home/nixtropy/opt/gcc-arm-none-eabi-4_9-2015q3/bin/../lib/gcc/arm-none-eabi/4.9.3/../../../../arm-none-eabi/lib/armv7-m/libc.a(lib_a-mallocr.o)
 .ARM.attributes
                0x00000873       0x2d /home/nixtropy/opt/gcc-arm-none-eabi-4_9-2015q3/bin/../lib/gcc/arm-none-eabi/4.9.3/../../../../arm-none-eabi/lib/armv7-m/libc.a(lib_a-memchr.o)
 .ARM.attributes
                0x000008a0       0x2d /home/nixtropy/opt/gcc-arm-none-eabi-4_9-2015q3/bin/../lib/gcc/arm-none-eabi/4.9.3/../../../../arm-none-eabi/lib/armv7-m/libc.a(lib_a-memmove.o)
 .ARM.attributes
                0x000008cd       0x2d /home/nixtropy/opt/gcc-arm-none-eabi-4_9-2015q3/bin/../lib/gcc/arm-none-eabi/4.9.3/../../../../arm-none-eabi/lib/armv7-m/libc.a(lib_a-mlock.o)
 .ARM.attributes
                0x000008fa       0x2d /home/nixtropy/opt/gcc-arm-none-eabi-4_9-2015q3/bin/../lib/gcc/arm-none-eabi/4.9.3/../../../../arm-none-eabi/lib/armv7-m/libc.a(lib_a-reallocr.o)
 .ARM.attributes
                0x00000927       0x2d /home/nixtropy/opt/gcc-arm-none-eabi-4_9-2015q3/bin/../lib/gcc/arm-none-eabi/4.9.3/../../../../arm-none-eabi/lib/armv7-m/libc.a(lib_a-reent.o)
 .ARM.attributes
                0x00000954       0x2d /home/nixtropy/opt/gcc-arm-none-eabi-4_9-2015q3/bin/../lib/gcc/arm-none-eabi/4.9.3/../../../../arm-none-eabi/lib/armv7-m/libc.a(lib_a-stdio.o)
 .ARM.attributes
                0x00000981       0x2d /home/nixtropy/opt/gcc-arm-none-eabi-4_9-2015q3/bin/../lib/gcc/arm-none-eabi/4.9.3/../../../../arm-none-eabi/lib/armv7-m/libc.a(lib_a-strlen.o)
 .ARM.attributes
                0x000009ae       0x2d /home/nixtropy/opt/gcc-arm-none-eabi-4_9-2015q3/bin/../lib/gcc/arm-none-eabi/4.9.3/../../../../arm-none-eabi/lib/armv7-m/libc.a(lib_a-wbuf.o)
 .ARM.attributes
                0x000009db       0x2d /home/nixtropy/opt/gcc-arm-none-eabi-4_9-2015q3/bin/../lib/gcc/arm-none-eabi/4.9.3/../../../../arm-none-eabi/lib/armv7-m/libc.a(lib_a-wcrtomb.o)
 .ARM.attributes
                0x00000a08       0x2d /home/nixtropy/opt/gcc-arm-none-eabi-4_9-2015q3/bin/../lib/gcc/arm-none-eabi/4.9.3/../../../../arm-none-eabi/lib/armv7-m/libc.a(lib_a-wctomb_r.o)
 .ARM.attributes
                0x00000a35       0x2d /home/nixtropy/opt/gcc-arm-none-eabi-4_9-2015q3/bin/../lib/gcc/arm-none-eabi/4.9.3/../../../../arm-none-eabi/lib/armv7-m/libc.a(lib_a-fclose.o)
 .ARM.attributes
                0x00000a62       0x1d /home/nixtropy/opt/gcc-arm-none-eabi-4_9-2015q3/bin/../lib/gcc/arm-none-eabi/4.9.3/armv7-m/libgcc.a(_aeabi_uldivmod.o)
 .ARM.attributes
                0x00000a7f       0x2d /home/nixtropy/opt/gcc-arm-none-eabi-4_9-2015q3/bin/../lib/gcc/arm-none-eabi/4.9.3/armv7-m/libgcc.a(bpabi.o)
 .ARM.attributes
                0x00000aac       0x1d /home/nixtropy/opt/gcc-arm-none-eabi-4_9-2015q3/bin/../lib/gcc/arm-none-eabi/4.9.3/armv7-m/libgcc.a(_dvmd_tls.o)
 .ARM.attributes
                0x00000ac9       0x2d /home/nixtropy/opt/gcc-arm-none-eabi-4_9-2015q3/bin/../lib/gcc/arm-none-eabi/4.9.3/armv7-m/libgcc.a(_divdi3.o)
 .ARM.attributes
                0x00000af6       0x2d /home/nixtropy/opt/gcc-arm-none-eabi-4_9-2015q3/bin/../lib/gcc/arm-none-eabi/4.9.3/armv7-m/libgcc.a(_udivdi3.o)

.debug_frame    0x00000000     0x1fb4
 .debug_frame   0x00000000       0x50 build/obj/crt0.o
 .debug_frame   0x00000050       0x20 build/obj/vectors.o
 .debug_frame   0x00000070       0xa0 build/obj/chcore_v7m.o
 .debug_frame   0x00000110       0x74 build/obj/nvic.o
 .debug_frame   0x00000184       0x5c build/obj/chsys.o
 .debug_frame   0x000001e0       0x5c build/obj/chvt.o
 .debug_frame   0x0000023c      0x128 build/obj/chschd.o
 .debug_frame   0x00000364      0x18c build/obj/chthreads.o
 .debug_frame   0x000004f0       0xf4 build/obj/chmtx.o
 .debug_frame   0x000005e4      0x1c4 build/obj/chevents.o
 .debug_frame   0x000007a8      0x188 build/obj/chqueues.o
 .debug_frame   0x00000930       0x68 build/obj/chmemcore.o
 .debug_frame   0x00000998       0xb4 build/obj/chheap.o
 .debug_frame   0x00000a4c       0x30 build/obj/hal.o
 .debug_frame   0x00000a7c      0x160 build/obj/serial.o
 .debug_frame   0x00000bdc       0x3c build/obj/hal_lld.o
 .debug_frame   0x00000c18       0x58 build/obj/system_SAM3.o
 .debug_frame   0x00000c70       0x48 build/obj/pal_lld.o
 .debug_frame   0x00000cb8      0x108 build/obj/serial_lld.o
 .debug_frame   0x00000dc0       0x80 build/obj/pio.o
 .debug_frame   0x00000e40      0x108 build/obj/pmc.o
 .debug_frame   0x00000f48      0x1b8 build/obj/atmel_twi.o
 .debug_frame   0x00001100       0xdc build/obj/atmel_twid.o
 .debug_frame   0x000011dc       0x3c build/obj/board.o
 .debug_frame   0x00001218       0xc8 build/obj/syscalls.o
 .debug_frame   0x000012e0      0x124 build/obj/main.o
 .debug_frame   0x00001404       0x28 /home/nixtropy/opt/gcc-arm-none-eabi-4_9-2015q3/bin/../lib/gcc/arm-none-eabi/4.9.3/../../../../arm-none-eabi/lib/armv7-m/libc.a(lib_a-abort.o)
 .debug_frame   0x0000142c       0x40 /home/nixtropy/opt/gcc-arm-none-eabi-4_9-2015q3/bin/../lib/gcc/arm-none-eabi/4.9.3/../../../../arm-none-eabi/lib/armv7-m/libc.a(lib_a-assert.o)
 .debug_frame   0x0000146c       0x74 /home/nixtropy/opt/gcc-arm-none-eabi-4_9-2015q3/bin/../lib/gcc/arm-none-eabi/4.9.3/../../../../arm-none-eabi/lib/armv7-m/libc.a(lib_a-fiprintf.o)
 .debug_frame   0x000014e0       0x34 /home/nixtropy/opt/gcc-arm-none-eabi-4_9-2015q3/bin/../lib/gcc/arm-none-eabi/4.9.3/../../../../arm-none-eabi/lib/armv7-m/libc.a(lib_a-memset.o)
 .debug_frame   0x00001514       0xe4 /home/nixtropy/opt/gcc-arm-none-eabi-4_9-2015q3/bin/../lib/gcc/arm-none-eabi/4.9.3/../../../../arm-none-eabi/lib/armv7-m/libc.a(lib_a-signal.o)
 .debug_frame   0x000015f8       0x3c /home/nixtropy/opt/gcc-arm-none-eabi-4_9-2015q3/bin/../lib/gcc/arm-none-eabi/4.9.3/../../../../arm-none-eabi/lib/armv7-m/libc.a(lib_a-signalr.o)
 .debug_frame   0x00001634       0xd8 /home/nixtropy/opt/gcc-arm-none-eabi-4_9-2015q3/bin/../lib/gcc/arm-none-eabi/4.9.3/../../../../arm-none-eabi/lib/armv7-m/libc.a(lib_a-vfiprintf.o)
 .debug_frame   0x0000170c       0x2c /home/nixtropy/opt/gcc-arm-none-eabi-4_9-2015q3/bin/../lib/gcc/arm-none-eabi/4.9.3/../../../../arm-none-eabi/lib/armv7-m/libc.a(lib_a-wsetup.o)
 .debug_frame   0x00001738       0x6c /home/nixtropy/opt/gcc-arm-none-eabi-4_9-2015q3/bin/../lib/gcc/arm-none-eabi/4.9.3/../../../../arm-none-eabi/lib/armv7-m/libc.a(lib_a-fflush.o)
 .debug_frame   0x000017a4      0x124 /home/nixtropy/opt/gcc-arm-none-eabi-4_9-2015q3/bin/../lib/gcc/arm-none-eabi/4.9.3/../../../../arm-none-eabi/lib/armv7-m/libc.a(lib_a-findfp.o)
 .debug_frame   0x000018c8       0x84 /home/nixtropy/opt/gcc-arm-none-eabi-4_9-2015q3/bin/../lib/gcc/arm-none-eabi/4.9.3/../../../../arm-none-eabi/lib/armv7-m/libc.a(lib_a-fputwc.o)
 .debug_frame   0x0000194c       0x74 /home/nixtropy/opt/gcc-arm-none-eabi-4_9-2015q3/bin/../lib/gcc/arm-none-eabi/4.9.3/../../../../arm-none-eabi/lib/armv7-m/libc.a(lib_a-freer.o)
 .debug_frame   0x000019c0       0x68 /home/nixtropy/opt/gcc-arm-none-eabi-4_9-2015q3/bin/../lib/gcc/arm-none-eabi/4.9.3/../../../../arm-none-eabi/lib/armv7-m/libc.a(lib_a-fvwrite.o)
 .debug_frame   0x00001a28       0x54 /home/nixtropy/opt/gcc-arm-none-eabi-4_9-2015q3/bin/../lib/gcc/arm-none-eabi/4.9.3/../../../../arm-none-eabi/lib/armv7-m/libc.a(lib_a-fwalk.o)
 .debug_frame   0x00001a7c       0x9c /home/nixtropy/opt/gcc-arm-none-eabi-4_9-2015q3/bin/../lib/gcc/arm-none-eabi/4.9.3/../../../../arm-none-eabi/lib/armv7-m/libc.a(lib_a-locale.o)
 .debug_frame   0x00001b18       0x48 /home/nixtropy/opt/gcc-arm-none-eabi-4_9-2015q3/bin/../lib/gcc/arm-none-eabi/4.9.3/../../../../arm-none-eabi/lib/armv7-m/libc.a(lib_a-makebuf.o)
 .debug_frame   0x00001b60       0x54 /home/nixtropy/opt/gcc-arm-none-eabi-4_9-2015q3/bin/../lib/gcc/arm-none-eabi/4.9.3/../../../../arm-none-eabi/lib/armv7-m/libc.a(lib_a-mallocr.o)
 .debug_frame   0x00001bb4       0x3c /home/nixtropy/opt/gcc-arm-none-eabi-4_9-2015q3/bin/../lib/gcc/arm-none-eabi/4.9.3/../../../../arm-none-eabi/lib/armv7-m/libc.a(lib_a-memchr.o)
 .debug_frame   0x00001bf0       0x30 /home/nixtropy/opt/gcc-arm-none-eabi-4_9-2015q3/bin/../lib/gcc/arm-none-eabi/4.9.3/../../../../arm-none-eabi/lib/armv7-m/libc.a(lib_a-memmove.o)
 .debug_frame   0x00001c20       0x30 /home/nixtropy/opt/gcc-arm-none-eabi-4_9-2015q3/bin/../lib/gcc/arm-none-eabi/4.9.3/../../../../arm-none-eabi/lib/armv7-m/libc.a(lib_a-mlock.o)
 .debug_frame   0x00001c50       0x58 /home/nixtropy/opt/gcc-arm-none-eabi-4_9-2015q3/bin/../lib/gcc/arm-none-eabi/4.9.3/../../../../arm-none-eabi/lib/armv7-m/libc.a(lib_a-reallocr.o)
 .debug_frame   0x00001ca8       0x58 /home/nixtropy/opt/gcc-arm-none-eabi-4_9-2015q3/bin/../lib/gcc/arm-none-eabi/4.9.3/../../../../arm-none-eabi/lib/armv7-m/libc.a(lib_a-reent.o)
 .debug_frame   0x00001d00       0x88 /home/nixtropy/opt/gcc-arm-none-eabi-4_9-2015q3/bin/../lib/gcc/arm-none-eabi/4.9.3/../../../../arm-none-eabi/lib/armv7-m/libc.a(lib_a-stdio.o)
 .debug_frame   0x00001d88       0x20 /home/nixtropy/opt/gcc-arm-none-eabi-4_9-2015q3/bin/../lib/gcc/arm-none-eabi/4.9.3/../../../../arm-none-eabi/lib/armv7-m/libc.a(lib_a-strlen.o)
 .debug_frame   0x00001da8       0x3c /home/nixtropy/opt/gcc-arm-none-eabi-4_9-2015q3/bin/../lib/gcc/arm-none-eabi/4.9.3/../../../../arm-none-eabi/lib/armv7-m/libc.a(lib_a-wbuf.o)
 .debug_frame   0x00001de4       0x60 /home/nixtropy/opt/gcc-arm-none-eabi-4_9-2015q3/bin/../lib/gcc/arm-none-eabi/4.9.3/../../../../arm-none-eabi/lib/armv7-m/libc.a(lib_a-wcrtomb.o)
 .debug_frame   0x00001e44       0x48 /home/nixtropy/opt/gcc-arm-none-eabi-4_9-2015q3/bin/../lib/gcc/arm-none-eabi/4.9.3/../../../../arm-none-eabi/lib/armv7-m/libc.a(lib_a-wctomb_r.o)
 .debug_frame   0x00001e8c       0x44 /home/nixtropy/opt/gcc-arm-none-eabi-4_9-2015q3/bin/../lib/gcc/arm-none-eabi/4.9.3/../../../../arm-none-eabi/lib/armv7-m/libc.a(lib_a-fclose.o)
 .debug_frame   0x00001ed0       0x28 /home/nixtropy/opt/gcc-arm-none-eabi-4_9-2015q3/bin/../lib/gcc/arm-none-eabi/4.9.3/armv7-m/libgcc.a(_aeabi_uldivmod.o)
 .debug_frame   0x00001ef8       0x54 /home/nixtropy/opt/gcc-arm-none-eabi-4_9-2015q3/bin/../lib/gcc/arm-none-eabi/4.9.3/armv7-m/libgcc.a(bpabi.o)
 .debug_frame   0x00001f4c       0x34 /home/nixtropy/opt/gcc-arm-none-eabi-4_9-2015q3/bin/../lib/gcc/arm-none-eabi/4.9.3/armv7-m/libgcc.a(_divdi3.o)
 .debug_frame   0x00001f80       0x34 /home/nixtropy/opt/gcc-arm-none-eabi-4_9-2015q3/bin/../lib/gcc/arm-none-eabi/4.9.3/armv7-m/libgcc.a(_udivdi3.o)

Cross Reference Table

Symbol                                            File
ADC_CfgChannelMode                                build/obj/atmel_adc.o
ADC_CfgLowRes                                     build/obj/atmel_adc.o
ADC_CfgPowerSave                                  build/obj/atmel_adc.o
ADC_CfgTiming                                     build/obj/atmel_adc.o
ADC_CfgTrigering                                  build/obj/atmel_adc.o
ADC_GetConvertedData                              build/obj/atmel_adc.o
ADC_Initialize                                    build/obj/atmel_adc.o
ADC_IsChannelInterruptStatusSet                   build/obj/atmel_adc.o
ADC_IsInterruptMasked                             build/obj/atmel_adc.o
ADC_IsStatusSet                                   build/obj/atmel_adc.o
ADC_ReadBuffer                                    build/obj/atmel_adc.o
ADC_SetCompareChannel                             build/obj/atmel_adc.o
ADC_SetCompareMode                                build/obj/atmel_adc.o
ADC_SetComparisonWindow                           build/obj/atmel_adc.o
ADC_cfgFrequency                                  build/obj/atmel_adc.o
ADC_check                                         build/obj/atmel_adc.o
BOARD_ConfigurePSRAM                              build/obj/atmel_psram.o
BusFaultVector                                    build/obj/vectors.o
ConfigurePck                                      build/obj/pmc.o
DebugMonitorVector                                build/obj/vectors.o
HardFaultVector                                   build/obj/vectors.o
I2CInit()                                         build/obj/main.o
I2CReadByte(unsigned char)                        build/obj/main.o
I2CReadByte_sub(unsigned char, unsigned char)     build/obj/main.o
I2CReadBytes(unsigned char, unsigned char, unsigned char*, unsigned char) build/obj/main.o
I2CWriteByte(unsigned char, unsigned char)        build/obj/main.o
I2CWriteBytes(unsigned char, unsigned char, unsigned char) build/obj/main.o
MemManageVector                                   build/obj/vectors.o
NMIVector                                         build/obj/vectors.o
PIO_Clear                                         build/obj/pio.o
PIO_Configure                                     build/obj/pio.o
                                                  build/obj/main.o
                                                  build/obj/i2c.o
PIO_Get                                           build/obj/pio.o
PIO_GetOutputDataStatus                           build/obj/pio.o
PIO_Set                                           build/obj/pio.o
PIO_SetDebounceFilter                             build/obj/pio.o
PMC_DisableAllPeripherals                         build/obj/pmc.o
PMC_DisablePeripheral                             build/obj/pmc.o
PMC_EnableAllPeripherals                          build/obj/pmc.o
PMC_EnablePeripheral                              build/obj/pmc.o
                                                  build/obj/atmel_psram.o
                                                  build/obj/atmel_spi.o
                                                  build/obj/pio.o
PMC_IsPeriphEnabled                               build/obj/pmc.o
PendSVVector                                      build/obj/vectors.o
PmcConfigurePllClock                              build/obj/pmc.o
PmcMainClockSwitchMainOsc                         build/obj/pmc.o
PmcMasterClockSelection                           build/obj/pmc.o
ResetHandler                                      build/obj/crt0.o
                                                  build/obj/vectors.o
SD1                                               build/obj/serial_lld.o
SD2                                               build/obj/serial_lld.o
                                                  build/obj/atmel_adc.o
SPI_Configure                                     build/obj/atmel_spi.o
SPI_ConfigureNPCS                                 build/obj/atmel_spi.o
SPI_Disable                                       build/obj/atmel_spi.o
SPI_DisableIt                                     build/obj/atmel_spi.o
SPI_Enable                                        build/obj/atmel_spi.o
SPI_EnableIt                                      build/obj/atmel_spi.o
SPI_GetStatus                                     build/obj/atmel_spi.o
SPI_IsFinished                                    build/obj/atmel_spi.o
SPI_PCS                                           build/obj/atmel_spi.o
SPI_PdcDisableRx                                  build/obj/atmel_spi.o
SPI_PdcDisableTx                                  build/obj/atmel_spi.o
SPI_PdcEnableRx                                   build/obj/atmel_spi.o
SPI_PdcEnableTx                                   build/obj/atmel_spi.o
SPI_PdcSetRx                                      build/obj/atmel_spi.o
SPI_PdcSetTx                                      build/obj/atmel_spi.o
SPI_Read                                          build/obj/atmel_spi.o
SPI_ReadBuffer                                    build/obj/atmel_spi.o
SPI_Write                                         build/obj/atmel_spi.o
SPI_WriteBuffer                                   build/obj/atmel_spi.o
SVCallVector                                      build/obj/chcore_v7m.o
                                                  build/obj/vectors.o
SysTickVector                                     build/obj/chcore_v7m.o
                                                  build/obj/vectors.o
SystemCoreClock                                   build/obj/system_SAM3.o
                                                  build/obj/serial_lld.o
                                                  build/obj/hal_lld.o
SystemCoreClockUpdate                             build/obj/system_SAM3.o
                                                  build/obj/serial_lld.o
                                                  build/obj/hal_lld.o
SystemInit                                        build/obj/system_SAM3.o
                                                  build/obj/hal_lld.o
TWID_Handler                                      build/obj/atmel_twid.o
TWID_Initialize                                   build/obj/atmel_twid.o
                                                  build/obj/main.o
                                                  build/obj/i2c.o
TWID_Read                                         build/obj/atmel_twid.o
                                                  build/obj/main.o
                                                  build/obj/i2c.o
TWID_Write                                        build/obj/atmel_twid.o
                                                  build/obj/main.o
                                                  build/obj/i2c.o
TWI_ByteReceived                                  build/obj/atmel_twi.o
                                                  build/obj/atmel_twid.o
TWI_ByteSent                                      build/obj/atmel_twi.o
                                                  build/obj/atmel_twid.o
TWI_ConfigureMaster                               build/obj/atmel_twi.o
                                                  build/obj/main.o
                                                  build/obj/i2c.o
TWI_ConfigureSlave                                build/obj/atmel_twi.o
TWI_DisableIt                                     build/obj/atmel_twi.o
                                                  build/obj/atmel_twid.o
TWI_EnableIt                                      build/obj/atmel_twi.o
                                                  build/obj/atmel_twid.o
TWI_GetMaskedStatus                               build/obj/atmel_twi.o
                                                  build/obj/atmel_twid.o
TWI_GetStatus                                     build/obj/atmel_twi.o
TWI_ReadByte                                      build/obj/atmel_twi.o
                                                  build/obj/atmel_twid.o
TWI_SendSTOPCondition                             build/obj/atmel_twi.o
                                                  build/obj/atmel_twid.o
TWI_StartRead                                     build/obj/atmel_twi.o
                                                  build/obj/atmel_twid.o
TWI_StartWrite                                    build/obj/atmel_twi.o
                                                  build/obj/atmel_twid.o
TWI_Stop                                          build/obj/atmel_twi.o
                                                  build/obj/atmel_twid.o
TWI_TransferComplete                              build/obj/atmel_twi.o
                                                  build/obj/atmel_twid.o
TWI_WriteByte                                     build/obj/atmel_twi.o
                                                  build/obj/atmel_twid.o
TestThread                                        build/obj/test.o
UsageFaultVector                                  build/obj/vectors.o
Vector1C                                          build/obj/vectors.o
Vector20                                          build/obj/vectors.o
Vector24                                          build/obj/vectors.o
Vector28                                          build/obj/vectors.o
Vector34                                          build/obj/vectors.o
Vector40                                          build/obj/vectors.o
Vector44                                          build/obj/vectors.o
Vector48                                          build/obj/vectors.o
Vector4C                                          build/obj/vectors.o
Vector50                                          build/obj/vectors.o
Vector54                                          build/obj/vectors.o
Vector58                                          build/obj/vectors.o
Vector5C                                          build/obj/vectors.o
Vector60                                          build/obj/serial_lld.o
                                                  build/obj/vectors.o
Vector64                                          build/obj/serial_lld.o
                                                  build/obj/vectors.o
Vector68                                          build/obj/vectors.o
Vector6C                                          build/obj/vectors.o
Vector70                                          build/obj/vectors.o
Vector74                                          build/obj/vectors.o
Vector78                                          build/obj/vectors.o
Vector7C                                          build/obj/vectors.o
Vector80                                          build/obj/vectors.o
Vector84                                          build/obj/vectors.o
Vector88                                          build/obj/vectors.o
Vector8C                                          build/obj/vectors.o
Vector90                                          build/obj/vectors.o
Vector94                                          build/obj/vectors.o
Vector98                                          build/obj/vectors.o
Vector9C                                          build/obj/vectors.o
VectorA0                                          build/obj/vectors.o
VectorA4                                          build/obj/vectors.o
VectorA8                                          build/obj/vectors.o
VectorAC                                          build/obj/vectors.o
VectorB0                                          build/obj/vectors.o
VectorB4                                          build/obj/vectors.o
VectorB8                                          build/obj/vectors.o
VectorBC                                          build/obj/vectors.o
VectorC0                                          build/obj/vectors.o
VectorC4                                          build/obj/vectors.o
VectorC8                                          build/obj/vectors.o
VectorCC                                          build/obj/vectors.o
WDT_Disable                                       build/obj/wdt.o
WDT_Enable                                        build/obj/wdt.o
WDT_GetPeriod                                     build/obj/wdt.o
WDT_GetStatus                                     build/obj/wdt.o
WDT_Restart                                       build/obj/wdt.o
_PathLocale                                       /home/nixtropy/opt/gcc-arm-none-eabi-4_9-2015q3/bin/../lib/gcc/arm-none-eabi/4.9.3/../../../../arm-none-eabi/lib/armv7-m/libc.a(lib_a-locale.o)
_Unwind_Backtrace                                 /home/nixtropy/opt/gcc-arm-none-eabi-4_9-2015q3/bin/../lib/gcc/arm-none-eabi/4.9.3/armv7-m/libgcc.a(libunwind.o)
_Unwind_Complete                                  /home/nixtropy/opt/gcc-arm-none-eabi-4_9-2015q3/bin/../lib/gcc/arm-none-eabi/4.9.3/armv7-m/libgcc.a(unwind-arm.o)
_Unwind_DeleteException                           /home/nixtropy/opt/gcc-arm-none-eabi-4_9-2015q3/bin/../lib/gcc/arm-none-eabi/4.9.3/armv7-m/libgcc.a(unwind-arm.o)
_Unwind_ForcedUnwind                              /home/nixtropy/opt/gcc-arm-none-eabi-4_9-2015q3/bin/../lib/gcc/arm-none-eabi/4.9.3/armv7-m/libgcc.a(libunwind.o)
_Unwind_GetCFA                                    /home/nixtropy/opt/gcc-arm-none-eabi-4_9-2015q3/bin/../lib/gcc/arm-none-eabi/4.9.3/armv7-m/libgcc.a(unwind-arm.o)
_Unwind_GetDataRelBase                            /home/nixtropy/opt/gcc-arm-none-eabi-4_9-2015q3/bin/../lib/gcc/arm-none-eabi/4.9.3/armv7-m/libgcc.a(pr-support.o)
_Unwind_GetLanguageSpecificData                   /home/nixtropy/opt/gcc-arm-none-eabi-4_9-2015q3/bin/../lib/gcc/arm-none-eabi/4.9.3/armv7-m/libgcc.a(pr-support.o)
_Unwind_GetRegionStart                            /home/nixtropy/opt/gcc-arm-none-eabi-4_9-2015q3/bin/../lib/gcc/arm-none-eabi/4.9.3/armv7-m/libgcc.a(pr-support.o)
_Unwind_GetTextRelBase                            /home/nixtropy/opt/gcc-arm-none-eabi-4_9-2015q3/bin/../lib/gcc/arm-none-eabi/4.9.3/armv7-m/libgcc.a(pr-support.o)
_Unwind_RaiseException                            /home/nixtropy/opt/gcc-arm-none-eabi-4_9-2015q3/bin/../lib/gcc/arm-none-eabi/4.9.3/armv7-m/libgcc.a(libunwind.o)
_Unwind_Resume                                    /home/nixtropy/opt/gcc-arm-none-eabi-4_9-2015q3/bin/../lib/gcc/arm-none-eabi/4.9.3/armv7-m/libgcc.a(libunwind.o)
_Unwind_Resume_or_Rethrow                         /home/nixtropy/opt/gcc-arm-none-eabi-4_9-2015q3/bin/../lib/gcc/arm-none-eabi/4.9.3/armv7-m/libgcc.a(libunwind.o)
_Unwind_VRS_Get                                   /home/nixtropy/opt/gcc-arm-none-eabi-4_9-2015q3/bin/../lib/gcc/arm-none-eabi/4.9.3/armv7-m/libgcc.a(unwind-arm.o)
                                                  /home/nixtropy/opt/gcc-arm-none-eabi-4_9-2015q3/bin/../lib/gcc/arm-none-eabi/4.9.3/armv7-m/libgcc.a(pr-support.o)
_Unwind_VRS_Pop                                   /home/nixtropy/opt/gcc-arm-none-eabi-4_9-2015q3/bin/../lib/gcc/arm-none-eabi/4.9.3/armv7-m/libgcc.a(unwind-arm.o)
                                                  /home/nixtropy/opt/gcc-arm-none-eabi-4_9-2015q3/bin/../lib/gcc/arm-none-eabi/4.9.3/armv7-m/libgcc.a(pr-support.o)
_Unwind_VRS_Set                                   /home/nixtropy/opt/gcc-arm-none-eabi-4_9-2015q3/bin/../lib/gcc/arm-none-eabi/4.9.3/armv7-m/libgcc.a(unwind-arm.o)