Archive member included because of file (symbol)

/home/nixtropy/opt/gcc-arm-none-eabi-4_9-2015q3/bin/../lib/gcc/arm-none-eabi/4.9.3/../../../../arm-none-eabi/lib/armv7-m/libc.a(lib_a-assert.o)
                              build/obj/atmel_adc.o (__assert_func)
/home/nixtropy/opt/gcc-arm-none-eabi-4_9-2015q3/bin/../lib/gcc/arm-none-eabi/4.9.3/../../../../arm-none-eabi/lib/armv7-m/libc.a(lib_a-fiprintf.o)
                              /home/nixtropy/opt/gcc-arm-none-eabi-4_9-2015q3/bin/../lib/gcc/arm-none-eabi/4.9.3/../../../../arm-none-eabi/lib/armv7-m/libc.a(lib_a-assert.o) (fiprintf)
/home/nixtropy/opt/gcc-arm-none-eabi-4_9-2015q3/bin/../lib/gcc/arm-none-eabi/4.9.3/../../../../arm-none-eabi/lib/armv7-m/libc.a(lib_a-impure.o)
                              /home/nixtropy/opt/gcc-arm-none-eabi-4_9-2015q3/bin/../lib/gcc/arm-none-eabi/4.9.3/../../../../arm-none-eabi/lib/armv7-m/libc.a(lib_a-assert.o) (_impure_ptr)
/home/nixtropy/opt/gcc-arm-none-eabi-4_9-2015q3/bin/../lib/gcc/arm-none-eabi/4.9.3/../../../../arm-none-eabi/lib/armv7-m/libc.a(lib_a-memset.o)
                              build/obj/syscalls.o (memset)
/home/nixtropy/opt/gcc-arm-none-eabi-4_9-2015q3/bin/../lib/gcc/arm-none-eabi/4.9.3/../../../../arm-none-eabi/lib/armv7-m/libc.a(lib_a-vfiprintf.o)
                              /home/nixtropy/opt/gcc-arm-none-eabi-4_9-2015q3/bin/../lib/gcc/arm-none-eabi/4.9.3/../../../../arm-none-eabi/lib/armv7-m/libc.a(lib_a-fiprintf.o) (_vfiprintf_r)
/home/nixtropy/opt/gcc-arm-none-eabi-4_9-2015q3/bin/../lib/gcc/arm-none-eabi/4.9.3/../../../../arm-none-eabi/lib/armv7-m/libc.a(lib_a-wsetup.o)
                              /home/nixtropy/opt/gcc-arm-none-eabi-4_9-2015q3/bin/../lib/gcc/arm-none-eabi/4.9.3/../../../../arm-none-eabi/lib/armv7-m/libc.a(lib_a-vfiprintf.o) (__swsetup_r)
/home/nixtropy/opt/gcc-arm-none-eabi-4_9-2015q3/bin/../lib/gcc/arm-none-eabi/4.9.3/../../../../arm-none-eabi/lib/armv7-m/libc.a(lib_a-abort.o)
                              /home/nixtropy/opt/gcc-arm-none-eabi-4_9-2015q3/bin/../lib/gcc/arm-none-eabi/4.9.3/../../../../arm-none-eabi/lib/armv7-m/libc.a(lib_a-assert.o) (abort)
/home/nixtropy/opt/gcc-arm-none-eabi-4_9-2015q3/bin/../lib/gcc/arm-none-eabi/4.9.3/../../../../arm-none-eabi/lib/armv7-m/libc.a(lib_a-fflush.o)
                              /home/nixtropy/opt/gcc-arm-none-eabi-4_9-2015q3/bin/../lib/gcc/arm-none-eabi/4.9.3/../../../../arm-none-eabi/lib/armv7-m/libc.a(lib_a-vfiprintf.o) (_fflush_r)
/home/nixtropy/opt/gcc-arm-none-eabi-4_9-2015q3/bin/../lib/gcc/arm-none-eabi/4.9.3/../../../../arm-none-eabi/lib/armv7-m/libc.a(lib_a-findfp.o)
                              /home/nixtropy/opt/gcc-arm-none-eabi-4_9-2015q3/bin/../lib/gcc/arm-none-eabi/4.9.3/../../../../arm-none-eabi/lib/armv7-m/libc.a(lib_a-vfiprintf.o) (__sinit)
/home/nixtropy/opt/gcc-arm-none-eabi-4_9-2015q3/bin/../lib/gcc/arm-none-eabi/4.9.3/../../../../arm-none-eabi/lib/armv7-m/libc.a(lib_a-fputwc.o)
                              /home/nixtropy/opt/gcc-arm-none-eabi-4_9-2015q3/bin/../lib/gcc/arm-none-eabi/4.9.3/../../../../arm-none-eabi/lib/armv7-m/libc.a(lib_a-vfiprintf.o) (_fputwc_r)
/home/nixtropy/opt/gcc-arm-none-eabi-4_9-2015q3/bin/../lib/gcc/arm-none-eabi/4.9.3/../../../../arm-none-eabi/lib/armv7-m/libc.a(lib_a-freer.o)
                              /home/nixtropy/opt/gcc-arm-none-eabi-4_9-2015q3/bin/../lib/gcc/arm-none-eabi/4.9.3/../../../../arm-none-eabi/lib/armv7-m/libc.a(lib_a-wsetup.o) (_free_r)
/home/nixtropy/opt/gcc-arm-none-eabi-4_9-2015q3/bin/../lib/gcc/arm-none-eabi/4.9.3/../../../../arm-none-eabi/lib/armv7-m/libc.a(lib_a-fvwrite.o)
                              /home/nixtropy/opt/gcc-arm-none-eabi-4_9-2015q3/bin/../lib/gcc/arm-none-eabi/4.9.3/../../../../arm-none-eabi/lib/armv7-m/libc.a(lib_a-vfiprintf.o) (__sfvwrite_r)
/home/nixtropy/opt/gcc-arm-none-eabi-4_9-2015q3/bin/../lib/gcc/arm-none-eabi/4.9.3/../../../../arm-none-eabi/lib/armv7-m/libc.a(lib_a-fwalk.o)
                              /home/nixtropy/opt/gcc-arm-none-eabi-4_9-2015q3/bin/../lib/gcc/arm-none-eabi/4.9.3/../../../../arm-none-eabi/lib/armv7-m/libc.a(lib_a-findfp.o) (_fwalk)
/home/nixtropy/opt/gcc-arm-none-eabi-4_9-2015q3/bin/../lib/gcc/arm-none-eabi/4.9.3/../../../../arm-none-eabi/lib/armv7-m/libc.a(lib_a-locale.o)
                              /home/nixtropy/opt/gcc-arm-none-eabi-4_9-2015q3/bin/../lib/gcc/arm-none-eabi/4.9.3/../../../../arm-none-eabi/lib/armv7-m/libc.a(lib_a-fputwc.o) (__locale_mb_cur_max)
/home/nixtropy/opt/gcc-arm-none-eabi-4_9-2015q3/bin/../lib/gcc/arm-none-eabi/4.9.3/../../../../arm-none-eabi/lib/armv7-m/libc.a(lib_a-makebuf.o)
                              /home/nixtropy/opt/gcc-arm-none-eabi-4_9-2015q3/bin/../lib/gcc/arm-none-eabi/4.9.3/../../../../arm-none-eabi/lib/armv7-m/libc.a(lib_a-wsetup.o) (__smakebuf_r)
/home/nixtropy/opt/gcc-arm-none-eabi-4_9-2015q3/bin/../lib/gcc/arm-none-eabi/4.9.3/../../../../arm-none-eabi/lib/armv7-m/libc.a(lib_a-mallocr.o)
[...]
Memory Configuration

Name             Origin             Length             Attributes
flash            0x00400000         0x00020000
ram              0x20000000         0x00008000
*default*        0x00000000         0xffffffff

Linker script and memory map

LOAD build/obj/crt0.o
LOAD build/obj/vectors.o
LOAD build/obj/chcore.o
LOAD build/obj/chcore_v7m.o
LOAD build/obj/nvic.o
LOAD build/obj/chsys.o
LOAD build/obj/chlists.o
LOAD build/obj/chvt.o
LOAD build/obj/chschd.o
LOAD build/obj/chthreads.o
LOAD build/obj/chdynamic.o
LOAD build/obj/chregistry.o
LOAD build/obj/chsem.o
LOAD build/obj/chmtx.o
LOAD build/obj/chcond.o
LOAD build/obj/chevents.o
LOAD build/obj/chmsg.o
LOAD build/obj/chmboxes.o
LOAD build/obj/chqueues.o
LOAD build/obj/chmemcore.o
LOAD build/obj/chheap.o
LOAD build/obj/chmempools.o
LOAD build/obj/test.o
LOAD build/obj/testthd.o
LOAD build/obj/testsem.o
LOAD build/obj/testmtx.o
LOAD build/obj/testmsg.o
LOAD build/obj/testmbox.o
LOAD build/obj/testevt.o
LOAD build/obj/testheap.o
LOAD build/obj/testpools.o
LOAD build/obj/testdyn.o
LOAD build/obj/testqueues.o
LOAD build/obj/testbmk.o
LOAD build/obj/hal.o
LOAD build/obj/pal.o
LOAD build/obj/serial.o
LOAD build/obj/hal_lld.o
LOAD build/obj/system_SAM3.o
LOAD build/obj/pal_lld.o
LOAD build/obj/serial_lld.o
LOAD build/obj/atmel_adc.o
LOAD build/obj/pio.o
LOAD build/obj/pmc.o
LOAD build/obj/board.o
LOAD build/obj/evtimer.o
LOAD build/obj/syscalls.o
LOAD build/obj/chprintf.o
LOAD build/obj/psram.o
LOAD build/obj/main.o
START GROUP
LOAD /home/nixtropy/opt/gcc-arm-none-eabi-4_9-2015q3/bin/../lib/gcc/arm-none-eabi/4.9.3/armv7-m/libgcc.a
LOAD /home/nixtropy/opt/gcc-arm-none-eabi-4_9-2015q3/bin/../lib/gcc/arm-none-eabi/4.9.3/../../../../arm-none-eabi/lib/armv7-m/libc.a
END GROUP
                0x00000400                __main_stack_size__ = 0x400
                0x00000400                __process_stack_size__ = 0x400
                0x00000800                __stacks_total_size__ = (__main_stack_size__ + __process_stack_size__)
                0x20000000                __ram_start__ = ORIGIN (ram)
                0x00008000                __ram_size__ = 0x8000
                0x20008000                __ram_end__ = (__ram_start__ + __ram_size__)
                0x00000000                . = 0x0
                0x00000000                _text = .

startup         0x00400000       0xd0
 *(vectors)
 vectors        0x00400000       0xd0 build/obj/vectors.o
                0x00400000                _vectors

constructors    0x004000d0        0x0
                0x004000d0                PROVIDE (__init_array_start, .)
 *(SORT(.init_array.*))
 *(.init_array)
                0x004000d0                PROVIDE (__init_array_end, .)

destructors     0x004000d0        0x0
                0x004000d0                PROVIDE (__fini_array_start, .)
 *(.fini_array)
 *(SORT(.fini_array.*))
                0x004000d0                PROVIDE (__fini_array_end, .)

.text           0x004000d0     0x4a60
 *(.text.startup.*)
 .text.startup.main
                0x004000d0       0xc0 build/obj/main.o
                0x004000d0                main
 *(.text)
 .text          0x00400190       0xec /home/nixtropy/opt/gcc-arm-none-eabi-4_9-2015q3/bin/../lib/gcc/arm-none-eabi/4.9.3/../../../../arm-none-eabi/lib/armv7-m/libc.a(lib_a-memcpy.o)
                0x00400190                memcpy
 *fill*         0x0040027c        0x4 
 .text          0x00400280       0x30 /home/nixtropy/opt/gcc-arm-none-eabi-4_9-2015q3/bin/../lib/gcc/arm-none-eabi/4.9.3/armv7-m/libgcc.a(_aeabi_uldivmod.o)
                0x00400280                __aeabi_uldivmod
 .text          0x004002b0       0x60 /home/nixtropy/opt/gcc-arm-none-eabi-4_9-2015q3/bin/../lib/gcc/arm-none-eabi/4.9.3/armv7-m/libgcc.a(bpabi.o)
                0x004002b0                __gnu_ldivmod_helper
                0x004002e0                __gnu_uldivmod_helper
 .text          0x00400310        0x4 /home/nixtropy/opt/gcc-arm-none-eabi-4_9-2015q3/bin/../lib/gcc/arm-none-eabi/4.9.3/armv7-m/libgcc.a(_dvmd_tls.o)
                0x00400310                __aeabi_ldiv0
                0x00400310                __aeabi_idiv0
 *fill*         0x00400314        0xc 
 .text          0x00400320      0x2ac /home/nixtropy/opt/gcc-arm-none-eabi-4_9-2015q3/bin/../lib/gcc/arm-none-eabi/4.9.3/armv7-m/libgcc.a(_divdi3.o)
                0x00400320                __divdi3
 *fill*         0x004005cc        0x4 
 .text          0x004005d0      0x270 /home/nixtropy/opt/gcc-arm-none-eabi-4_9-2015q3/bin/../lib/gcc/arm-none-eabi/4.9.3/armv7-m/libgcc.a(_udivdi3.o)
                0x004005d0                __udivdi3
 *(.text.*)
 .text.__late_init
                0x00400840        0x4 build/obj/crt0.o
                0x00400840                __late_init
 *fill*         0x00400844        0xc 
 .text._default_exit
                0x00400850        0x4 build/obj/crt0.o
                0x00400850                _default_exit
 *fill*         0x00400854        0xc 
 .text.ResetHandler
                0x00400860      0x108 build/obj/crt0.o
                0x00400860                ResetHandler
 *fill*         0x00400968        0x8 
 .text._unhandled_exception
                0x00400970        0x4 build/obj/vectors.o
                0x00400970                Vector58
                0x00400970                Vector9C
                0x00400970                VectorAC
                0x00400970                Vector5C
                0x00400970                NMIVector
                0x00400970                Vector8C
                0x00400970                VectorC8
                0x00400970                Vector94
                0x00400970                VectorA8
                0x00400970                VectorB4
                0x00400970                Vector74
                0x00400970                UsageFaultVector
                0x00400970                DebugMonitorVector
                0x00400970                Vector40
                0x00400970                VectorBC
                0x00400970                PendSVVector
                0x00400970                VectorCC
                0x00400970                Vector54
                0x00400970                Vector98
                0x00400970                Vector24
                0x00400970                Vector84
                0x00400970                BusFaultVector
                0x00400970                VectorC0
                0x00400970                HardFaultVector
                0x00400970                MemManageVector
                0x00400970                Vector6C
                0x00400970                VectorA0
                0x00400970                VectorC4
                0x00400970                Vector7C
                0x00400970                VectorB0
                0x00400970                Vector90
                0x00400970                Vector1C
                0x00400970                Vector48
                0x00400970                Vector70
                0x00400970                Vector4C
                0x00400970                Vector80
                0x00400970                Vector68
                0x00400970                Vector78
                0x00400970                _unhandled_exception
                0x00400970                Vector88
                0x00400970                Vector50
                0x00400970                Vector44
                0x00400970                Vector28
                0x00400970                VectorB8
                0x00400970                Vector34
                0x00400970                VectorA4
                0x00400970                Vector20
 *fill*         0x00400974        0xc 
 .text._port_switch_from_isr
                0x00400980        0x8 build/obj/chcore_v7m.o
                0x00400980                _port_switch_from_isr
 *fill*         0x00400988        0x8 
 .text.SVCallVector
                0x00400990       0x14 build/obj/chcore_v7m.o
                0x00400990                SVCallVector
 *fill*         0x004009a4        0xc 
 .text._port_init
                0x004009b0       0x34 build/obj/chcore_v7m.o
                0x004009b0                _port_init
 *fill*         0x004009e4        0xc 
 .text._port_irq_epilogue
                0x004009f0       0x74 build/obj/chcore_v7m.o
                0x004009f0                _port_irq_epilogue
 *fill*         0x00400a64        0xc 
 .text.SysTickVector
                0x00400a70       0x1c build/obj/chcore_v7m.o
                0x00400a70                SysTickVector
 *fill*         0x00400a8c        0x4 
 .text._port_switch
                0x00400a90       0x10 build/obj/chcore_v7m.o
                0x00400a90                _port_switch
 .text._port_thread_start
                0x00400aa0       0x10 build/obj/chcore_v7m.o
                0x00400aa0                _port_thread_start
 .text.nvicEnableVector
                0x00400ab0       0x48 build/obj/nvic.o
                0x00400ab0                nvicEnableVector
 *fill*         0x00400af8        0x8 
 .text.nvicSetSystemHandlerPriority
                0x00400b00       0x2c build/obj/nvic.o
                0x00400b00                nvicSetSystemHandlerPriority
 *fill*         0x00400b2c        0x4 
 .text._idle_thread
                0x00400b30       0x14 build/obj/chsys.o
                0x00400b30                _idle_thread
 *fill*         0x00400b44        0xc 
 .text.chSysInit
                0x00400b50       0x5c build/obj/chsys.o
                0x00400b50                chSysInit
 *fill*         0x00400bac        0x4 
 .text.chSysTimerHandlerI
                0x00400bb0       0x50 build/obj/chsys.o
                0x00400bb0                chSysTimerHandlerI
 .text._vt_init
                0x00400c00       0x18 build/obj/chvt.o
                0x00400c00                _vt_init
 *fill*         0x00400c18        0x8 
 .text.chVTSetI
                0x00400c20       0x3c build/obj/chvt.o
                0x00400c20                chVTSetI
 *fill*         0x00400c5c        0x4 
 .text.chVTResetI
                0x00400c60       0x24 build/obj/chvt.o
                0x00400c60                chVTResetI
 *fill*         0x00400c84        0xc 
 .text.wakeup   0x00400c90       0x58 build/obj/chschd.o
 *fill*         0x00400ce8        0x8 
 .text._scheduler_init
                0x00400cf0       0x18 build/obj/chschd.o
                0x00400cf0                _scheduler_init
 *fill*         0x00400d08        0x8 
 .text.chSchReadyI
                0x00400d10       0x2c build/obj/chschd.o
                0x00400d10                chSchReadyI
 *fill*         0x00400d3c        0x4 
 .text.chSchGoSleepS
                0x00400d40       0x28 build/obj/chschd.o
                0x00400d40                chSchGoSleepS
 *fill*         0x00400d68        0x8 
 .text.chSchGoSleepTimeoutS
                0x00400d70       0x44 build/obj/chschd.o
                0x00400d70                chSchGoSleepTimeoutS
 *fill*         0x00400db4        0xc 
 .text.chSchWakeupS
                0x00400dc0       0x5c build/obj/chschd.o
                0x00400dc0                chSchWakeupS
 *fill*         0x00400e1c        0x4 
 .text.chSchDoReschedule
                0x00400e20       0x48 build/obj/chschd.o
                0x00400e20                chSchDoReschedule
 *fill*         0x00400e68        0x8 
 .text._thread_init
                0x00400e70       0x44 build/obj/chthreads.o
                0x00400e70                _thread_init
 *fill*         0x00400eb4        0xc 
 .text.chThdCreateStatic
                0x00400ec0       0x80 build/obj/chthreads.o
                0x00400ec0                chThdCreateStatic
 .text.chThdSleep
                0x00400f40       0x18 build/obj/chthreads.o
                0x00400f40                chThdSleep
 *fill*         0x00400f58        0x8 
 .text.chThdExitS
                0x00400f60       0x40 build/obj/chthreads.o
                0x00400f60                chThdExitS
 .text.chThdExit
                0x00400fa0        0xc build/obj/chthreads.o
                0x00400fa0                chThdExit
 *fill*         0x00400fac        0x4 
 .text.chMtxInit
                0x00400fb0        0xc build/obj/chmtx.o
                0x00400fb0                chMtxInit
 *fill*         0x00400fbc        0x4 
 .text.chEvtSignalFlagsI
                0x00400fc0       0x30 build/obj/chevents.o
                0x00400fc0                chEvtSignalFlagsI
 .text.chEvtBroadcastFlagsI
                0x00400ff0       0x20 build/obj/chevents.o
                0x00400ff0                chEvtBroadcastFlagsI
 .text.qwait    0x00401010       0x2c build/obj/chqueues.o
 *fill*         0x0040103c        0x4 
 .text.chIQInit
                0x00401040       0x1c build/obj/chqueues.o
                0x00401040                chIQInit
 *fill*         0x0040105c        0x4 
 .text.chIQPutI
                0x00401060       0x4c build/obj/chqueues.o
                0x00401060                chIQPutI
 *fill*         0x004010ac        0x4 
 .text.chIQGetTimeout
                0x004010b0       0x50 build/obj/chqueues.o
                0x004010b0                chIQGetTimeout
 .text.chIQReadTimeout
                0x00401100       0x70 build/obj/chqueues.o
                0x00401100                chIQReadTimeout
 .text.chOQInit
                0x00401170       0x1c build/obj/chqueues.o
                0x00401170                chOQInit
 *fill*         0x0040118c        0x4 
 .text.chOQPutTimeout
                0x00401190       0x54 build/obj/chqueues.o
                0x00401190                chOQPutTimeout
 *fill*         0x004011e4        0xc 
 .text.chOQGetI
                0x004011f0       0x48 build/obj/chqueues.o
                0x004011f0                chOQGetI
 *fill*         0x00401238        0x8 
 .text.chOQWriteTimeout
                0x00401240       0x80 build/obj/chqueues.o
                0x00401240                chOQWriteTimeout
 .text._core_init
                0x004012c0       0x28 build/obj/chmemcore.o
                0x004012c0                _core_init
 *fill*         0x004012e8        0x8 
 .text.chCoreAlloc
                0x004012f0       0x38 build/obj/chmemcore.o
                0x004012f0                chCoreAlloc
 *fill*         0x00401328        0x8 
 .text._heap_init
                0x00401330       0x1c build/obj/chheap.o
                0x00401330                _heap_init
 *fill*         0x0040134c        0x4 
 .text.halInit  0x00401350       0x1c build/obj/hal.o
                0x00401350                halInit
 *fill*         0x0040136c        0x4 
 .text.putwouldblock
                0x00401370        0xc build/obj/serial.o
 *fill*         0x0040137c        0x4 
 .text.getwouldblock
                0x00401380        0xc build/obj/serial.o
 *fill*         0x0040138c        0x4 
 .text.getflags
                0x00401390       0x18 build/obj/serial.o
 *fill*         0x004013a8        0x8 
 .text.readt    0x004013b0        0x8 build/obj/serial.o
 *fill*         0x004013b8        0x8 
 .text.reads    0x004013c0        0xc build/obj/serial.o
 *fill*         0x004013cc        0x4 
 .text.writet   0x004013d0        0x8 build/obj/serial.o
 *fill*         0x004013d8        0x8 
 .text.writes   0x004013e0        0xc build/obj/serial.o
 *fill*         0x004013ec        0x4 
 .text.gett     0x004013f0        0x8 build/obj/serial.o
 *fill*         0x004013f8        0x8 
 .text.putt     0x00401400        0x8 build/obj/serial.o
 *fill*         0x00401408        0x8 
 .text.sdInit   0x00401410        0x4 build/obj/serial.o
                0x00401410                sdInit
 *fill*         0x00401414        0xc 
 .text.sdObjectInit
                0x00401420       0x40 build/obj/serial.o
                0x00401420                sdObjectInit
 .text.sdStart  0x00401460       0x1c build/obj/serial.o
                0x00401460                sdStart
 *fill*         0x0040147c        0x4 
 .text.sdIncomingDataI
                0x00401480       0x4c build/obj/serial.o
                0x00401480                sdIncomingDataI
 *fill*         0x004014cc        0x4 
 .text.hal_lld_init
                0x004014d0       0x38 build/obj/hal_lld.o
                0x004014d0                hal_lld_init
 *fill*         0x00401508        0x8 
 .text.at91sam3_clock_init
                0x00401510        0x4 build/obj/hal_lld.o
                0x00401510                at91sam3_clock_init
 *fill*         0x00401514        0xc 
 .text.SystemCoreClockUpdate
                0x00401520       0xf4 build/obj/system_SAM3.o
                0x00401520                SystemCoreClockUpdate
 *fill*         0x00401614        0xc 
 .text.SystemInit
                0x00401620       0x94 build/obj/system_SAM3.o
                0x00401620                SystemInit
 *fill*         0x004016b4        0xc 
 .text._pal_lld_init
                0x004016c0       0xb8 build/obj/pal_lld.o
                0x004016c0                _pal_lld_init
 *fill*         0x00401778        0x8 
 .text._pal_lld_setgroupmode
                0x00401780       0x34 build/obj/pal_lld.o
                0x00401780                _pal_lld_setgroupmode
 *fill*         0x004017b4        0xc 
 .text.notify1  0x004017c0        0xc build/obj/serial_lld.o
 *fill*         0x004017cc        0x4 
 .text.notify2  0x004017d0        0xc build/obj/serial_lld.o
 *fill*         0x004017dc        0x4 
 .text.serve_interrupt
                0x004017e0       0xa4 build/obj/serial_lld.o
 *fill*         0x00401884        0xc 
 .text.Vector60
                0x00401890       0x14 build/obj/serial_lld.o
                0x00401890                Vector60
 *fill*         0x004018a4        0xc 
 .text.Vector64
                0x004018b0       0x14 build/obj/serial_lld.o
                0x004018b0                Vector64
 *fill*         0x004018c4        0xc 
 .text.sd_lld_init
                0x004018d0       0x58 build/obj/serial_lld.o
                0x004018d0                sd_lld_init
 *fill*         0x00401928        0x8 
 .text.sd_lld_start
                0x00401930       0xa4 build/obj/serial_lld.o
                0x00401930                sd_lld_start
 *fill*         0x004019d4        0xc 
 .text.PIO_Configure
                0x004019e0      0x154 build/obj/pio.o
                0x004019e0                PIO_Configure
 *fill*         0x00401b34        0xc 
 .text.PMC_EnablePeripheral
                0x00401b40       0x50 build/obj/pmc.o
                0x00401b40                PMC_EnablePeripheral
 .text.PmcMasterClockSelection
                0x00401b90       0x90 build/obj/pmc.o
                0x00401b90                PmcMasterClockSelection
 .text.ConfigurePck
                0x00401c20       0x2c build/obj/pmc.o
                0x00401c20                ConfigurePck
 *fill*         0x00401c4c        0x4 
 .text.PmcConfigurePllClock
                0x00401c50       0x60 build/obj/pmc.o
                0x00401c50                PmcConfigurePllClock
 .text.__early_init
                0x00401cb0       0x10 build/obj/board.o
                0x00401cb0                __early_init
 .text.boardInit
                0x00401cc0       0x5c build/obj/board.o
                0x00401cc0                boardInit
 *fill*         0x00401d1c        0x4 
 .text._read_r  0x00401d20        0xc build/obj/syscalls.o
                0x00401d20                _read_r
 *fill*         0x00401d2c        0x4 
 .text._lseek_r
                0x00401d30        0x4 build/obj/syscalls.o
                0x00401d30                _lseek_r
 *fill*         0x00401d34        0xc 
 .text._write_r
                0x00401d40        0x4 build/obj/syscalls.o
                0x00401d40                _write_r
 *fill*         0x00401d44        0xc 
 .text._close_r
                0x00401d50        0x4 build/obj/syscalls.o
                0x00401d50                _close_r
 *fill*         0x00401d54        0xc 
 .text._sbrk_r  0x00401d60       0x18 build/obj/syscalls.o
                0x00401d60                _sbrk_r
 *fill*         0x00401d78        0x8 
 .text._fstat_r
                0x00401d80       0x18 build/obj/syscalls.o
                0x00401d80                _fstat_r
 *fill*         0x00401d98        0x8 
 .text._isatty_r
                0x00401da0        0x4 build/obj/syscalls.o
                0x00401da0                _isatty_r
 *fill*         0x00401da4        0xc 
 .text._getpid  0x00401db0        0x4 build/obj/syscalls.o
                0x00401db0                _getpid
 *fill*         0x00401db4        0xc 
 .text._exit    0x00401dc0        0x4 build/obj/syscalls.o
                0x00401dc0                _exit
 *fill*         0x00401dc4        0xc 
 .text._kill    0x00401dd0        0x8 build/obj/syscalls.o
                0x00401dd0                _kill
 *fill*         0x00401dd8        0x8 
 .text.ltoa     0x00401de0       0x40 build/obj/chprintf.o
 .text.chprintf
                0x00401e20      0x378 build/obj/chprintf.o
                0x00401e20                chprintf
 *fill*         0x00402198        0x8 
 .text.BOARD_ConfigurePSRAM
                0x004021a0       0x30 build/obj/psram.o
                0x004021a0                BOARD_ConfigurePSRAM
 .text.Thread1  0x004021d0       0x20 build/obj/main.o
 .text.__assert_func
                0x004021f0       0x3c /home/nixtropy/opt/gcc-arm-none-eabi-4_9-2015q3/bin/../lib/gcc/arm-none-eabi/4.9.3/../../../../arm-none-eabi/lib/armv7-m/libc.a(lib_a-assert.o)
                0x004021f0                __assert_func
 *fill*         0x0040222c        0x4 
 .text.fiprintf
                0x00402230       0x28 /home/nixtropy/opt/gcc-arm-none-eabi-4_9-2015q3/bin/../lib/gcc/arm-none-eabi/4.9.3/../../../../arm-none-eabi/lib/armv7-m/libc.a(lib_a-fiprintf.o)
                0x00402230                fiprintf
 *fill*         0x00402258        0x8 
 .text.memset   0x00402260       0x9c /home/nixtropy/opt/gcc-arm-none-eabi-4_9-2015q3/bin/../lib/gcc/arm-none-eabi/4.9.3/../../../../arm-none-eabi/lib/armv7-m/libc.a(lib_a-memset.o)
                0x00402260                memset
 *fill*         0x004022fc        0x4 
 .text.__sprint_r.part.0
                0x00402300       0x78 /home/nixtropy/opt/gcc-arm-none-eabi-4_9-2015q3/bin/../lib/gcc/arm-none-eabi/4.9.3/../../../../arm-none-eabi/lib/armv7-m/libc.a(lib_a-vfiprintf.o)
 *fill*         0x00402378        0x8 
 .text._vfiprintf_r
                0x00402380      0xc10 /home/nixtropy/opt/gcc-arm-none-eabi-4_9-2015q3/bin/../lib/gcc/arm-none-eabi/4.9.3/../../../../arm-none-eabi/lib/armv7-m/libc.a(lib_a-vfiprintf.o)
                0x00402380                _vfiprintf_r
 .text.__sbprintf
                0x00402f90       0x7c /home/nixtropy/opt/gcc-arm-none-eabi-4_9-2015q3/bin/../lib/gcc/arm-none-eabi/4.9.3/../../../../arm-none-eabi/lib/armv7-m/libc.a(lib_a-vfiprintf.o)
 *fill*         0x0040300c        0x4 
 .text.__swsetup_r
                0x00403010       0xc4 /home/nixtropy/opt/gcc-arm-none-eabi-4_9-2015q3/bin/../lib/gcc/arm-none-eabi/4.9.3/../../../../arm-none-eabi/lib/armv7-m/libc.a(lib_a-wsetup.o)
                0x00403010                __swsetup_r
 *fill*         0x004030d4        0xc 
 .text.abort    0x004030e0       0x10 /home/nixtropy/opt/gcc-arm-none-eabi-4_9-2015q3/bin/../lib/gcc/arm-none-eabi/4.9.3/../../../../arm-none-eabi/lib/armv7-m/libc.a(lib_a-abort.o)
                0x004030e0                abort
 .text.__sflush_r
                0x004030f0      0x148 /home/nixtropy/opt/gcc-arm-none-eabi-4_9-2015q3/bin/../lib/gcc/arm-none-eabi/4.9.3/../../../../arm-none-eabi/lib/armv7-m/libc.a(lib_a-fflush.o)
                0x004030f0                __sflush_r
 *fill*         0x00403238        0x8 
 .text._fflush_r
                0x00403240       0x2c /home/nixtropy/opt/gcc-arm-none-eabi-4_9-2015q3/bin/../lib/gcc/arm-none-eabi/4.9.3/../../../../arm-none-eabi/lib/armv7-m/libc.a(lib_a-fflush.o)
                0x00403240                _fflush_r
 *fill*         0x0040326c        0x4 
 .text._cleanup_r
                0x00403270        0xc /home/nixtropy/opt/gcc-arm-none-eabi-4_9-2015q3/bin/../lib/gcc/arm-none-eabi/4.9.3/../../../../arm-none-eabi/lib/armv7-m/libc.a(lib_a-findfp.o)
                0x00403270                _cleanup_r
 *fill*         0x0040327c        0x4 
 .text.__sinit.part.1
                0x00403280       0xf0 /home/nixtropy/opt/gcc-arm-none-eabi-4_9-2015q3/bin/../lib/gcc/arm-none-eabi/4.9.3/../../../../arm-none-eabi/lib/armv7-m/libc.a(lib_a-findfp.o)
 .text.__sinit  0x00403370        0xc /home/nixtropy/opt/gcc-arm-none-eabi-4_9-2015q3/bin/../lib/gcc/arm-none-eabi/4.9.3/../../../../arm-none-eabi/lib/armv7-m/libc.a(lib_a-findfp.o)
                0x00403370                __sinit
 *fill*         0x0040337c        0x4 
 .text.__sfp_lock_acquire
                0x00403380        0x4 /home/nixtropy/opt/gcc-arm-none-eabi-4_9-2015q3/bin/../lib/gcc/arm-none-eabi/4.9.3/../../../../arm-none-eabi/lib/armv7-m/libc.a(lib_a-findfp.o)
                0x00403380                __sfp_lock_acquire
 *fill*         0x00403384        0xc 
 .text.__sfp_lock_release
                0x00403390        0x4 /home/nixtropy/opt/gcc-arm-none-eabi-4_9-2015q3/bin/../lib/gcc/arm-none-eabi/4.9.3/../../../../arm-none-eabi/lib/armv7-m/libc.a(lib_a-findfp.o)
                0x00403390                __sfp_lock_release
 *fill*         0x00403394        0xc 
 .text.__fputwc
                0x004033a0       0xb0 /home/nixtropy/opt/gcc-arm-none-eabi-4_9-2015q3/bin/../lib/gcc/arm-none-eabi/4.9.3/../../../../arm-none-eabi/lib/armv7-m/libc.a(lib_a-fputwc.o)
                0x004033a0                __fputwc
 .text._fputwc_r
                0x00403450       0x24 /home/nixtropy/opt/gcc-arm-none-eabi-4_9-2015q3/bin/../lib/gcc/arm-none-eabi/4.9.3/../../../../arm-none-eabi/lib/armv7-m/libc.a(lib_a-fputwc.o)
                0x00403450                _fputwc_r
 *fill*         0x00403474        0xc 
 .text._malloc_trim_r
                0x00403480       0x9c /home/nixtropy/opt/gcc-arm-none-eabi-4_9-2015q3/bin/../lib/gcc/arm-none-eabi/4.9.3/../../../../arm-none-eabi/lib/armv7-m/libc.a(lib_a-freer.o)
                0x00403480                _malloc_trim_r
 *fill*         0x0040351c        0x4 
 .text._free_r  0x00403520      0x1b0 /home/nixtropy/opt/gcc-arm-none-eabi-4_9-2015q3/bin/../lib/gcc/arm-none-eabi/4.9.3/../../../../arm-none-eabi/lib/armv7-m/libc.a(lib_a-freer.o)
                0x00403520                _free_r
 .text.__sfvwrite_r
                0x004036d0      0x320 /home/nixtropy/opt/gcc-arm-none-eabi-4_9-2015q3/bin/../lib/gcc/arm-none-eabi/4.9.3/../../../../arm-none-eabi/lib/armv7-m/libc.a(lib_a-fvwrite.o)
                0x004036d0                __sfvwrite_r
 .text._fwalk_reent
                0x004039f0       0x50 /home/nixtropy/opt/gcc-arm-none-eabi-4_9-2015q3/bin/../lib/gcc/arm-none-eabi/4.9.3/../../../../arm-none-eabi/lib/armv7-m/libc.a(lib_a-fwalk.o)
                0x004039f0                _fwalk_reent
 .text.__locale_charset
                0x00403a40        0x8 /home/nixtropy/opt/gcc-arm-none-eabi-4_9-2015q3/bin/../lib/gcc/arm-none-eabi/4.9.3/../../../../arm-none-eabi/lib/armv7-m/libc.a(lib_a-locale.o)
                0x00403a40                __locale_charset
 *fill*         0x00403a48        0x8 
 .text.__locale_mb_cur_max
                0x00403a50        0xc /home/nixtropy/opt/gcc-arm-none-eabi-4_9-2015q3/bin/../lib/gcc/arm-none-eabi/4.9.3/../../../../arm-none-eabi/lib/armv7-m/libc.a(lib_a-locale.o)
                0x00403a50                __locale_mb_cur_max
 *fill*         0x00403a5c        0x4 
 .text.__smakebuf_r
                0x00403a60       0xe0 /home/nixtropy/opt/gcc-arm-none-eabi-4_9-2015q3/bin/../lib/gcc/arm-none-eabi/4.9.3/../../../../arm-none-eabi/lib/armv7-m/libc.a(lib_a-makebuf.o)
                0x00403a60                __smakebuf_r
 .text._malloc_r
                0x00403b40      0x50c /home/nixtropy/opt/gcc-arm-none-eabi-4_9-2015q3/bin/../lib/gcc/arm-none-eabi/4.9.3/../../../../arm-none-eabi/lib/armv7-m/libc.a(lib_a-mallocr.o)
                0x00403b40                _malloc_r
 *fill*         0x0040404c        0x4 
 .text.memchr   0x00404050       0x94 /home/nixtropy/opt/gcc-arm-none-eabi-4_9-2015q3/bin/../lib/gcc/arm-none-eabi/4.9.3/../../../../arm-none-eabi/lib/armv7-m/libc.a(lib_a-memchr.o)
                0x00404050                memchr
 *fill*         0x004040e4        0xc 
 .text.memmove  0x004040f0       0xc8 /home/nixtropy/opt/gcc-arm-none-eabi-4_9-2015q3/bin/../lib/gcc/arm-none-eabi/4.9.3/../../../../arm-none-eabi/lib/armv7-m/libc.a(lib_a-memmove.o)
                0x004040f0                memmove
 *fill*         0x004041b8        0x8 
 .text.__malloc_lock
                0x004041c0        0x4 /home/nixtropy/opt/gcc-arm-none-eabi-4_9-2015q3/bin/../lib/gcc/arm-none-eabi/4.9.3/../../../../arm-none-eabi/lib/armv7-m/libc.a(lib_a-mlock.o)
                0x004041c0                __malloc_lock
 *fill*         0x004041c4        0xc 
 .text.__malloc_unlock
                0x004041d0        0x4 /home/nixtropy/opt/gcc-arm-none-eabi-4_9-2015q3/bin/../lib/gcc/arm-none-eabi/4.9.3/../../../../arm-none-eabi/lib/armv7-m/libc.a(lib_a-mlock.o)
                0x004041d0                __malloc_unlock
 *fill*         0x004041d4        0xc 
 .text._realloc_r
                0x004041e0      0x3e0 /home/nixtropy/opt/gcc-arm-none-eabi-4_9-2015q3/bin/../lib/gcc/arm-none-eabi/4.9.3/../../../../arm-none-eabi/lib/armv7-m/libc.a(lib_a-reallocr.o)
                0x004041e0                _realloc_r
 .text._raise_r
                0x004045c0       0x58 /home/nixtropy/opt/gcc-arm-none-eabi-4_9-2015q3/bin/../lib/gcc/arm-none-eabi/4.9.3/../../../../arm-none-eabi/lib/armv7-m/libc.a(lib_a-signal.o)
                0x004045c0                _raise_r
 *fill*         0x00404618        0x8 
 .text.raise    0x00404620       0x10 /home/nixtropy/opt/gcc-arm-none-eabi-4_9-2015q3/bin/../lib/gcc/arm-none-eabi/4.9.3/../../../../arm-none-eabi/lib/armv7-m/libc.a(lib_a-signal.o)
                0x00404620                raise
 .text._kill_r  0x00404630       0x28 /home/nixtropy/opt/gcc-arm-none-eabi-4_9-2015q3/bin/../lib/gcc/arm-none-eabi/4.9.3/../../../../arm-none-eabi/lib/armv7-m/libc.a(lib_a-signalr.o)
                0x00404630                _kill_r
 *fill*         0x00404658        0x8 
 .text._getpid_r
                0x00404660        0x4 /home/nixtropy/opt/gcc-arm-none-eabi-4_9-2015q3/bin/../lib/gcc/arm-none-eabi/4.9.3/../../../../arm-none-eabi/lib/armv7-m/libc.a(lib_a-signalr.o)
                0x00404660                _getpid_r
 *fill*         0x00404664        0xc 
 .text.__sread  0x00404670       0x24 /home/nixtropy/opt/gcc-arm-none-eabi-4_9-2015q3/bin/../lib/gcc/arm-none-eabi/4.9.3/../../../../arm-none-eabi/lib/armv7-m/libc.a(lib_a-stdio.o)
                0x00404670                __sread
 *fill*         0x00404694        0xc 
 .text.__swrite
                0x004046a0       0x38 /home/nixtropy/opt/gcc-arm-none-eabi-4_9-2015q3/bin/../lib/gcc/arm-none-eabi/4.9.3/../../../../arm-none-eabi/lib/armv7-m/libc.a(lib_a-stdio.o)
                0x004046a0                __swrite
 *fill*         0x004046d8        0x8 
 .text.__sseek  0x004046e0       0x20 /home/nixtropy/opt/gcc-arm-none-eabi-4_9-2015q3/bin/../lib/gcc/arm-none-eabi/4.9.3/../../../../arm-none-eabi/lib/armv7-m/libc.a(lib_a-stdio.o)
                0x004046e0                __sseek
 .text.__sclose
                0x00404700        0x8 /home/nixtropy/opt/gcc-arm-none-eabi-4_9-2015q3/bin/../lib/gcc/arm-none-eabi/4.9.3/../../../../arm-none-eabi/lib/armv7-m/libc.a(lib_a-stdio.o)
                0x00404700                __sclose
 *fill*         0x00404708        0x8 
 .text.strlen   0x00404710       0x5c /home/nixtropy/opt/gcc-arm-none-eabi-4_9-2015q3/bin/../lib/gcc/arm-none-eabi/4.9.3/../../../../arm-none-eabi/lib/armv7-m/libc.a(lib_a-strlen.o)
                0x00404710                strlen
 *fill*         0x0040476c        0x4 
 .text.__swbuf_r
                0x00404770       0xa8 /home/nixtropy/opt/gcc-arm-none-eabi-4_9-2015q3/bin/../lib/gcc/arm-none-eabi/4.9.3/../../../../arm-none-eabi/lib/armv7-m/libc.a(lib_a-wbuf.o)
                0x00404770                __swbuf_r
 *fill*         0x00404818        0x8 
 .text._wcrtomb_r
                0x00404820       0x54 /home/nixtropy/opt/gcc-arm-none-eabi-4_9-2015q3/bin/../lib/gcc/arm-none-eabi/4.9.3/../../../../arm-none-eabi/lib/armv7-m/libc.a(lib_a-wcrtomb.o)
                0x00404820                _wcrtomb_r
 *fill*         0x00404874        0xc 
 .text.__ascii_wctomb
                0x00404880       0x1c /home/nixtropy/opt/gcc-arm-none-eabi-4_9-2015q3/bin/../lib/gcc/arm-none-eabi/4.9.3/../../../../arm-none-eabi/lib/armv7-m/libc.a(lib_a-wctomb_r.o)
                0x00404880                __ascii_wctomb
 *fill*         0x0040489c        0x4 
 .text._fclose_r
                0x004048a0       0x84 /home/nixtropy/opt/gcc-arm-none-eabi-4_9-2015q3/bin/../lib/gcc/arm-none-eabi/4.9.3/../../../../arm-none-eabi/lib/armv7-m/libc.a(lib_a-fclose.o)
                0x004048a0                _fclose_r
 *(.rodata)
 *(.rodata.*)
 *fill*         0x00404924        0xc 
 .rodata.str1.4
                0x00404930        0xd build/obj/chsys.o
 *fill*         0x0040493d        0x3 
 .rodata.vmt    0x00404940       0x24 build/obj/serial.o
 *fill*         0x00404964        0xc 
 .rodata.default_config
                0x00404970        0x8 build/obj/serial_lld.o
 *fill*         0x00404978        0x8 
 .rodata.__func__.4792
                0x00404980       0x15 build/obj/pmc.o
 *fill*         0x00404995        0xb 
 .rodata.str1.4
                0x004049a0       0x46 build/obj/pmc.o
 *fill*         0x004049e6        0xa 
 .rodata.pal_default_config
                0x004049f0       0x24 build/obj/board.o
                0x004049f0                pal_default_config
 *fill*         0x00404a14        0xc 
 .rodata.str1.4
                0x00404a20        0x7 build/obj/chprintf.o
 *fill*         0x00404a27        0x9 
 .rodata.pinPsram
                0x00404a30       0x3c build/obj/main.o
                0x00404a30                pinPsram
 *fill*         0x00404a6c        0x4 
 .rodata.pinPCK
                0x00404a70        0xc build/obj/main.o
                0x00404a70                pinPCK
 *fill*         0x00404a7c        0x4 
 .rodata.str1.4
                0x00404a80        0xd build/obj/main.o
 *fill*         0x00404a8d        0x3 
 .rodata.str1.4
                0x00404a90       0x3f /home/nixtropy/opt/gcc-arm-none-eabi-4_9-2015q3/bin/../lib/gcc/arm-none-eabi/4.9.3/../../../../arm-none-eabi/lib/armv7-m/libc.a(lib_a-assert.o)
                                 0x43 (size before relaxing)
 *fill*         0x00404acf        0x1 
 .rodata.str1.4
                0x00404ad0        0x2 /home/nixtropy/opt/gcc-arm-none-eabi-4_9-2015q3/bin/../lib/gcc/arm-none-eabi/4.9.3/../../../../arm-none-eabi/lib/armv7-m/libc.a(lib_a-impure.o)
 *fill*         0x00404ad2        0xe 
 .rodata.zeroes.6869
                0x00404ae0       0x10 /home/nixtropy/opt/gcc-arm-none-eabi-4_9-2015q3/bin/../lib/gcc/arm-none-eabi/4.9.3/../../../../arm-none-eabi/lib/armv7-m/libc.a(lib_a-vfiprintf.o)
 .rodata.str1.4
                0x00404af0       0x28 /home/nixtropy/opt/gcc-arm-none-eabi-4_9-2015q3/bin/../lib/gcc/arm-none-eabi/4.9.3/../../../../arm-none-eabi/lib/armv7-m/libc.a(lib_a-vfiprintf.o)
                                 0x2f (size before relaxing)
 *fill*         0x00404b18        0x8 
 .rodata.blanks.6868
                0x00404b20       0x10 /home/nixtropy/opt/gcc-arm-none-eabi-4_9-2015q3/bin/../lib/gcc/arm-none-eabi/4.9.3/../../../../arm-none-eabi/lib/armv7-m/libc.a(lib_a-vfiprintf.o)
 *(.glue_7t)
 .glue_7t       0x00000000        0x0 linker stubs
 *(.glue_7)
 .glue_7        0x00000000        0x0 linker stubs
 *(.gcc*)

.vfp11_veneer   0x00404b30        0x0
 .vfp11_veneer  0x00000000        0x0 linker stubs

.v4_bx          0x00404b30        0x0
 .v4_bx         0x00000000        0x0 linker stubs

.iplt           0x00404b30        0x0
 .iplt          0x00000000        0x0 build/obj/crt0.o

.ARM.extab
 *(.ARM.extab* .gnu.linkonce.armextab.*)

.ARM.exidx      0x00404b30        0x8
                0x00404b30                PROVIDE (__exidx_start, .)
 *(.ARM.exidx* .gnu.linkonce.armexidx.*)
 .ARM.exidx     0x00404b30        0x8 /home/nixtropy/opt/gcc-arm-none-eabi-4_9-2015q3/bin/../lib/gcc/arm-none-eabi/4.9.3/armv7-m/libgcc.a(_divdi3.o)
 .ARM.exidx     0x00404b38        0x0 /home/nixtropy/opt/gcc-arm-none-eabi-4_9-2015q3/bin/../lib/gcc/arm-none-eabi/4.9.3/armv7-m/libgcc.a(_udivdi3.o)
                                  0x8 (size before relaxing)
                0x00404b38                PROVIDE (__exidx_end, .)

.rel.dyn        0x00404b38        0x0
 .rel.iplt      0x00000000        0x0 build/obj/crt0.o

.eh_frame_hdr
 *(.eh_frame_hdr)

.eh_frame
 *(.eh_frame)

.textalign      0x00404b38        0x0
                0x00404b38                . = ALIGN (0x8)
                0x00404b38                _etext = .
                0x00404b38                _textdata = _etext

.stacks         0x20000000      0x800
                0x20000000                . = ALIGN (0x8)
                0x20000000                __main_stack_base__ = .
                0x20000400                . = (. + __main_stack_size__)
 *fill*         0x20000000      0x400 
                0x20000400                . = ALIGN (0x8)
                0x20000400                __main_stack_end__ = .
                0x20000400                __process_stack_base__ = .
                0x20000400                __main_thread_stack_base__ = .
                0x20000800                . = (. + __process_stack_size__)
 *fill*         0x20000400      0x400 
                0x20000800                . = ALIGN (0x8)
                0x20000800                __process_stack_end__ = .
                0x20000800                __main_thread_stack_end__ = .

.data           0x20000800      0x86c load address 0x00404b38
                0x20000800                . = ALIGN (0x4)
                0x20000800                PROVIDE (_data, .)
 *(.data)
                0x20000800                . = ALIGN (0x4)
 *(.data.*)
 .data.SystemCoreClock
                0x20000800        0x4 build/obj/system_SAM3.o
                0x20000800                SystemCoreClock
 *fill*         0x20000804        0x4 
 .data.impure_data
                0x20000808      0x428 /home/nixtropy/opt/gcc-arm-none-eabi-4_9-2015q3/bin/../lib/gcc/arm-none-eabi/4.9.3/../../../../arm-none-eabi/lib/armv7-m/libc.a(lib_a-impure.o)
 .data._impure_ptr
                0x20000c30        0x4 /home/nixtropy/opt/gcc-arm-none-eabi-4_9-2015q3/bin/../lib/gcc/arm-none-eabi/4.9.3/../../../../arm-none-eabi/lib/armv7-m/libc.a(lib_a-impure.o)
                0x20000c30                _impure_ptr
 .data.lc_ctype_charset
                0x20000c34       0x20 /home/nixtropy/opt/gcc-arm-none-eabi-4_9-2015q3/bin/../lib/gcc/arm-none-eabi/4.9.3/../../../../arm-none-eabi/lib/armv7-m/libc.a(lib_a-locale.o)
 .data.__mb_cur_max
                0x20000c54        0x4 /home/nixtropy/opt/gcc-arm-none-eabi-4_9-2015q3/bin/../lib/gcc/arm-none-eabi/4.9.3/../../../../arm-none-eabi/lib/armv7-m/libc.a(lib_a-locale.o)
                0x20000c54                __mb_cur_max
 .data.__malloc_av_
                0x20000c58      0x408 /home/nixtropy/opt/gcc-arm-none-eabi-4_9-2015q3/bin/../lib/gcc/arm-none-eabi/4.9.3/../../../../arm-none-eabi/lib/armv7-m/libc.a(lib_a-mallocr.o)
                0x20000c58                __malloc_av_
 .data.__malloc_trim_threshold
                0x20001060        0x4 /home/nixtropy/opt/gcc-arm-none-eabi-4_9-2015q3/bin/../lib/gcc/arm-none-eabi/4.9.3/../../../../arm-none-eabi/lib/armv7-m/libc.a(lib_a-mallocr.o)
                0x20001060                __malloc_trim_threshold
 .data.__malloc_sbrk_base
                0x20001064        0x4 /home/nixtropy/opt/gcc-arm-none-eabi-4_9-2015q3/bin/../lib/gcc/arm-none-eabi/4.9.3/../../../../arm-none-eabi/lib/armv7-m/libc.a(lib_a-mallocr.o)
                0x20001064                __malloc_sbrk_base
 .data.__wctomb
                0x20001068        0x4 /home/nixtropy/opt/gcc-arm-none-eabi-4_9-2015q3/bin/../lib/gcc/arm-none-eabi/4.9.3/../../../../arm-none-eabi/lib/armv7-m/libc.a(lib_a-wctomb_r.o)
                0x20001068                __wctomb
                0x2000106c                . = ALIGN (0x4)
 *(.ramtext)
                0x2000106c                . = ALIGN (0x4)
                0x2000106c                PROVIDE (_edata, .)

.igot.plt       0x2000106c        0x0 load address 0x004053a4
 .igot.plt      0x00000000        0x0 build/obj/crt0.o

.bss            0x20001070      0x3b0 load address 0x004053a4
                0x20001070                . = ALIGN (0x4)
                0x20001070                PROVIDE (_bss_start, .)
 *(.bss)
                0x20001070                . = ALIGN (0x4)
 *(.bss.*)
 .bss.mainthread.4837
                0x20001070       0x48 build/obj/chsys.o
 .bss._idle_thread_wa
                0x200010b8       0xc0 build/obj/chsys.o
                0x200010b8                _idle_thread_wa
 .bss.vtlist    0x20001178       0x10 build/obj/chvt.o
                0x20001178                vtlist
 .bss.rlist     0x20001188       0x20 build/obj/chschd.o
                0x20001188                rlist
 .bss.endmem    0x200011a8        0x4 build/obj/chmemcore.o
 .bss.nextmem   0x200011ac        0x4 build/obj/chmemcore.o
 .bss.default_heap
                0x200011b0       0x20 build/obj/chheap.o
 .bss.SD1       0x200011d0       0x74 build/obj/serial_lld.o
                0x200011d0                SD1
 .bss.SD2       0x20001244       0x74 build/obj/serial_lld.o
                0x20001244                SD2
 .bss.waThread1
                0x200012b8      0x130 build/obj/main.o
 .bss.__malloc_max_total_mem
                0x200013e8        0x4 /home/nixtropy/opt/gcc-arm-none-eabi-4_9-2015q3/bin/../lib/gcc/arm-none-eabi/4.9.3/../../../../arm-none-eabi/lib/armv7-m/libc.a(lib_a-mallocr.o)
                0x200013e8                __malloc_max_total_mem
 .bss.__malloc_max_sbrked_mem
                0x200013ec        0x4 /home/nixtropy/opt/gcc-arm-none-eabi-4_9-2015q3/bin/../lib/gcc/arm-none-eabi/4.9.3/../../../../arm-none-eabi/lib/armv7-m/libc.a(lib_a-mallocr.o)
                0x200013ec                __malloc_max_sbrked_mem
 .bss.__malloc_top_pad
                0x200013f0        0x4 /home/nixtropy/opt/gcc-arm-none-eabi-4_9-2015q3/bin/../lib/gcc/arm-none-eabi/4.9.3/../../../../arm-none-eabi/lib/armv7-m/libc.a(lib_a-mallocr.o)
                0x200013f0                __malloc_top_pad
 .bss.__malloc_current_mallinfo
                0x200013f4       0x28 /home/nixtropy/opt/gcc-arm-none-eabi-4_9-2015q3/bin/../lib/gcc/arm-none-eabi/4.9.3/../../../../arm-none-eabi/lib/armv7-m/libc.a(lib_a-mallocr.o)
                0x200013f4                __malloc_current_mallinfo
                0x2000141c                . = ALIGN (0x4)
 *(COMMON)
 COMMON         0x2000141c        0x4 /home/nixtropy/opt/gcc-arm-none-eabi-4_9-2015q3/bin/../lib/gcc/arm-none-eabi/4.9.3/../../../../arm-none-eabi/lib/armv7-m/libc.a(lib_a-reent.o)
                0x2000141c                errno
                0x20001420                . = ALIGN (0x4)
                0x20001420                PROVIDE (_bss_end, .)
                0x20001420                PROVIDE (end, .)
                0x20001420                _end = .
                0x20001420                __heap_base__ = _end
                0x20008000                __heap_end__ = __ram_end__
OUTPUT(build/ch.elf elf32-littlearm)

.debug_info     0x00000000     0xcbfa
 .debug_info    0x00000000      0x2f2 build/obj/crt0.o
 .debug_info    0x000002f2       0xb3 build/obj/vectors.o
 .debug_info    0x000003a5      0x815 build/obj/chcore_v7m.o
 .debug_info    0x00000bba      0x3ff build/obj/nvic.o
 .debug_info    0x00000fb9      0x6bf build/obj/chsys.o
 .debug_info    0x00001678      0x262 build/obj/chvt.o
 .debug_info    0x000018da      0x8d3 build/obj/chschd.o
 .debug_info    0x000021ad      0xbe1 build/obj/chthreads.o
 .debug_info    0x00002d8e      0x9ec build/obj/chmtx.o
 .debug_info    0x0000377a      0xcc8 build/obj/chevents.o
 .debug_info    0x00004442      0xbb3 build/obj/chqueues.o
 .debug_info    0x00004ff5      0x218 build/obj/chmemcore.o
 .debug_info    0x0000520d      0x6db build/obj/chheap.o
 .debug_info    0x000058e8      0x188 build/obj/hal.o
 .debug_info    0x00005a70     0x10e9 build/obj/serial.o
 .debug_info    0x00006b59      0x177 build/obj/hal_lld.o
 .debug_info    0x00006cd0      0x42e build/obj/system_SAM3.o
 .debug_info    0x000070fe      0x88c build/obj/pal_lld.o
 .debug_info    0x0000798a     0x1594 build/obj/serial_lld.o
 .debug_info    0x00008f1e      0x9e9 build/obj/pio.o
 .debug_info    0x00009907      0x5a8 build/obj/pmc.o
 .debug_info    0x00009eaf      0x735 build/obj/board.o
 .debug_info    0x0000a5e4      0xc8d build/obj/syscalls.o
 .debug_info    0x0000b271      0x49d build/obj/chprintf.o
 .debug_info    0x0000b70e      0x222 build/obj/psram.o
 .debug_info    0x0000b930     0x12ca build/obj/main.o

.debug_abbrev   0x00000000     0x3199
 .debug_abbrev  0x00000000      0x13a build/obj/crt0.o
 .debug_abbrev  0x0000013a       0x75 build/obj/vectors.o
 .debug_abbrev  0x000001af      0x23f build/obj/chcore_v7m.o
 .debug_abbrev  0x000003ee      0x10e build/obj/nvic.o
 .debug_abbrev  0x000004fc      0x211 build/obj/chsys.o
 .debug_abbrev  0x0000070d      0x133 build/obj/chvt.o
 .debug_abbrev  0x00000840      0x311 build/obj/chschd.o
 .debug_abbrev  0x00000b51      0x335 build/obj/chthreads.o
 .debug_abbrev  0x00000e86      0x303 build/obj/chmtx.o
 .debug_abbrev  0x00001189      0x2c2 build/obj/chevents.o
 .debug_abbrev  0x0000144b      0x335 build/obj/chqueues.o
 .debug_abbrev  0x00001780      0x15b build/obj/chmemcore.o
 .debug_abbrev  0x000018db      0x1e7 build/obj/chheap.o
 .debug_abbrev  0x00001ac2      0x10a build/obj/hal.o
 .debug_abbrev  0x00001bcc      0x2c0 build/obj/serial.o
 .debug_abbrev  0x00001e8c      0x114 build/obj/hal_lld.o
 .debug_abbrev  0x00001fa0       0xe3 build/obj/system_SAM3.o
 .debug_abbrev  0x00002083      0x11b build/obj/pal_lld.o
 .debug_abbrev  0x0000219e      0x3c2 build/obj/serial_lld.o
 .debug_abbrev  0x00002560      0x1f4 build/obj/pio.o
 .debug_abbrev  0x00002754      0x15e build/obj/pmc.o
 .debug_abbrev  0x000028b2      0x16a build/obj/board.o
 .debug_abbrev  0x00002a1c      0x23a build/obj/syscalls.o
 .debug_abbrev  0x00002c56      0x192 build/obj/chprintf.o
 .debug_abbrev  0x00002de8      0x10e build/obj/psram.o
 .debug_abbrev  0x00002ef6      0x2a3 build/obj/main.o

.debug_loc      0x00000000     0x3417
 .debug_loc     0x00000000       0xba build/obj/crt0.o
 .debug_loc     0x000000ba       0x5a build/obj/chcore_v7m.o
 .debug_loc     0x00000114      0x158 build/obj/nvic.o
 .debug_loc     0x0000026c       0x31 build/obj/chsys.o
 .debug_loc     0x0000029d       0xd9 build/obj/chvt.o
 .debug_loc     0x00000376      0x2a4 build/obj/chschd.o
 .debug_loc     0x0000061a      0x423 build/obj/chthreads.o
 .debug_loc     0x00000a3d      0x41a build/obj/chmtx.o
 .debug_loc     0x00000e57      0x591 build/obj/chevents.o
 .debug_loc     0x000013e8      0x4f5 build/obj/chqueues.o
 .debug_loc     0x000018dd       0xb0 build/obj/chmemcore.o
 .debug_loc     0x0000198d      0x3a1 build/obj/chheap.o
 .debug_loc     0x00001d2e      0x4e0 build/obj/serial.o
 .debug_loc     0x0000220e       0x42 build/obj/pal_lld.o
 .debug_loc     0x00002250      0x299 build/obj/serial_lld.o
 .debug_loc     0x000024e9      0x39a build/obj/pio.o
 .debug_loc     0x00002883      0x269 build/obj/pmc.o
 .debug_loc     0x00002aec      0x1a4 build/obj/syscalls.o
 .debug_loc     0x00002c90      0x6f7 build/obj/chprintf.o
 .debug_loc     0x00003387       0x50 build/obj/psram.o
 .debug_loc     0x000033d7       0x40 build/obj/main.o

.debug_aranges  0x00000000      0x708
 .debug_aranges
                0x00000000       0x38 build/obj/crt0.o
 .debug_aranges
                0x00000038       0x20 build/obj/vectors.o
 .debug_aranges
                0x00000058       0x50 build/obj/chcore_v7m.o
 .debug_aranges
                0x000000a8       0x30 build/obj/nvic.o
 .debug_aranges
                0x000000d8       0x30 build/obj/chsys.o
 .debug_aranges
                0x00000108       0x38 build/obj/chvt.o
 .debug_aranges
                0x00000140       0x58 build/obj/chschd.o
 .debug_aranges
                0x00000198       0x78 build/obj/chthreads.o
 .debug_aranges
                0x00000210       0x58 build/obj/chmtx.o
 .debug_aranges
                0x00000268       0x90 build/obj/chevents.o
 .debug_aranges
                0x000002f8       0x70 build/obj/chqueues.o
 .debug_aranges
                0x00000368       0x38 build/obj/chmemcore.o
 .debug_aranges
                0x000003a0       0x40 build/obj/chheap.o
 .debug_aranges
                0x000003e0       0x20 build/obj/hal.o
 .debug_aranges
                0x00000400       0x90 build/obj/serial.o
 .debug_aranges
                0x00000490       0x28 build/obj/hal_lld.o
 .debug_aranges
                0x000004b8       0x28 build/obj/system_SAM3.o
 .debug_aranges
                0x000004e0       0x28 build/obj/pal_lld.o
 .debug_aranges
                0x00000508       0x58 build/obj/serial_lld.o
 .debug_aranges
                0x00000560       0x48 build/obj/pio.o
 .debug_aranges
                0x000005a8       0x60 build/obj/pmc.o
 .debug_aranges
                0x00000608       0x28 build/obj/board.o
 .debug_aranges
                0x00000630       0x68 build/obj/syscalls.o
 .debug_aranges
                0x00000698       0x28 build/obj/chprintf.o
 .debug_aranges
                0x000006c0       0x20 build/obj/psram.o
 .debug_aranges
                0x000006e0       0x28 build/obj/main.o

.debug_ranges   0x00000000      0xa60
 .debug_ranges  0x00000000       0x58 build/obj/crt0.o
 .debug_ranges  0x00000058       0x10 build/obj/vectors.o
 .debug_ranges  0x00000068       0x58 build/obj/chcore_v7m.o
 .debug_ranges  0x000000c0       0x20 build/obj/nvic.o
 .debug_ranges  0x000000e0       0x38 build/obj/chsys.o
 .debug_ranges  0x00000118       0x28 build/obj/chvt.o
 .debug_ranges  0x00000140      0x110 build/obj/chschd.o
 .debug_ranges  0x00000250      0x130 build/obj/chthreads.o
 .debug_ranges  0x00000380      0x1a0 build/obj/chmtx.o
 .debug_ranges  0x00000520       0xe0 build/obj/chevents.o
 .debug_ranges  0x00000600       0xc0 build/obj/chqueues.o
 .debug_ranges  0x000006c0       0x28 build/obj/chmemcore.o
 .debug_ranges  0x000006e8       0x30 build/obj/chheap.o
 .debug_ranges  0x00000718       0x10 build/obj/hal.o
 .debug_ranges  0x00000728       0xc8 build/obj/serial.o
 .debug_ranges  0x000007f0       0x18 build/obj/hal_lld.o
 .debug_ranges  0x00000808       0x18 build/obj/system_SAM3.o
 .debug_ranges  0x00000820       0x18 build/obj/pal_lld.o
 .debug_ranges  0x00000838       0x78 build/obj/serial_lld.o
 .debug_ranges  0x000008b0       0xb0 build/obj/pio.o
 .debug_ranges  0x00000960       0x50 build/obj/pmc.o
 .debug_ranges  0x000009b0       0x18 build/obj/board.o
 .debug_ranges  0x000009c8       0x58 build/obj/syscalls.o
 .debug_ranges  0x00000a20       0x18 build/obj/chprintf.o
 .debug_ranges  0x00000a38       0x10 build/obj/psram.o
 .debug_ranges  0x00000a48       0x18 build/obj/main.o

.debug_line     0x00000000     0x452b
 .debug_line    0x00000000      0x181 build/obj/crt0.o
 .debug_line    0x00000181       0x79 build/obj/vectors.o
 .debug_line    0x000001fa      0x274 build/obj/chcore_v7m.o
 .debug_line    0x0000046e      0x162 build/obj/nvic.o
 .debug_line    0x000005d0      0x290 build/obj/chsys.o
 .debug_line    0x00000860      0x1ea build/obj/chvt.o
 .debug_line    0x00000a4a      0x354 build/obj/chschd.o
 .debug_line    0x00000d9e      0x42f build/obj/chthreads.o
 .debug_line    0x000011cd      0x3b8 build/obj/chmtx.o
 .debug_line    0x00001585      0x35b build/obj/chevents.o
 .debug_line    0x000018e0      0x3eb build/obj/chqueues.o
 .debug_line    0x00001ccb      0x1ca build/obj/chmemcore.o
 .debug_line    0x00001e95      0x30a build/obj/chheap.o
 .debug_line    0x0000219f      0x1e6 build/obj/hal.o
 .debug_line    0x00002385      0x47e build/obj/serial.o
 .debug_line    0x00002803      0x199 build/obj/hal_lld.o
 .debug_line    0x0000299c      0x20c build/obj/system_SAM3.o
 .debug_line    0x00002ba8      0x247 build/obj/pal_lld.o
 .debug_line    0x00002def      0x4bd build/obj/serial_lld.o
 .debug_line    0x000032ac      0x265 build/obj/pio.o
 .debug_line    0x00003511      0x32b build/obj/pmc.o
 .debug_line    0x0000383c      0x22f build/obj/board.o
 .debug_line    0x00003a6b      0x225 build/obj/syscalls.o
 .debug_line    0x00003c90      0x30e build/obj/chprintf.o
 .debug_line    0x00003f9e      0x193 build/obj/psram.o
 .debug_line    0x00004131      0x3fa build/obj/main.o

.debug_str      0x00000000     0x230f
 .debug_str     0x00000000      0x304 build/obj/crt0.o
                                0x354 (size before relaxing)
 .debug_str     0x00000304       0x5f build/obj/vectors.o
                                0x234 (size before relaxing)
 .debug_str     0x00000363      0x302 build/obj/chcore_v7m.o
                                0x505 (size before relaxing)
 .debug_str     0x00000665       0xb1 build/obj/nvic.o
                                0x31f (size before relaxing)
 .debug_str     0x00000716      0x122 build/obj/chsys.o
                                0x4f0 (size before relaxing)
 .debug_str     0x00000838       0x5f build/obj/chvt.o
                                0x2ce (size before relaxing)
 .debug_str     0x00000897       0xb9 build/obj/chschd.o
                                0x4dd (size before relaxing)
 .debug_str     0x00000950       0xe6 build/obj/chthreads.o
                                0x577 (size before relaxing)
 .debug_str     0x00000a36       0x9d build/obj/chmtx.o
                                0x497 (size before relaxing)
 .debug_str     0x00000ad3      0x18c build/obj/chevents.o
                                0x575 (size before relaxing)
 .debug_str     0x00000c5f      0x132 build/obj/chqueues.o
                                0x516 (size before relaxing)
 .debug_str     0x00000d91       0x83 build/obj/chmemcore.o
                                0x295 (size before relaxing)
 .debug_str     0x00000e14       0xc0 build/obj/chheap.o
                                0x476 (size before relaxing)
 .debug_str     0x00000ed4       0xbc build/obj/hal.o
                                0x2a5 (size before relaxing)
 .debug_str     0x00000f90      0x280 build/obj/serial.o
                                0x761 (size before relaxing)
 .debug_str     0x00001210       0xa0 build/obj/hal_lld.o
                                0x2c0 (size before relaxing)
 .debug_str     0x000012b0      0x1e9 build/obj/system_SAM3.o
                                0x427 (size before relaxing)
 .debug_str     0x00001499      0x2ff build/obj/pal_lld.o
                                0x6a1 (size before relaxing)
 .debug_str     0x00001798      0x257 build/obj/serial_lld.o
                                0xca9 (size before relaxing)
 .debug_str     0x000019ef      0x155 build/obj/pio.o
                                0x63c (size before relaxing)
 .debug_str     0x00001b44      0x13d build/obj/pmc.o
                                0x49c (size before relaxing)
 .debug_str     0x00001c81       0x37 build/obj/board.o
                                0x5d6 (size before relaxing)
 .debug_str     0x00001cb8      0x4e9 build/obj/syscalls.o
                                0x72b (size before relaxing)
 .debug_str     0x000021a1       0xb6 build/obj/chprintf.o
                                0x324 (size before relaxing)
 .debug_str     0x00002257       0x97 build/obj/psram.o
                                0x2c3 (size before relaxing)
 .debug_str     0x000022ee       0x21 build/obj/main.o
                                0xa1e (size before relaxing)

.comment        0x00000000       0x70
 .comment       0x00000000       0x70 build/obj/crt0.o
                                 0x71 (size before relaxing)
 .comment       0x00000000       0x71 build/obj/vectors.o
 .comment       0x00000000       0x71 build/obj/chcore_v7m.o
 .comment       0x00000000       0x71 build/obj/nvic.o
 .comment       0x00000000       0x71 build/obj/chsys.o
 .comment       0x00000000       0x71 build/obj/chvt.o
 .comment       0x00000000       0x71 build/obj/chschd.o
 .comment       0x00000000       0x71 build/obj/chthreads.o
 .comment       0x00000000       0x71 build/obj/chmtx.o
 .comment       0x00000000       0x71 build/obj/chevents.o
 .comment       0x00000000       0x71 build/obj/chqueues.o
 .comment       0x00000000       0x71 build/obj/chmemcore.o
 .comment       0x00000000       0x71 build/obj/chheap.o
 .comment       0x00000000       0x71 build/obj/hal.o
 .comment       0x00000000       0x71 build/obj/serial.o
 .comment       0x00000000       0x71 build/obj/hal_lld.o
 .comment       0x00000000       0x71 build/obj/system_SAM3.o
 .comment       0x00000000       0x71 build/obj/pal_lld.o
 .comment       0x00000000       0x71 build/obj/serial_lld.o
 .comment       0x00000000       0x71 build/obj/pio.o
 .comment       0x00000000       0x71 build/obj/pmc.o
 .comment       0x00000000       0x71 build/obj/board.o
 .comment       0x00000000       0x71 build/obj/syscalls.o
 .comment       0x00000000       0x71 build/obj/chprintf.o
 .comment       0x00000000       0x71 build/obj/psram.o
 .comment       0x00000000       0x71 build/obj/main.o

.ARM.attributes
                0x00000000       0x31
 .ARM.attributes
                0x00000000       0x33 build/obj/crt0.o
 .ARM.attributes
                0x00000033       0x33 build/obj/vectors.o
 .ARM.attributes
                0x00000066       0x33 build/obj/chcore_v7m.o
 .ARM.attributes
                0x00000099       0x33 build/obj/nvic.o
 .ARM.attributes
                0x000000cc       0x33 build/obj/chsys.o
 .ARM.attributes
                0x000000ff       0x33 build/obj/chvt.o
 .ARM.attributes
                0x00000132       0x33 build/obj/chschd.o
 .ARM.attributes
                0x00000165       0x33 build/obj/chthreads.o
 .ARM.attributes
                0x00000198       0x33 build/obj/chmtx.o
 .ARM.attributes
                0x000001cb       0x33 build/obj/chevents.o
 .ARM.attributes
                0x000001fe       0x33 build/obj/chqueues.o
 .ARM.attributes
                0x00000231       0x33 build/obj/chmemcore.o
 .ARM.attributes
                0x00000264       0x33 build/obj/chheap.o
 .ARM.attributes
                0x00000297       0x33 build/obj/hal.o
 .ARM.attributes
                0x000002ca       0x33 build/obj/serial.o
 .ARM.attributes
                0x000002fd       0x33 build/obj/hal_lld.o
 .ARM.attributes
                0x00000330       0x33 build/obj/system_SAM3.o
 .ARM.attributes
                0x00000363       0x33 build/obj/pal_lld.o
 .ARM.attributes
                0x00000396       0x33 build/obj/serial_lld.o
 .ARM.attributes
                0x000003c9       0x33 build/obj/pio.o
 .ARM.attributes
                0x000003fc       0x33 build/obj/pmc.o
 .ARM.attributes
                0x0000042f       0x33 build/obj/board.o
 .ARM.attributes
                0x00000462       0x33 build/obj/syscalls.o
 .ARM.attributes
                0x00000495       0x33 build/obj/chprintf.o
 .ARM.attributes
                0x000004c8       0x33 build/obj/psram.o
 .ARM.attributes
                0x000004fb       0x33 build/obj/main.o
 .ARM.attributes
                0x0000052e       0x2d /home/nixtropy/opt/gcc-arm-none-eabi-4_9-2015q3/bin/../lib/gcc/arm-none-eabi/4.9.3/../../../../arm-none-eabi/lib/armv7-m/libc.a(lib_a-assert.o)
 .ARM.attributes
                0x0000055b       0x2d /home/nixtropy/opt/gcc-arm-none-eabi-4_9-2015q3/bin/../lib/gcc/arm-none-eabi/4.9.3/../../../../arm-none-eabi/lib/armv7-m/libc.a(lib_a-fiprintf.o)
 .ARM.attributes
                0x00000588       0x2d /home/nixtropy/opt/gcc-arm-none-eabi-4_9-2015q3/bin/../lib/gcc/arm-none-eabi/4.9.3/../../../../arm-none-eabi/lib/armv7-m/libc.a(lib_a-impure.o)
 .ARM.attributes
                0x000005b5       0x2d /home/nixtropy/opt/gcc-arm-none-eabi-4_9-2015q3/bin/../lib/gcc/arm-none-eabi/4.9.3/../../../../arm-none-eabi/lib/armv7-m/libc.a(lib_a-memset.o)
 .ARM.attributes
                0x000005e2       0x2d /home/nixtropy/opt/gcc-arm-none-eabi-4_9-2015q3/bin/../lib/gcc/arm-none-eabi/4.9.3/../../../../arm-none-eabi/lib/armv7-m/libc.a(lib_a-vfiprintf.o)
 .ARM.attributes
                0x0000060f       0x2d /home/nixtropy/opt/gcc-arm-none-eabi-4_9-2015q3/bin/../lib/gcc/arm-none-eabi/4.9.3/../../../../arm-none-eabi/lib/armv7-m/libc.a(lib_a-wsetup.o)
 .ARM.attributes
                0x0000063c       0x2d /home/nixtropy/opt/gcc-arm-none-eabi-4_9-2015q3/bin/../lib/gcc/arm-none-eabi/4.9.3/../../../../arm-none-eabi/lib/armv7-m/libc.a(lib_a-abort.o)
 .ARM.attributes
                0x00000669       0x2d /home/nixtropy/opt/gcc-arm-none-eabi-4_9-2015q3/bin/../lib/gcc/arm-none-eabi/4.9.3/../../../../arm-none-eabi/lib/armv7-m/libc.a(lib_a-fflush.o)
 .ARM.attributes
                0x00000696       0x2d /home/nixtropy/opt/gcc-arm-none-eabi-4_9-2015q3/bin/../lib/gcc/arm-none-eabi/4.9.3/../../../../arm-none-eabi/lib/armv7-m/libc.a(lib_a-findfp.o)
 .ARM.attributes
                0x000006c3       0x2d /home/nixtropy/opt/gcc-arm-none-eabi-4_9-2015q3/bin/../lib/gcc/arm-none-eabi/4.9.3/../../../../arm-none-eabi/lib/armv7-m/libc.a(lib_a-fputwc.o)
 .ARM.attributes
                0x000006f0       0x2d /home/nixtropy/opt/gcc-arm-none-eabi-4_9-2015q3/bin/../lib/gcc/arm-none-eabi/4.9.3/../../../../arm-none-eabi/lib/armv7-m/libc.a(lib_a-freer.o)
 .ARM.attributes
                0x0000071d       0x2d /home/nixtropy/opt/gcc-arm-none-eabi-4_9-2015q3/bin/../lib/gcc/arm-none-eabi/4.9.3/../../../../arm-none-eabi/lib/armv7-m/libc.a(lib_a-fvwrite.o)
 .ARM.attributes
                0x0000074a       0x2d /home/nixtropy/opt/gcc-arm-none-eabi-4_9-2015q3/bin/../lib/gcc/arm-none-eabi/4.9.3/../../../../arm-none-eabi/lib/armv7-m/libc.a(lib_a-fwalk.o)
 .ARM.attributes
                0x00000777       0x2d /home/nixtropy/opt/gcc-arm-none-eabi-4_9-2015q3/bin/../lib/gcc/arm-none-eabi/4.9.3/../../../../arm-none-eabi/lib/armv7-m/libc.a(lib_a-locale.o)
 .ARM.attributes
                0x000007a4       0x2d /home/nixtropy/opt/gcc-arm-none-eabi-4_9-2015q3/bin/../lib/gcc/arm-none-eabi/4.9.3/../../../../arm-none-eabi/lib/armv7-m/libc.a(lib_a-makebuf.o)
 .ARM.attributes
                0x000007d1       0x2d /home/nixtropy/opt/gcc-arm-none-eabi-4_9-2015q3/bin/../lib/gcc/arm-none-eabi/4.9.3/../../../../arm-none-eabi/lib/armv7-m/libc.a(lib_a-mallocr.o)
 .ARM.attributes
                0x000007fe       0x2d /home/nixtropy/opt/gcc-arm-none-eabi-4_9-2015q3/bin/../lib/gcc/arm-none-eabi/4.9.3/../../../../arm-none-eabi/lib/armv7-m/libc.a(lib_a-memchr.o)
 .ARM.attributes
                0x0000082b       0x1b /home/nixtropy/opt/gcc-arm-none-eabi-4_9-2015q3/bin/../lib/gcc/arm-none-eabi/4.9.3/../../../../arm-none-eabi/lib/armv7-m/libc.a(lib_a-memcpy.o)
 .ARM.attributes
                0x00000846       0x2d /home/nixtropy/opt/gcc-arm-none-eabi-4_9-2015q3/bin/../lib/gcc/arm-none-eabi/4.9.3/../../../../arm-none-eabi/lib/armv7-m/libc.a(lib_a-memmove.o)
 .ARM.attributes
                0x00000873       0x2d /home/nixtropy/opt/gcc-arm-none-eabi-4_9-2015q3/bin/../lib/gcc/arm-none-eabi/4.9.3/../../../../arm-none-eabi/lib/armv7-m/libc.a(lib_a-mlock.o)
 .ARM.attributes
                0x000008a0       0x2d /home/nixtropy/opt/gcc-arm-none-eabi-4_9-2015q3/bin/../lib/gcc/arm-none-eabi/4.9.3/../../../../arm-none-eabi/lib/armv7-m/libc.a(lib_a-reallocr.o)
 .ARM.attributes
                0x000008cd       0x2d /home/nixtropy/opt/gcc-arm-none-eabi-4_9-2015q3/bin/../lib/gcc/arm-none-eabi/4.9.3/../../../../arm-none-eabi/lib/armv7-m/libc.a(lib_a-signal.o)
 .ARM.attributes
                0x000008fa       0x2d /home/nixtropy/opt/gcc-arm-none-eabi-4_9-2015q3/bin/../lib/gcc/arm-none-eabi/4.9.3/../../../../arm-none-eabi/lib/armv7-m/libc.a(lib_a-signalr.o)
 .ARM.attributes
                0x00000927       0x2d /home/nixtropy/opt/gcc-arm-none-eabi-4_9-2015q3/bin/../lib/gcc/arm-none-eabi/4.9.3/../../../../arm-none-eabi/lib/armv7-m/libc.a(lib_a-stdio.o)
 .ARM.attributes
                0x00000954       0x2d /home/nixtropy/opt/gcc-arm-none-eabi-4_9-2015q3/bin/../lib/gcc/arm-none-eabi/4.9.3/../../../../arm-none-eabi/lib/armv7-m/libc.a(lib_a-strlen.o)
 .ARM.attributes
                0x00000981       0x2d /home/nixtropy/opt/gcc-arm-none-eabi-4_9-2015q3/bin/../lib/gcc/arm-none-eabi/4.9.3/../../../../arm-none-eabi/lib/armv7-m/libc.a(lib_a-wbuf.o)
 .ARM.attributes
                0x000009ae       0x2d /home/nixtropy/opt/gcc-arm-none-eabi-4_9-2015q3/bin/../lib/gcc/arm-none-eabi/4.9.3/../../../../arm-none-eabi/lib/armv7-m/libc.a(lib_a-wcrtomb.o)
 .ARM.attributes
                0x000009db       0x2d /home/nixtropy/opt/gcc-arm-none-eabi-4_9-2015q3/bin/../lib/gcc/arm-none-eabi/4.9.3/../../../../arm-none-eabi/lib/armv7-m/libc.a(lib_a-wctomb_r.o)
 .ARM.attributes
                0x00000a08       0x2d /home/nixtropy/opt/gcc-arm-none-eabi-4_9-2015q3/bin/../lib/gcc/arm-none-eabi/4.9.3/../../../../arm-none-eabi/lib/armv7-m/libc.a(lib_a-fclose.o)
 .ARM.attributes
                0x00000a35       0x2d /home/nixtropy/opt/gcc-arm-none-eabi-4_9-2015q3/bin/../lib/gcc/arm-none-eabi/4.9.3/../../../../arm-none-eabi/lib/armv7-m/libc.a(lib_a-reent.o)
 .ARM.attributes
                0x00000a62       0x1d /home/nixtropy/opt/gcc-arm-none-eabi-4_9-2015q3/bin/../lib/gcc/arm-none-eabi/4.9.3/armv7-m/libgcc.a(_aeabi_uldivmod.o)
 .ARM.attributes
                0x00000a7f       0x2d /home/nixtropy/opt/gcc-arm-none-eabi-4_9-2015q3/bin/../lib/gcc/arm-none-eabi/4.9.3/armv7-m/libgcc.a(bpabi.o)
 .ARM.attributes
                0x00000aac       0x1d /home/nixtropy/opt/gcc-arm-none-eabi-4_9-2015q3/bin/../lib/gcc/arm-none-eabi/4.9.3/armv7-m/libgcc.a(_dvmd_tls.o)
 .ARM.attributes
                0x00000ac9       0x2d /home/nixtropy/opt/gcc-arm-none-eabi-4_9-2015q3/bin/../lib/gcc/arm-none-eabi/4.9.3/armv7-m/libgcc.a(_divdi3.o)
 .ARM.attributes
                0x00000af6       0x2d /home/nixtropy/opt/gcc-arm-none-eabi-4_9-2015q3/bin/../lib/gcc/arm-none-eabi/4.9.3/armv7-m/libgcc.a(_udivdi3.o)

.debug_frame    0x00000000     0x1d14
 .debug_frame   0x00000000       0x50 build/obj/crt0.o
 .debug_frame   0x00000050       0x20 build/obj/vectors.o
 .debug_frame   0x00000070       0xa0 build/obj/chcore_v7m.o
 .debug_frame   0x00000110       0x74 build/obj/nvic.o
 .debug_frame   0x00000184       0x5c build/obj/chsys.o
 .debug_frame   0x000001e0       0x5c build/obj/chvt.o
 .debug_frame   0x0000023c      0x128 build/obj/chschd.o
 .debug_frame   0x00000364      0x18c build/obj/chthreads.o
 .debug_frame   0x000004f0       0xf4 build/obj/chmtx.o
 .debug_frame   0x000005e4      0x1c4 build/obj/chevents.o
 .debug_frame   0x000007a8      0x188 build/obj/chqueues.o
 .debug_frame   0x00000930       0x68 build/obj/chmemcore.o
 .debug_frame   0x00000998       0xb4 build/obj/chheap.o
 .debug_frame   0x00000a4c       0x30 build/obj/hal.o
 .debug_frame   0x00000a7c      0x160 build/obj/serial.o
 .debug_frame   0x00000bdc       0x3c build/obj/hal_lld.o
 .debug_frame   0x00000c18       0x58 build/obj/system_SAM3.o
 .debug_frame   0x00000c70       0x48 build/obj/pal_lld.o
 .debug_frame   0x00000cb8      0x108 build/obj/serial_lld.o
 .debug_frame   0x00000dc0       0x80 build/obj/pio.o
 .debug_frame   0x00000e40      0x108 build/obj/pmc.o
 .debug_frame   0x00000f48       0x40 build/obj/board.o
 .debug_frame   0x00000f88       0xc8 build/obj/syscalls.o
 .debug_frame   0x00001050       0x9c build/obj/chprintf.o
 .debug_frame   0x000010ec       0x2c build/obj/psram.o
 .debug_frame   0x00001118       0x4c build/obj/main.o
 .debug_frame   0x00001164       0x40 /home/nixtropy/opt/gcc-arm-none-eabi-4_9-2015q3/bin/../lib/gcc/arm-none-eabi/4.9.3/../../../../arm-none-eabi/lib/armv7-m/libc.a(lib_a-assert.o)
 .debug_frame   0x000011a4       0x74 /home/nixtropy/opt/gcc-arm-none-eabi-4_9-2015q3/bin/../lib/gcc/arm-none-eabi/4.9.3/../../../../arm-none-eabi/lib/armv7-m/libc.a(lib_a-fiprintf.o)
 .debug_frame   0x00001218       0x34 /home/nixtropy/opt/gcc-arm-none-eabi-4_9-2015q3/bin/../lib/gcc/arm-none-eabi/4.9.3/../../../../arm-none-eabi/lib/armv7-m/libc.a(lib_a-memset.o)
 .debug_frame   0x0000124c       0xd8 /home/nixtropy/opt/gcc-arm-none-eabi-4_9-2015q3/bin/../lib/gcc/arm-none-eabi/4.9.3/../../../../arm-none-eabi/lib/armv7-m/libc.a(lib_a-vfiprintf.o)
 .debug_frame   0x00001324       0x2c /home/nixtropy/opt/gcc-arm-none-eabi-4_9-2015q3/bin/../lib/gcc/arm-none-eabi/4.9.3/../../../../arm-none-eabi/lib/armv7-m/libc.a(lib_a-wsetup.o)
 .debug_frame   0x00001350       0x28 /home/nixtropy/opt/gcc-arm-none-eabi-4_9-2015q3/bin/../lib/gcc/arm-none-eabi/4.9.3/../../../../arm-none-eabi/lib/armv7-m/libc.a(lib_a-abort.o)
 .debug_frame   0x00001378       0x6c /home/nixtropy/opt/gcc-arm-none-eabi-4_9-2015q3/bin/../lib/gcc/arm-none-eabi/4.9.3/../../../../arm-none-eabi/lib/armv7-m/libc.a(lib_a-fflush.o)
 .debug_frame   0x000013e4      0x124 /home/nixtropy/opt/gcc-arm-none-eabi-4_9-2015q3/bin/../lib/gcc/arm-none-eabi/4.9.3/../../../../arm-none-eabi/lib/armv7-m/libc.a(lib_a-findfp.o)
 .debug_frame   0x00001508       0x84 /home/nixtropy/opt/gcc-arm-none-eabi-4_9-2015q3/bin/../lib/gcc/arm-none-eabi/4.9.3/../../../../arm-none-eabi/lib/armv7-m/libc.a(lib_a-fputwc.o)
 .debug_frame   0x0000158c       0x74 /home/nixtropy/opt/gcc-arm-none-eabi-4_9-2015q3/bin/../lib/gcc/arm-none-eabi/4.9.3/../../../../arm-none-eabi/lib/armv7-m/libc.a(lib_a-freer.o)
 .debug_frame   0x00001600       0x68 /home/nixtropy/opt/gcc-arm-none-eabi-4_9-2015q3/bin/../lib/gcc/arm-none-eabi/4.9.3/../../../../arm-none-eabi/lib/armv7-m/libc.a(lib_a-fvwrite.o)
 .debug_frame   0x00001668       0x54 /home/nixtropy/opt/gcc-arm-none-eabi-4_9-2015q3/bin/../lib/gcc/arm-none-eabi/4.9.3/../../../../arm-none-eabi/lib/armv7-m/libc.a(lib_a-fwalk.o)
 .debug_frame   0x000016bc       0x9c /home/nixtropy/opt/gcc-arm-none-eabi-4_9-2015q3/bin/../lib/gcc/arm-none-eabi/4.9.3/../../../../arm-none-eabi/lib/armv7-m/libc.a(lib_a-locale.o)
 .debug_frame   0x00001758       0x48 /home/nixtropy/opt/gcc-arm-none-eabi-4_9-2015q3/bin/../lib/gcc/arm-none-eabi/4.9.3/../../../../arm-none-eabi/lib/armv7-m/libc.a(lib_a-makebuf.o)
 .debug_frame   0x000017a0       0x54 /home/nixtropy/opt/gcc-arm-none-eabi-4_9-2015q3/bin/../lib/gcc/arm-none-eabi/4.9.3/../../../../arm-none-eabi/lib/armv7-m/libc.a(lib_a-mallocr.o)
 .debug_frame   0x000017f4       0x3c /home/nixtropy/opt/gcc-arm-none-eabi-4_9-2015q3/bin/../lib/gcc/arm-none-eabi/4.9.3/../../../../arm-none-eabi/lib/armv7-m/libc.a(lib_a-memchr.o)
 .debug_frame   0x00001830       0x30 /home/nixtropy/opt/gcc-arm-none-eabi-4_9-2015q3/bin/../lib/gcc/arm-none-eabi/4.9.3/../../../../arm-none-eabi/lib/armv7-m/libc.a(lib_a-memmove.o)
 .debug_frame   0x00001860       0x30 /home/nixtropy/opt/gcc-arm-none-eabi-4_9-2015q3/bin/../lib/gcc/arm-none-eabi/4.9.3/../../../../arm-none-eabi/lib/armv7-m/libc.a(lib_a-mlock.o)
 .debug_frame   0x00001890       0x58 /home/nixtropy/opt/gcc-arm-none-eabi-4_9-2015q3/bin/../lib/gcc/arm-none-eabi/4.9.3/../../../../arm-none-eabi/lib/armv7-m/libc.a(lib_a-reallocr.o)
 .debug_frame   0x000018e8       0xe4 /home/nixtropy/opt/gcc-arm-none-eabi-4_9-2015q3/bin/../lib/gcc/arm-none-eabi/4.9.3/../../../../arm-none-eabi/lib/armv7-m/libc.a(lib_a-signal.o)
 .debug_frame   0x000019cc       0x3c /home/nixtropy/opt/gcc-arm-none-eabi-4_9-2015q3/bin/../lib/gcc/arm-none-eabi/4.9.3/../../../../arm-none-eabi/lib/armv7-m/libc.a(lib_a-signalr.o)
 .debug_frame   0x00001a08       0x88 /home/nixtropy/opt/gcc-arm-none-eabi-4_9-2015q3/bin/../lib/gcc/arm-none-eabi/4.9.3/../../../../arm-none-eabi/lib/armv7-m/libc.a(lib_a-stdio.o)
 .debug_frame   0x00001a90       0x20 /home/nixtropy/opt/gcc-arm-none-eabi-4_9-2015q3/bin/../lib/gcc/arm-none-eabi/4.9.3/../../../../arm-none-eabi/lib/armv7-m/libc.a(lib_a-strlen.o)
 .debug_frame   0x00001ab0       0x3c /home/nixtropy/opt/gcc-arm-none-eabi-4_9-2015q3/bin/../lib/gcc/arm-none-eabi/4.9.3/../../../../arm-none-eabi/lib/armv7-m/libc.a(lib_a-wbuf.o)
 .debug_frame   0x00001aec       0x60 /home/nixtropy/opt/gcc-arm-none-eabi-4_9-2015q3/bin/../lib/gcc/arm-none-eabi/4.9.3/../../../../arm-none-eabi/lib/armv7-m/libc.a(lib_a-wcrtomb.o)
 .debug_frame   0x00001b4c       0x48 /home/nixtropy/opt/gcc-arm-none-eabi-4_9-2015q3/bin/../lib/gcc/arm-none-eabi/4.9.3/../../../../arm-none-eabi/lib/armv7-m/libc.a(lib_a-wctomb_r.o)
 .debug_frame   0x00001b94       0x44 /home/nixtropy/opt/gcc-arm-none-eabi-4_9-2015q3/bin/../lib/gcc/arm-none-eabi/4.9.3/../../../../arm-none-eabi/lib/armv7-m/libc.a(lib_a-fclose.o)
 .debug_frame   0x00001bd8       0x58 /home/nixtropy/opt/gcc-arm-none-eabi-4_9-2015q3/bin/../lib/gcc/arm-none-eabi/4.9.3/../../../../arm-none-eabi/lib/armv7-m/libc.a(lib_a-reent.o)
 .debug_frame   0x00001c30       0x28 /home/nixtropy/opt/gcc-arm-none-eabi-4_9-2015q3/bin/../lib/gcc/arm-none-eabi/4.9.3/armv7-m/libgcc.a(_aeabi_uldivmod.o)
 .debug_frame   0x00001c58       0x54 /home/nixtropy/opt/gcc-arm-none-eabi-4_9-2015q3/bin/../lib/gcc/arm-none-eabi/4.9.3/armv7-m/libgcc.a(bpabi.o)
 .debug_frame   0x00001cac       0x34 /home/nixtropy/opt/gcc-arm-none-eabi-4_9-2015q3/bin/../lib/gcc/arm-none-eabi/4.9.3/armv7-m/libgcc.a(_divdi3.o)
 .debug_frame   0x00001ce0       0x34 /home/nixtropy/opt/gcc-arm-none-eabi-4_9-2015q3/bin/../lib/gcc/arm-none-eabi/4.9.3/armv7-m/libgcc.a(_udivdi3.o)

Cross Reference Table

Symbol                                            File
ADC_CfgChannelMode                                build/obj/atmel_adc.o
ADC_CfgLowRes                                     build/obj/atmel_adc.o
ADC_CfgPowerSave                                  build/obj/atmel_adc.o
ADC_CfgTiming                                     build/obj/atmel_adc.o
ADC_CfgTrigering                                  build/obj/atmel_adc.o
ADC_GetConvertedData                              build/obj/atmel_adc.o
ADC_Initialize                                    build/obj/atmel_adc.o
ADC_IsChannelInterruptStatusSet                   build/obj/atmel_adc.o
ADC_IsInterruptMasked                             build/obj/atmel_adc.o
ADC_IsStatusSet                                   build/obj/atmel_adc.o
ADC_ReadBuffer                                    build/obj/atmel_adc.o
ADC_SetCompareChannel                             build/obj/atmel_adc.o
ADC_SetCompareMode                                build/obj/atmel_adc.o
ADC_SetComparisonWindow                           build/obj/atmel_adc.o
ADC_cfgFrequency                                  build/obj/atmel_adc.o
ADC_check                                         build/obj/atmel_adc.o
BOARD_ConfigurePSRAM                              build/obj/psram.o
                                                  build/obj/main.o
BusFaultVector                                    build/obj/vectors.o
ConfigurePck                                      build/obj/pmc.o
                                                  build/obj/main.o
DebugMonitorVector                                build/obj/vectors.o
HardFaultVector                                   build/obj/vectors.o
MemManageVector                                   build/obj/vectors.o
NMIVector                                         build/obj/vectors.o
PIO_Clear                                         build/obj/pio.o
PIO_Configure                                     build/obj/pio.o
                                                  build/obj/main.o
PIO_Get                                           build/obj/pio.o
PIO_GetOutputDataStatus                           build/obj/pio.o
PIO_Set                                           build/obj/pio.o
PIO_SetDebounceFilter                             build/obj/pio.o
PMC_DisableAllPeripherals                         build/obj/pmc.o
PMC_DisablePeripheral                             build/obj/pmc.o
PMC_EnableAllPeripherals                          build/obj/pmc.o
PMC_EnablePeripheral                              build/obj/pmc.o
                                                  build/obj/psram.o
                                                  build/obj/pio.o
PMC_IsPeriphEnabled                               build/obj/pmc.o
PendSVVector                                      build/obj/vectors.o
PmcConfigurePllClock                              build/obj/pmc.o
                                                  build/obj/main.o
PmcMainClockSwitchMainOsc                         build/obj/pmc.o
PmcMasterClockSelection                           build/obj/pmc.o
                                                  build/obj/main.o
ResetHandler                                      build/obj/crt0.o
                                                  build/obj/vectors.o
SD1                                               build/obj/serial_lld.o
SD2                                               build/obj/serial_lld.o
                                                  build/obj/main.o
                                                  build/obj/atmel_adc.o
SVCallVector                                      build/obj/chcore_v7m.o
                                                  build/obj/vectors.o
SysTickVector                                     build/obj/chcore_v7m.o
                                                  build/obj/vectors.o
SystemCoreClock                                   build/obj/system_SAM3.o
                                                  build/obj/serial_lld.o
                                                  build/obj/hal_lld.o
SystemCoreClockUpdate                             build/obj/system_SAM3.o
                                                  build/obj/serial_lld.o
                                                  build/obj/hal_lld.o
SystemInit                                        build/obj/system_SAM3.o
                                                  build/obj/hal_lld.o
TestThread                                        build/obj/test.o
UsageFaultVector                                  build/obj/vectors.o
Vector1C                                          build/obj/vectors.o
Vector20                                          build/obj/vectors.o
Vector24                                          build/obj/vectors.o
Vector28                                          build/obj/vectors.o
Vector34                                          build/obj/vectors.o
Vector40                                          build/obj/vectors.o
Vector44                                          build/obj/vectors.o
Vector48                                          build/obj/vectors.o
Vector4C                                          build/obj/vectors.o
Vector50                                          build/obj/vectors.o
Vector54                                          build/obj/vectors.o
Vector58                                          build/obj/vectors.o
Vector5C                                          build/obj/vectors.o
Vector60                                          build/obj/serial_lld.o
                                                  build/obj/vectors.o
Vector64                                          build/obj/serial_lld.o
                                                  build/obj/vectors.o
Vector68                                          build/obj/vectors.o
Vector6C                                          build/obj/vectors.o
Vector70                                          build/obj/vectors.o
Vector74                                          build/obj/vectors.o
Vector78                                          build/obj/vectors.o
Vector7C                                          build/obj/vectors.o
Vector80                                          build/obj/vectors.o
Vector84                                          build/obj/vectors.o
Vector88                                          build/obj/vectors.o
Vector8C                                          build/obj/vectors.o
Vector90                                          build/obj/vectors.o
Vector94                                          build/obj/vectors.o
Vector98                                          build/obj/vectors.o
Vector9C                                          build/obj/vectors.o
VectorA0                                          build/obj/vectors.o
VectorA4                                          build/obj/vectors.o
VectorA8                                          build/obj/vectors.o
VectorAC                                          build/obj/vectors.o
VectorB0                                          build/obj/vectors.o
VectorB4                                          build/obj/vectors.o
VectorB8                                          build/obj/vectors.o
VectorBC                                          build/obj/vectors.o
VectorC0                                          build/obj/vectors.o
VectorC4                                          build/obj/vectors.o
VectorC8                                          build/obj/vectors.o
VectorCC                                          build/obj/vectors.o
_PathLocale                                       /home/nixtropy/opt/gcc-arm-none-eabi-4_9-2015q3/bin/../lib/gcc/arm-none-eabi/4.9.3/../../../../arm-none-eabi/lib/armv7-m/libc.a(lib_a-locale.o)
__aeabi_idiv0                                     /home/nixtropy/opt/gcc-arm-none-eabi-4_9-2015q3/bin/../lib/gcc/arm-none-eabi/4.9.3/armv7-m/libgcc.a(_dvmd_tls.o)
__aeabi_ldiv0                                     /home/nixtropy/opt/gcc-arm-none-eabi-4_9-2015q3/bin/../lib/gcc/arm-none-eabi/4.9.3/armv7-m/libgcc.a(_dvmd_tls.o)
                                                  /home/nixtropy/opt/gcc-arm-none-eabi-4_9-2015q3/bin/../lib/gcc/arm-none-eabi/4.9.3/armv7-m/libgcc.a(_aeabi_uldivmod.o)
__aeabi_uldivmod                                  /home/nixtropy/opt/gcc-arm-none-eabi-4_9-2015q3/bin/../lib/gcc/arm-none-eabi/4.9.3/armv7-m/libgcc.a(_aeabi_uldivmod.o)
                                                  /home/nixtropy/opt/gcc-arm-none-eabi-4_9-2015q3/bin/../lib/gcc/arm-none-eabi/4.9.3/../../../../arm-none-eabi/lib/armv7-m/libc.a(lib_a-vfiprintf.o)
__ascii_wctomb                                    /home/nixtropy/opt/gcc-arm-none-eabi-4_9-2015q3/bin/../lib/gcc/arm-none-eabi/4.9.3/../../../../arm-none-eabi/lib/armv7-m/libc.a(lib_a-wctomb_r.o)
__assert                                          /home/nixtropy/opt/gcc-arm-none-eabi-4_9-2015q3/bin/../lib/gcc/arm-none-eabi/4.9.3/../../../../arm-none-eabi/lib/armv7-m/libc.a(lib_a-assert.o)
__assert_func                                     /home/nixtropy/opt/gcc-arm-none-eabi-4_9-2015q3/bin/../lib/gcc/arm-none-eabi/4.9.3/../../../../arm-none-eabi/lib/armv7-m/libc.a(lib_a-assert.o)
                                                  build/obj/pmc.o
                                                  build/obj/atmel_adc.o
__divdi3                                          /home/nixtropy/opt/gcc-arm-none-eabi-4_9-2015q3/bin/../lib/gcc/arm-none-eabi/4.9.3/armv7-m/libgcc.a(_divdi3.o)
                                                  /home/nixtropy/opt/gcc-arm-none-eabi-4_9-2015q3/bin/../lib/gcc/arm-none-eabi/4.9.3/armv7-m/libgcc.a(bpabi.o)
__early_init                                      build/obj/board.o
                                                  build/obj/crt0.o
__fini_array_end                                  build/obj/crt0.o
__fini_array_start                                build/obj/crt0.o
__fp_lock_all                                     /home/nixtropy/opt/gcc-arm-none-eabi-4_9-2015q3/bin/../lib/gcc/arm-none-eabi/4.9.3/../../../../arm-none-eabi/lib/armv7-m/libc.a(lib_a-findfp.o)
__fp_unlock_all                                   /home/nixtropy/opt/gcc-arm-none-eabi-4_9-2015q3/bin/../lib/gcc/arm-none-eabi/4.9.3/../../../../arm-none-eabi/lib/armv7-m/libc.a(lib_a-findfp.o)
__fputwc                                          /home/nixtropy/opt/gcc-arm-none-eabi-4_9-2015q3/bin/../lib/gcc/arm-none-eabi/4.9.3/../../../../arm-none-eabi/lib/armv7-m/libc.a(lib_a-fputwc.o)
__gnu_ldivmod_helper                              /home/nixtropy/opt/gcc-arm-none-eabi-4_9-2015q3/bin/../lib/gcc/arm-none-eabi/4.9.3/armv7-m/libgcc.a(bpabi.o)
__gnu_uldivmod_helper                             /home/nixtropy/opt/gcc-arm-none-eabi-4_9-2015q3/bin/../lib/gcc/arm-none-eabi/4.9.3/armv7-m/libgcc.a(bpabi.o)
                                                  /home/nixtropy/opt/gcc-arm-none-eabi-4_9-2015q3/bin/../lib/gcc/arm-none-eabi/4.9.3/armv7-m/libgcc.a(_aeabi_uldivmod.o)
__heap_base__                                     build/obj/chmemcore.o
__heap_end__                                      build/obj/chmemcore.o
__init_array_end                                  build/obj/crt0.o
__init_array_start                                build/obj/crt0.o
__late_init                                       build/obj/crt0.o
__locale_charset                                  /home/nixtropy/opt/gcc-arm-none-eabi-4_9-2015q3/bin/../lib/gcc/arm-none-eabi/4.9.3/../../../../arm-none-eabi/lib/armv7-m/libc.a(lib_a-locale.o)
                                                  /home/nixtropy/opt/gcc-arm-none-eabi-4_9-2015q3/bin/../lib/gcc/arm-none-eabi/4.9.3/../../../../arm-none-eabi/lib/armv7-m/libc.a(lib_a-wctomb_r.o)
                                                  /home/nixtropy/opt/gcc-arm-none-eabi-4_9-2015q3/bin/../lib/gcc/arm-none-eabi/4.9.3/../../../../arm-none-eabi/lib/armv7-m/libc.a(lib_a-wcrtomb.o)
__locale_cjk_lang                                 /home/nixtropy/opt/gcc-arm-none-eabi-4_9-2015q3/bin/../lib/gcc/arm-none-eabi/4.9.3/../../../../arm-none-eabi/lib/armv7-m/libc.a(lib_a-locale.o)
__locale_mb_cur_max                               /home/nixtropy/opt/gcc-arm-none-eabi-4_9-2015q3/bin/../lib/gcc/arm-none-eabi/4.9.3/../../../../arm-none-eabi/lib/armv7-m/libc.a(lib_a-locale.o)
                                                  /home/nixtropy/opt/gcc-arm-none-eabi-4_9-2015q3/bin/../lib/gcc/arm-none-eabi/4.9.3/../../../../arm-none-eabi/lib/armv7-m/libc.a(lib_a-fputwc.o)
__locale_msgcharset                               /home/nixtropy/opt/gcc-arm-none-eabi-4_9-2015q3/bin/../lib/gcc/arm-none-eabi/4.9.3/../../../../arm-none-eabi/lib/armv7-m/libc.a(lib_a-locale.o)
__main_stack_base__                               build/obj/crt0.o
__main_stack_end__                                build/obj/crt0.o
__malloc_av_                                      /home/nixtropy/opt/gcc-arm-none-eabi-4_9-2015q3/bin/../lib/gcc/arm-none-eabi/4.9.3/../../../../arm-none-eabi/lib/armv7-m/libc.a(lib_a-mallocr.o)
                                                  /home/nixtropy/opt/gcc-arm-none-eabi-4_9-2015q3/bin/../lib/gcc/arm-none-eabi/4.9.3/../../../../arm-none-eabi/lib/armv7-m/libc.a(lib_a-reallocr.o)
                                                  /home/nixtropy/opt/gcc-arm-none-eabi-4_9-2015q3/bin/../lib/gcc/arm-none-eabi/4.9.3/../../../../arm-none-eabi/lib/armv7-m/libc.a(lib_a-freer.o)
__malloc_current_mallinfo                         /home/nixtropy/opt/gcc-arm-none-eabi-4_9-2015q3/bin/../lib/gcc/arm-none-eabi/4.9.3/../../../../arm-none-eabi/lib/armv7-m/libc.a(lib_a-mallocr.o)
                                                  /home/nixtropy/opt/gcc-arm-none-eabi-4_9-2015q3/bin/../lib/gcc/arm-none-eabi/4.9.3/../../../../arm-none-eabi/lib/armv7-m/libc.a(lib_a-freer.o)
__malloc_lock                                     /home/nixtropy/opt/gcc-arm-none-eabi-4_9-2015q3/bin/../lib/gcc/arm-none-eabi/4.9.3/../../../../arm-none-eabi/lib/armv7-m/libc.a(lib_a-mlock.o)
                                                  /home/nixtropy/opt/gcc-arm-none-eabi-4_9-2015q3/bin/../lib/gcc/arm-none-eabi/4.9.3/../../../../arm-none-eabi/lib/armv7-m/libc.a(lib_a-reallocr.o)
                                                  /home/nixtropy/opt/gcc-arm-none-eabi-4_9-2015q3/bin/../lib/gcc/arm-none-eabi/4.9.3/../../../../arm-none-eabi/lib/armv7-m/libc.a(lib_a-mallocr.o)
                                                  /home/nixtropy/opt/gcc-arm-none-eabi-4_9-2015q3/bin/../lib/gcc/arm-none-eabi/4.9.3/../../../../arm-none-eabi/lib/armv7-m/libc.a(lib_a-freer.o)
__malloc_max_sbrked_mem                           /home/nixtropy/opt/gcc-arm-none-eabi-4_9-2015q3/bin/../lib/gcc/arm-none-eabi/4.9.3/../../../../arm-none-eabi/lib/armv7-m/libc.a(lib_a-mallocr.o)
__malloc_max_total_mem                            /home/nixtropy/opt/gcc-arm-none-eabi-4_9-2015q3/bin/../lib/gcc/arm-none-eabi/4.9.3/../../../../arm-none-eabi/lib/armv7-m/libc.a(lib_a-mallocr.o)
__malloc_sbrk_base                                /home/nixtropy/opt/gcc-arm-none-eabi-4_9-2015q3/bin/../lib/gcc/arm-none-eabi/4.9.3/../../../../arm-none-eabi/lib/armv7-m/libc.a(lib_a-mallocr.o)
                                                  /home/nixtropy/opt/gcc-arm-none-eabi-4_9-2015q3/bin/../lib/gcc/arm-none-eabi/4.9.3/../../../../arm-none-eabi/lib/armv7-m/libc.a(lib_a-freer.o)
__malloc_top_pad                                  /home/nixtropy/opt/gcc-arm-none-eabi-4_9-2015q3/bin/../lib/gcc/arm-none-eabi/4.9.3/../../../../arm-none-eabi/lib/armv7-m/libc.a(lib_a-mallocr.o)
                                                  /home/nixtropy/opt/gcc-arm-none-eabi-4_9-2015q3/bin/../lib/gcc/arm-none-eabi/4.9.3/../../../../arm-none-eabi/lib/armv7-m/libc.a(lib_a-freer.o)
__malloc_trim_threshold                           /home/nixtropy/opt/gcc-arm-none-eabi-4_9-2015q3/bin/../lib/gcc/arm-none-eabi/4.9.3/../../../../arm-none-eabi/lib/armv7-m/libc.a(lib_a-mallocr.o)
                                                  /home/nixtropy/opt/gcc-arm-none-eabi-4_9-2015q3/bin/../lib/gcc/arm-none-eabi/4.9.3/../../../../arm-none-eabi/lib/armv7-m/libc.a(lib_a-freer.o)
__malloc_unlock                                   /home/nixtropy/opt/gcc-arm-none-eabi-4_9-2015q3/bin/../lib/gcc/arm-none-eabi/4.9.3/../../../../arm-none-eabi/lib/armv7-m/libc.a(lib_a-mlock.o)
                                                  /home/nixtropy/opt/gcc-arm-none-eabi-4_9-2015q3/bin/../lib/gcc/arm-none-eabi/4.9.3/../../../../arm-none-eabi/lib/armv7-m/libc.a(lib_a-reallocr.o)
                                                  /home/nixtropy/opt/gcc-arm-none-eabi-4_9-2015q3/bin/../lib/gcc/arm-none-eabi/4.9.3/../../../../arm-none-eabi/lib/armv7-m/libc.a(lib_a-mallocr.o)
                                                  /home/nixtropy/opt/gcc-arm-none-eabi-4_9-2015q3/bin/../lib/gcc/arm-none-eabi/4.9.3/../../../../arm-none-eabi/lib/armv7-m/libc.a(lib_a-freer.o)
__mb_cur_max                                      /home/nixtropy/opt/gcc-arm-none-eabi-4_9-2015q3/bin/../lib/gcc/arm-none-eabi/4.9.3/../../../../arm-none-eabi/lib/armv7-m/libc.a(lib_a-locale.o)
__mlocale_changed                                 /home/nixtropy/opt/gcc-arm-none-eabi-4_9-2015q3/bin/../lib/gcc/arm-none-eabi/4.9.3/../../../../arm-none-eabi/lib/armv7-m/libc.a(lib_a-locale.o)
__nlocale_changed                                 /home/nixtropy/opt/gcc-arm-none-eabi-4_9-2015q3/bin/../lib/gcc/arm-none-eabi/4.9.3/../../../../arm-none-eabi/lib/armv7-m/libc.a(lib_a-locale.o)
__process_stack_base__                            build/obj/crt0.o
__process_stack_end__                             build/obj/crt0.o
__ram_end__                                       build/obj/vectors.o
__sclose                                          /home/nixtropy/opt/gcc-arm-none-eabi-4_9-2015q3/bin/../lib/gcc/arm-none-eabi/4.9.3/../../../../arm-none-eabi/lib/armv7-m/libc.a(lib_a-stdio.o)
                                                  /home/nixtropy/opt/gcc-arm-none-eabi-4_9-2015q3/bin/../lib/gcc/arm-none-eabi/4.9.3/../../../../arm-none-eabi/lib/armv7-m/libc.a(lib_a-findfp.o)
__seofread                                        /home/nixtropy/opt/gcc-arm-none-eabi-4_9-2015q3/bin/../lib/gcc/arm-none-eabi/4.9.3/../../../../arm-none-eabi/lib/armv7-m/libc.a(lib_a-stdio.o)
__sflush_r                                        /home/nixtropy/opt/gcc-arm-none-eabi-4_9-2015q3/bin/../lib/gcc/arm-none-eabi/4.9.3/../../../../arm-none-eabi/lib/armv7-m/libc.a(lib_a-fflush.o)
                                                  /home/nixtropy/opt/gcc-arm-none-eabi-4_9-2015q3/bin/../lib/gcc/arm-none-eabi/4.9.3/../../../../arm-none-eabi/lib/armv7-m/libc.a(lib_a-fclose.o)
__sfmoreglue                                      /home/nixtropy/opt/gcc-arm-none-eabi-4_9-2015q3/bin/../lib/gcc/arm-none-eabi/4.9.3/../../../../arm-none-eabi/lib/armv7-m/libc.a(lib_a-findfp.o)
__sfp                                             /home/nixtropy/opt/gcc-arm-none-eabi-4_9-2015q3/bin/../lib/gcc/arm-none-eabi/4.9.3/../../../../arm-none-eabi/lib/armv7-m/libc.a(lib_a-findfp.o)
__sfp_lock_acquire                                /home/nixtropy/opt/gcc-arm-none-eabi-4_9-2015q3/bin/../lib/gcc/arm-none-eabi/4.9.3/../../../../arm-none-eabi/lib/armv7-m/libc.a(lib_a-findfp.o)
                                                  /home/nixtropy/opt/gcc-arm-none-eabi-4_9-2015q3/bin/../lib/gcc/arm-none-eabi/4.9.3/../../../../arm-none-eabi/lib/armv7-m/libc.a(lib_a-fclose.o)
__sfp_lock_release                                /home/nixtropy/opt/gcc-arm-none-eabi-4_9-2015q3/bin/../lib/gcc/arm-none-eabi/4.9.3/../../../../arm-none-eabi/lib/armv7-m/libc.a(lib_a-findfp.o)
                                                  /home/nixtropy/opt/gcc-arm-none-eabi-4_9-2015q3/bin/../lib/gcc/arm-none-eabi/4.9.3/../../../../arm-none-eabi/lib/armv7-m/libc.a(lib_a-fclose.o)
__sfvwrite_r                                      /home/nixtropy/opt/gcc-arm-none-eabi-4_9-2015q3/bin/../lib/gcc/arm-none-eabi/4.9.3/../../../../arm-none-eabi/lib/armv7-m/libc.a(lib_a-fvwrite.o)
                                                  /home/nixtropy/opt/gcc-arm-none-eabi-4_9-2015q3/bin/../lib/gcc/arm-none-eabi/4.9.3/../../../../arm-none-eabi/lib/armv7-m/libc.a(lib_a-vfiprintf.o)
__sigtramp                                        /home/nixtropy/opt/gcc-arm-none-eabi-4_9-2015q3/bin/../lib/gcc/arm-none-eabi/4.9.3/../../../../arm-none-eabi/lib/armv7-m/libc.a(lib_a-signal.o)
__sigtramp_r                                      /home/nixtropy/opt/gcc-arm-none-eabi-4_9-2015q3/bin/../lib/gcc/arm-none-eabi/4.9.3/../../../../arm-none-eabi/lib/armv7-m/libc.a(lib_a-signal.o)
__sinit                                           /home/nixtropy/opt/gcc-arm-none-eabi-4_9-2015q3/bin/../lib/gcc/arm-none-eabi/4.9.3/../../../../arm-none-eabi/lib/armv7-m/libc.a(lib_a-findfp.o)
                                                  /home/nixtropy/opt/gcc-arm-none-eabi-4_9-2015q3/bin/../lib/gcc/arm-none-eabi/4.9.3/../../../../arm-none-eabi/lib/armv7-m/libc.a(lib_a-fclose.o)