Archive member included because of file (symbol)

/home/nixtropy/opt/gcc-arm-none-eabi-4_9-2015q3/bin/../lib/gcc/arm-none-eabi/4.9.3/armv7-m/libgcc.a(unwind-arm.o)
                              build/obj/main.o (__aeabi_unwind_cpp_pr0)
/home/nixtropy/opt/gcc-arm-none-eabi-4_9-2015q3/bin/../lib/gcc/arm-none-eabi/4.9.3/armv7-m/libgcc.a(libunwind.o)
                              /home/nixtropy/opt/gcc-arm-none-eabi-4_9-2015q3/bin/../lib/gcc/arm-none-eabi/4.9.3/armv7-m/libgcc.a(unwind-arm.o) (restore_core_regs)
/home/nixtropy/opt/gcc-arm-none-eabi-4_9-2015q3/bin/../lib/gcc/arm-none-eabi/4.9.3/armv7-m/libgcc.a(pr-support.o)
                              /home/nixtropy/opt/gcc-arm-none-eabi-4_9-2015q3/bin/../lib/gcc/arm-none-eabi/4.9.3/armv7-m/libgcc.a(unwind-arm.o) (__gnu_unwind_execute)
/home/nixtropy/opt/gcc-arm-none-eabi-4_9-2015q3/bin/../lib/gcc/arm-none-eabi/4.9.3/../../../../arm-none-eabi/lib/armv7-m/libc_nano.a(lib_a-abort.o)
                              /home/nixtropy/opt/gcc-arm-none-eabi-4_9-2015q3/bin/../lib/gcc/arm-none-eabi/4.9.3/armv7-m/libgcc.a(unwind-arm.o) (abort)
/home/nixtropy/opt/gcc-arm-none-eabi-4_9-2015q3/bin/../lib/gcc/arm-none-eabi/4.9.3/../../../../arm-none-eabi/lib/armv7-m/libc_nano.a(lib_a-assert.o)
                              build/obj/atmel_adc.o (__assert_func)
/home/nixtropy/opt/gcc-arm-none-eabi-4_9-2015q3/bin/../lib/gcc/arm-none-eabi/4.9.3/../../../../arm-none-eabi/lib/armv7-m/libc_nano.a(lib_a-fprintf.o)
                              /home/nixtropy/opt/gcc-arm-none-eabi-4_9-2015q3/bin/../lib/gcc/arm-none-eabi/4.9.3/../../../../arm-none-eabi/lib/armv7-m/libc_nano.a(lib_a-assert.o) (fiprintf)
/home/nixtropy/opt/gcc-arm-none-eabi-4_9-2015q3/bin/../lib/gcc/arm-none-eabi/4.9.3/../../../../arm-none-eabi/lib/armv7-m/libc_nano.a(lib_a-impure.o)
                              /home/nixtropy/opt/gcc-arm-none-eabi-4_9-2015q3/bin/../lib/gcc/arm-none-eabi/4.9.3/../../../../arm-none-eabi/lib/armv7-m/libc_nano.a(lib_a-assert.o) (_impure_ptr)
/home/nixtropy/opt/gcc-arm-none-eabi-4_9-2015q3/bin/../lib/gcc/arm-none-eabi/4.9.3/../../../../arm-none-eabi/lib/armv7-m/libc_nano.a(lib_a-memcpy.o)
                              /home/nixtropy/opt/gcc-arm-none-eabi-4_9-2015q3/bin/../lib/gcc/arm-none-eabi/4.9.3/armv7-m/libgcc.a(unwind-arm.o) (memcpy)
/home/nixtropy/opt/gcc-arm-none-eabi-4_9-2015q3/bin/../lib/gcc/arm-none-eabi/4.9.3/../../../../arm-none-eabi/lib/armv7-m/libc_nano.a(lib_a-memset.o)
                              build/obj/syscalls.o (memset)
/home/nixtropy/opt/gcc-arm-none-eabi-4_9-2015q3/bin/../lib/gcc/arm-none-eabi/4.9.3/../../../../arm-none-eabi/lib/armv7-m/libc_nano.a(lib_a-nano-vfprintf.o)
                              /home/nixtropy/opt/gcc-arm-none-eabi-4_9-2015q3/bin/../lib/gcc/arm-none-eabi/4.9.3/../../../../arm-none-eabi/lib/armv7-m/libc_nano.a(lib_a-fprintf.o) (_vfprintf_r)
/home/nixtropy/opt/gcc-arm-none-eabi-4_9-2015q3/bin/../lib/gcc/arm-none-eabi/4.9.3/../../../../arm-none-eabi/lib/armv7-m/libc_nano.a(lib_a-nano-vfprintf_i.o)
                              /home/nixtropy/opt/gcc-arm-none-eabi-4_9-2015q3/bin/../lib/gcc/arm-none-eabi/4.9.3/../../../../arm-none-eabi/lib/armv7-m/libc_nano.a(lib_a-nano-vfprintf.o) (_printf_i)
/home/nixtropy/opt/gcc-arm-none-eabi-4_9-2015q3/bin/../lib/gcc/arm-none-eabi/4.9.3/../../../../arm-none-eabi/lib/armv7-m/libc_nano.a(lib_a-signal.o)
                              /home/nixtropy/opt/gcc-arm-none-eabi-4_9-2015q3/bin/../lib/gcc/arm-none-eabi/4.9.3/../../../../arm-none-eabi/lib/armv7-m/libc_nano.a(lib_a-abort.o) (raise)
/home/nixtropy/opt/gcc-arm-none-eabi-4_9-2015q3/bin/../lib/gcc/arm-none-eabi/4.9.3/../../../../arm-none-eabi/lib/armv7-m/libc_nano.a(lib_a-signalr.o)
                              /home/nixtropy/opt/gcc-arm-none-eabi-4_9-2015q3/bin/../lib/gcc/arm-none-eabi/4.9.3/../../../../arm-none-eabi/lib/armv7-m/libc_nano.a(lib_a-signal.o) (_kill_r)
/home/nixtropy/opt/gcc-arm-none-eabi-4_9-2015q3/bin/../lib/gcc/arm-none-eabi/4.9.3/../../../../arm-none-eabi/lib/armv7-m/libc_nano.a(lib_a-wbuf.o)
                              /home/nixtropy/opt/gcc-arm-none-eabi-4_9-2015q3/bin/../lib/gcc/arm-none-eabi/4.9.3/../../../../arm-none-eabi/lib/armv7-m/libc_nano.a(lib_a-nano-vfprintf.o) (__swbuf_r)
/home/nixtropy/opt/gcc-arm-none-eabi-4_9-2015q3/bin/../lib/gcc/arm-none-eabi/4.9.3/../../../../arm-none-eabi/lib/armv7-m/libc_nano.a(lib_a-wsetup.o)
                              /home/nixtropy/opt/gcc-arm-none-eabi-4_9-2015q3/bin/../lib/gcc/arm-none-eabi/4.9.3/../../../../arm-none-eabi/lib/armv7-m/libc_nano.a(lib_a-nano-vfprintf.o) (__swsetup_r)
/home/nixtropy/opt/gcc-arm-none-eabi-4_9-2015q3/bin/../lib/gcc/arm-none-eabi/4.9.3/../../../../arm-none-eabi/lib/armv7-m/libc_nano.a(lib_a-fflush.o)
                              /home/nixtropy/opt/gcc-arm-none-eabi-4_9-2015q3/bin/../lib/gcc/arm-none-eabi/4.9.3/../../../../arm-none-eabi/lib/armv7-m/libc_nano.a(lib_a-wbuf.o) (_fflush_r)
[...]
Memory Configuration

Name             Origin             Length             Attributes
flash            0x00400000         0x00020000
ram              0x20000000         0x00008000
*default*        0x00000000         0xffffffff

Linker script and memory map

LOAD build/obj/crt0.o
LOAD build/obj/vectors.o
LOAD build/obj/chcore.o
LOAD build/obj/chcore_v7m.o
LOAD build/obj/nvic.o
LOAD build/obj/chsys.o
LOAD build/obj/chlists.o
LOAD build/obj/chvt.o
LOAD build/obj/chschd.o
LOAD build/obj/chthreads.o
LOAD build/obj/chdynamic.o
LOAD build/obj/chregistry.o
LOAD build/obj/chsem.o
LOAD build/obj/chmtx.o
LOAD build/obj/chcond.o
LOAD build/obj/chevents.o
LOAD build/obj/chmsg.o
LOAD build/obj/chmboxes.o
LOAD build/obj/chqueues.o
LOAD build/obj/chmemcore.o
LOAD build/obj/chheap.o
LOAD build/obj/chmempools.o
LOAD build/obj/hal.o
LOAD build/obj/pal.o
LOAD build/obj/serial.o
LOAD build/obj/hal_lld.o
LOAD build/obj/system_SAM3.o
LOAD build/obj/pal_lld.o
LOAD build/obj/serial_lld.o
LOAD build/obj/atmel_adc.o
LOAD build/obj/pio.o
LOAD build/obj/pmc.o
LOAD build/obj/board.o
LOAD build/obj/evtimer.o
LOAD build/obj/syscalls.o
LOAD build/obj/chprintf.o
LOAD build/obj/main.o
LOAD build/obj/psram.o
LOAD /home/nixtropy/opt/gcc-arm-none-eabi-4_9-2015q3/bin/../lib/gcc/arm-none-eabi/4.9.3/../../../../arm-none-eabi/lib/armv7-m/libstdc++_nano.a
LOAD /home/nixtropy/opt/gcc-arm-none-eabi-4_9-2015q3/bin/../lib/gcc/arm-none-eabi/4.9.3/../../../../arm-none-eabi/lib/armv7-m/libm.a
START GROUP
LOAD /home/nixtropy/opt/gcc-arm-none-eabi-4_9-2015q3/bin/../lib/gcc/arm-none-eabi/4.9.3/armv7-m/libgcc.a
LOAD /home/nixtropy/opt/gcc-arm-none-eabi-4_9-2015q3/bin/../lib/gcc/arm-none-eabi/4.9.3/../../../../arm-none-eabi/lib/armv7-m/libc_nano.a
END GROUP
START GROUP
LOAD /home/nixtropy/opt/gcc-arm-none-eabi-4_9-2015q3/bin/../lib/gcc/arm-none-eabi/4.9.3/armv7-m/libgcc.a
LOAD /home/nixtropy/opt/gcc-arm-none-eabi-4_9-2015q3/bin/../lib/gcc/arm-none-eabi/4.9.3/../../../../arm-none-eabi/lib/armv7-m/libc_nano.a
END GROUP
                0x00000400                __main_stack_size__ = 0x400
                0x00000400                __process_stack_size__ = 0x400
                0x00000800                __stacks_total_size__ = (__main_stack_size__ + __process_stack_size__)
                0x20000000                __ram_start__ = ORIGIN (ram)
                0x00008000                __ram_size__ = 0x8000
                0x20008000                __ram_end__ = (__ram_start__ + __ram_size__)
                0x00000000                . = 0x0
                0x00000000                _text = .

startup         0x00400000       0xd0
 *(vectors)
 vectors        0x00400000       0xd0 build/obj/vectors.o
                0x00400000                _vectors

constructors    0x004000d0        0x0
                0x004000d0                PROVIDE (__init_array_start, .)
 *(SORT(.init_array.*))
 *(.init_array)
                0x004000d0                PROVIDE (__init_array_end, .)

destructors     0x004000d0        0x0
                0x004000d0                PROVIDE (__fini_array_start, .)
 *(.fini_array)
 *(SORT(.fini_array.*))
                0x004000d0                PROVIDE (__fini_array_end, .)

.text           0x004000d0     0x3a20
 *(.text.startup.*)
 .text.startup.main
                0x004000d0       0x88 build/obj/main.o
                0x004000d0                main
 *(.text)
 *fill*         0x00400158        0x8 
 .text          0x00400160      0xa54 /home/nixtropy/opt/gcc-arm-none-eabi-4_9-2015q3/bin/../lib/gcc/arm-none-eabi/4.9.3/armv7-m/libgcc.a(unwind-arm.o)
                0x00400440                _Unwind_GetCFA
                0x00400444                __gnu_Unwind_RaiseException
                0x004004a4                __gnu_Unwind_ForcedUnwind
                0x004004b8                __gnu_Unwind_Resume
                0x004004fc                __gnu_Unwind_Resume_or_Rethrow
                0x00400510                _Unwind_Complete
                0x00400514                _Unwind_DeleteException
                0x00400520                _Unwind_VRS_Get
                0x00400570                _Unwind_VRS_Set
                0x004005c0                __gnu_Unwind_Backtrace
                0x00400904                __aeabi_unwind_cpp_pr0
                0x00400908                __aeabi_unwind_cpp_pr1
                0x0040090c                __aeabi_unwind_cpp_pr2
                0x00400910                _Unwind_VRS_Pop
 *fill*         0x00400bb4        0xc 
 .text          0x00400bc0      0x1ac /home/nixtropy/opt/gcc-arm-none-eabi-4_9-2015q3/bin/../lib/gcc/arm-none-eabi/4.9.3/armv7-m/libgcc.a(libunwind.o)
                0x00400bc0                __restore_core_regs
                0x00400bc0                restore_core_regs
                0x00400bd8                __gnu_Unwind_Restore_VFP
                0x00400be0                __gnu_Unwind_Save_VFP
                0x00400be8                __gnu_Unwind_Restore_VFP_D
                0x00400bf0                __gnu_Unwind_Save_VFP_D
                0x00400bf8                __gnu_Unwind_Restore_VFP_D_16_to_31
                0x00400c00                __gnu_Unwind_Save_VFP_D_16_to_31
                0x00400c08                __gnu_Unwind_Restore_WMMXD
                0x00400c4c                __gnu_Unwind_Save_WMMXD
                0x00400c90                __gnu_Unwind_Restore_WMMXC
                0x00400ca4                __gnu_Unwind_Save_WMMXC
                0x00400cb8                ___Unwind_RaiseException
                0x00400cb8                _Unwind_RaiseException
                0x00400cdc                ___Unwind_Resume
                0x00400cdc                _Unwind_Resume
                0x00400d00                _Unwind_Resume_or_Rethrow
                0x00400d00                ___Unwind_Resume_or_Rethrow
                0x00400d24                ___Unwind_ForcedUnwind
                0x00400d24                _Unwind_ForcedUnwind
                0x00400d48                _Unwind_Backtrace
                0x00400d48                ___Unwind_Backtrace
 *fill*         0x00400d6c        0x4 
 .text          0x00400d70      0x37c /home/nixtropy/opt/gcc-arm-none-eabi-4_9-2015q3/bin/../lib/gcc/arm-none-eabi/4.9.3/armv7-m/libgcc.a(pr-support.o)
                0x00400dc8                __gnu_unwind_execute
                0x00401094                __gnu_unwind_frame
                0x004010bc                _Unwind_GetRegionStart
                0x004010c8                _Unwind_GetLanguageSpecificData
                0x004010dc                _Unwind_GetDataRelBase
                0x004010e4                _Unwind_GetTextRelBase
 *(.text.*)
 *fill*         0x004010ec        0x4 
 .text.__late_init
                0x004010f0        0x4 build/obj/crt0.o
                0x004010f0                __late_init
 *fill*         0x004010f4        0xc 
 .text._default_exit
                0x00401100        0x4 build/obj/crt0.o
                0x00401100                _default_exit
 *fill*         0x00401104        0xc 
 .text.ResetHandler
                0x00401110      0x108 build/obj/crt0.o
                0x00401110                ResetHandler
 *fill*         0x00401218        0x8 
 .text._unhandled_exception
                0x00401220        0x4 build/obj/vectors.o
                0x00401220                Vector58
                0x00401220                Vector9C
                0x00401220                VectorAC
                0x00401220                Vector5C
                0x00401220                NMIVector
                0x00401220                Vector8C
                0x00401220                VectorC8
                0x00401220                Vector94
                0x00401220                VectorA8
                0x00401220                VectorB4
                0x00401220                Vector74
                0x00401220                UsageFaultVector
                0x00401220                DebugMonitorVector
                0x00401220                Vector40
                0x00401220                VectorBC
                0x00401220                PendSVVector
                0x00401220                VectorCC
                0x00401220                Vector54
                0x00401220                Vector98
                0x00401220                Vector24
                0x00401220                Vector84
                0x00401220                BusFaultVector
                0x00401220                VectorC0
                0x00401220                HardFaultVector
                0x00401220                MemManageVector
                0x00401220                Vector6C
                0x00401220                VectorA0
                0x00401220                VectorC4
                0x00401220                Vector7C
                0x00401220                VectorB0
                0x00401220                Vector90
                0x00401220                Vector1C
                0x00401220                Vector48
                0x00401220                Vector70
                0x00401220                Vector4C
                0x00401220                Vector80
                0x00401220                Vector68
                0x00401220                Vector78
                0x00401220                _unhandled_exception
                0x00401220                Vector88
                0x00401220                Vector50
                0x00401220                Vector44
                0x00401220                Vector28
                0x00401220                VectorB8
                0x00401220                Vector34
                0x00401220                VectorA4
                0x00401220                Vector20
 *fill*         0x00401224        0xc 
 .text._port_switch_from_isr
                0x00401230        0x8 build/obj/chcore_v7m.o
                0x00401230                _port_switch_from_isr
 *fill*         0x00401238        0x8 
 .text.SVCallVector
                0x00401240       0x14 build/obj/chcore_v7m.o
                0x00401240                SVCallVector
 *fill*         0x00401254        0xc 
 .text._port_init
                0x00401260       0x34 build/obj/chcore_v7m.o
                0x00401260                _port_init
 *fill*         0x00401294        0xc 
 .text._port_irq_epilogue
                0x004012a0       0x74 build/obj/chcore_v7m.o
                0x004012a0                _port_irq_epilogue
 *fill*         0x00401314        0xc 
 .text.SysTickVector
                0x00401320       0x1c build/obj/chcore_v7m.o
                0x00401320                SysTickVector
 *fill*         0x0040133c        0x4 
 .text._port_switch
                0x00401340       0x10 build/obj/chcore_v7m.o
                0x00401340                _port_switch
 .text._port_thread_start
                0x00401350       0x10 build/obj/chcore_v7m.o
                0x00401350                _port_thread_start
 .text.nvicEnableVector
                0x00401360       0x48 build/obj/nvic.o
                0x00401360                nvicEnableVector
 *fill*         0x004013a8        0x8 
 .text.nvicSetSystemHandlerPriority
                0x004013b0       0x2c build/obj/nvic.o
                0x004013b0                nvicSetSystemHandlerPriority
 *fill*         0x004013dc        0x4 
 .text._idle_thread
                0x004013e0       0x14 build/obj/chsys.o
                0x004013e0                _idle_thread
 *fill*         0x004013f4        0xc 
 .text.chSysInit
                0x00401400       0x5c build/obj/chsys.o
                0x00401400                chSysInit
 *fill*         0x0040145c        0x4 
 .text.chSysTimerHandlerI
                0x00401460       0x50 build/obj/chsys.o
                0x00401460                chSysTimerHandlerI
 .text._vt_init
                0x004014b0       0x18 build/obj/chvt.o
                0x004014b0                _vt_init
 *fill*         0x004014c8        0x8 
 .text.chVTSetI
                0x004014d0       0x3c build/obj/chvt.o
                0x004014d0                chVTSetI
 *fill*         0x0040150c        0x4 
 .text.chVTResetI
                0x00401510       0x24 build/obj/chvt.o
                0x00401510                chVTResetI
 *fill*         0x00401534        0xc 
 .text.wakeup   0x00401540       0x58 build/obj/chschd.o
 *fill*         0x00401598        0x8 
 .text._scheduler_init
                0x004015a0       0x18 build/obj/chschd.o
                0x004015a0                _scheduler_init
 *fill*         0x004015b8        0x8 
 .text.chSchReadyI
                0x004015c0       0x2c build/obj/chschd.o
                0x004015c0                chSchReadyI
 *fill*         0x004015ec        0x4 
 .text.chSchGoSleepS
                0x004015f0       0x28 build/obj/chschd.o
                0x004015f0                chSchGoSleepS
 *fill*         0x00401618        0x8 
 .text.chSchGoSleepTimeoutS
                0x00401620       0x44 build/obj/chschd.o
                0x00401620                chSchGoSleepTimeoutS
 *fill*         0x00401664        0xc 
 .text.chSchWakeupS
                0x00401670       0x5c build/obj/chschd.o
                0x00401670                chSchWakeupS
 *fill*         0x004016cc        0x4 
 .text.chSchDoReschedule
                0x004016d0       0x48 build/obj/chschd.o
                0x004016d0                chSchDoReschedule
 *fill*         0x00401718        0x8 
 .text._thread_init
                0x00401720       0x44 build/obj/chthreads.o
                0x00401720                _thread_init
 *fill*         0x00401764        0xc 
 .text.chThdCreateStatic
                0x00401770       0x80 build/obj/chthreads.o
                0x00401770                chThdCreateStatic
 .text.chThdSleep
                0x004017f0       0x18 build/obj/chthreads.o
                0x004017f0                chThdSleep
 *fill*         0x00401808        0x8 
 .text.chThdExitS
                0x00401810       0x40 build/obj/chthreads.o
                0x00401810                chThdExitS
 .text.chThdExit
                0x00401850        0xc build/obj/chthreads.o
                0x00401850                chThdExit
 *fill*         0x0040185c        0x4 
 .text.chMtxInit
                0x00401860        0xc build/obj/chmtx.o
                0x00401860                chMtxInit
 *fill*         0x0040186c        0x4 
 .text.chEvtSignalFlagsI
                0x00401870       0x30 build/obj/chevents.o
                0x00401870                chEvtSignalFlagsI
 .text.chEvtBroadcastFlagsI
                0x004018a0       0x20 build/obj/chevents.o
                0x004018a0                chEvtBroadcastFlagsI
 .text.qwait    0x004018c0       0x2c build/obj/chqueues.o
 *fill*         0x004018ec        0x4 
 .text.chIQInit
                0x004018f0       0x1c build/obj/chqueues.o
                0x004018f0                chIQInit
 *fill*         0x0040190c        0x4 
 .text.chIQPutI
                0x00401910       0x4c build/obj/chqueues.o
                0x00401910                chIQPutI
 *fill*         0x0040195c        0x4 
 .text.chIQGetTimeout
                0x00401960       0x50 build/obj/chqueues.o
                0x00401960                chIQGetTimeout
 .text.chIQReadTimeout
                0x004019b0       0x70 build/obj/chqueues.o
                0x004019b0                chIQReadTimeout
 .text.chOQInit
                0x00401a20       0x1c build/obj/chqueues.o
                0x00401a20                chOQInit
 *fill*         0x00401a3c        0x4 
 .text.chOQPutTimeout
                0x00401a40       0x54 build/obj/chqueues.o
                0x00401a40                chOQPutTimeout
 *fill*         0x00401a94        0xc 
 .text.chOQGetI
                0x00401aa0       0x48 build/obj/chqueues.o
                0x00401aa0                chOQGetI
 *fill*         0x00401ae8        0x8 
 .text.chOQWriteTimeout
                0x00401af0       0x80 build/obj/chqueues.o
                0x00401af0                chOQWriteTimeout
 .text._core_init
                0x00401b70       0x28 build/obj/chmemcore.o
                0x00401b70                _core_init
 *fill*         0x00401b98        0x8 
 .text.chCoreAlloc
                0x00401ba0       0x38 build/obj/chmemcore.o
                0x00401ba0                chCoreAlloc
 *fill*         0x00401bd8        0x8 
 .text._heap_init
                0x00401be0       0x1c build/obj/chheap.o
                0x00401be0                _heap_init
 *fill*         0x00401bfc        0x4 
 .text.halInit  0x00401c00       0x1c build/obj/hal.o
                0x00401c00                halInit
 *fill*         0x00401c1c        0x4 
 .text.putwouldblock
                0x00401c20        0xc build/obj/serial.o
 *fill*         0x00401c2c        0x4 
 .text.getwouldblock
                0x00401c30        0xc build/obj/serial.o
 *fill*         0x00401c3c        0x4 
 .text.getflags
                0x00401c40       0x18 build/obj/serial.o
 *fill*         0x00401c58        0x8 
 .text.readt    0x00401c60        0x8 build/obj/serial.o
 *fill*         0x00401c68        0x8 
 .text.reads    0x00401c70        0xc build/obj/serial.o
 *fill*         0x00401c7c        0x4 
 .text.writet   0x00401c80        0x8 build/obj/serial.o
 *fill*         0x00401c88        0x8 
 .text.writes   0x00401c90        0xc build/obj/serial.o
 *fill*         0x00401c9c        0x4 
 .text.gett     0x00401ca0        0x8 build/obj/serial.o
 *fill*         0x00401ca8        0x8 
 .text.putt     0x00401cb0        0x8 build/obj/serial.o
 *fill*         0x00401cb8        0x8 
 .text.sdInit   0x00401cc0        0x4 build/obj/serial.o
                0x00401cc0                sdInit
 *fill*         0x00401cc4        0xc 
 .text.sdObjectInit
                0x00401cd0       0x40 build/obj/serial.o
                0x00401cd0                sdObjectInit
 .text.sdStart  0x00401d10       0x1c build/obj/serial.o
                0x00401d10                sdStart
 *fill*         0x00401d2c        0x4 
 .text.sdIncomingDataI
                0x00401d30       0x4c build/obj/serial.o
                0x00401d30                sdIncomingDataI
 *fill*         0x00401d7c        0x4 
 .text.hal_lld_init
                0x00401d80       0x38 build/obj/hal_lld.o
                0x00401d80                hal_lld_init
 *fill*         0x00401db8        0x8 
 .text.at91sam3_clock_init
                0x00401dc0        0x4 build/obj/hal_lld.o
                0x00401dc0                at91sam3_clock_init
 *fill*         0x00401dc4        0xc 
 .text.SystemCoreClockUpdate
                0x00401dd0       0xf4 build/obj/system_SAM3.o
                0x00401dd0                SystemCoreClockUpdate
 *fill*         0x00401ec4        0xc 
 .text.SystemInit
                0x00401ed0       0x94 build/obj/system_SAM3.o
                0x00401ed0                SystemInit
 *fill*         0x00401f64        0xc 
 .text._pal_lld_init
                0x00401f70       0xb8 build/obj/pal_lld.o
                0x00401f70                _pal_lld_init
 *fill*         0x00402028        0x8 
 .text._pal_lld_setgroupmode
                0x00402030       0x34 build/obj/pal_lld.o
                0x00402030                _pal_lld_setgroupmode
 *fill*         0x00402064        0xc 
 .text.notify1  0x00402070        0xc build/obj/serial_lld.o
 *fill*         0x0040207c        0x4 
 .text.notify2  0x00402080        0xc build/obj/serial_lld.o
 *fill*         0x0040208c        0x4 
 .text.serve_interrupt
                0x00402090       0xa4 build/obj/serial_lld.o
 *fill*         0x00402134        0xc 
 .text.Vector60
                0x00402140       0x14 build/obj/serial_lld.o
                0x00402140                Vector60
 *fill*         0x00402154        0xc 
 .text.Vector64
                0x00402160       0x14 build/obj/serial_lld.o
                0x00402160                Vector64
 *fill*         0x00402174        0xc 
 .text.sd_lld_init
                0x00402180       0x58 build/obj/serial_lld.o
                0x00402180                sd_lld_init
 *fill*         0x004021d8        0x8 
 .text.sd_lld_start
                0x004021e0       0xa4 build/obj/serial_lld.o
                0x004021e0                sd_lld_start
 *fill*         0x00402284        0xc 
 .text.PIO_Configure
                0x00402290      0x154 build/obj/pio.o
                0x00402290                PIO_Configure
 *fill*         0x004023e4        0xc 
 .text.PMC_EnablePeripheral
                0x004023f0       0x50 build/obj/pmc.o
                0x004023f0                PMC_EnablePeripheral
 .text.PmcMasterClockSelection
                0x00402440       0x90 build/obj/pmc.o
                0x00402440                PmcMasterClockSelection
 .text.ConfigurePck
                0x004024d0       0x2c build/obj/pmc.o
                0x004024d0                ConfigurePck
 *fill*         0x004024fc        0x4 
 .text.PmcConfigurePllClock
                0x00402500       0x60 build/obj/pmc.o
                0x00402500                PmcConfigurePllClock
 .text.__early_init
                0x00402560       0x10 build/obj/board.o
                0x00402560                __early_init
 .text.boardInit
                0x00402570       0x20 build/obj/board.o
                0x00402570                boardInit
 .text._read_r  0x00402590        0xc build/obj/syscalls.o
                0x00402590                _read_r
 *fill*         0x0040259c        0x4 
 .text._lseek_r
                0x004025a0        0x4 build/obj/syscalls.o
                0x004025a0                _lseek_r
 *fill*         0x004025a4        0xc 
 .text._write_r
                0x004025b0        0x4 build/obj/syscalls.o
                0x004025b0                _write_r
 *fill*         0x004025b4        0xc 
 .text._close_r
                0x004025c0        0x4 build/obj/syscalls.o
                0x004025c0                _close_r
 *fill*         0x004025c4        0xc 
 .text._sbrk_r  0x004025d0       0x18 build/obj/syscalls.o
                0x004025d0                _sbrk_r
 *fill*         0x004025e8        0x8 
 .text._fstat_r
                0x004025f0       0x18 build/obj/syscalls.o
                0x004025f0                _fstat_r
 *fill*         0x00402608        0x8 
 .text._isatty_r
                0x00402610        0x4 build/obj/syscalls.o
                0x00402610                _isatty_r
 *fill*         0x00402614        0xc 
 .text._getpid  0x00402620        0x4 build/obj/syscalls.o
                0x00402620                _getpid
 *fill*         0x00402624        0xc 
 .text._exit    0x00402630        0x4 build/obj/syscalls.o
                0x00402630                _exit
 *fill*         0x00402634        0xc 
 .text._kill    0x00402640        0x8 build/obj/syscalls.o
                0x00402640                _kill
 *fill*         0x00402648        0x8 
 .text.ltoa     0x00402650       0x40 build/obj/chprintf.o
 .text.chprintf
                0x00402690      0x378 build/obj/chprintf.o
                0x00402690                chprintf
 *fill*         0x00402a08        0x8 
 .text._Z20BOARD_ConfigurePSRAMP3Smc
                0x00402a10       0x30 build/obj/psram.o
                0x00402a10                BOARD_ConfigurePSRAM(Smc*)
 .text.abort    0x00402a40        0xe /home/nixtropy/opt/gcc-arm-none-eabi-4_9-2015q3/bin/../lib/gcc/arm-none-eabi/4.9.3/../../../../arm-none-eabi/lib/armv7-m/libc_nano.a(lib_a-abort.o)
                0x00402a40                abort
 *fill*         0x00402a4e        0x2 
 .text.__assert_func
                0x00402a50       0x38 /home/nixtropy/opt/gcc-arm-none-eabi-4_9-2015q3/bin/../lib/gcc/arm-none-eabi/4.9.3/../../../../arm-none-eabi/lib/armv7-m/libc_nano.a(lib_a-assert.o)
                0x00402a50                __assert_func
 *fill*         0x00402a88        0x8 
 .text.fprintf  0x00402a90       0x24 /home/nixtropy/opt/gcc-arm-none-eabi-4_9-2015q3/bin/../lib/gcc/arm-none-eabi/4.9.3/../../../../arm-none-eabi/lib/armv7-m/libc_nano.a(lib_a-fprintf.o)
                0x00402a90                fprintf
                0x00402a90                fiprintf
 *fill*         0x00402ab4        0xc 
 .text.memcpy   0x00402ac0       0x16 /home/nixtropy/opt/gcc-arm-none-eabi-4_9-2015q3/bin/../lib/gcc/arm-none-eabi/4.9.3/../../../../arm-none-eabi/lib/armv7-m/libc_nano.a(lib_a-memcpy.o)
                0x00402ac0                memcpy
 *fill*         0x00402ad6        0xa 
 .text.memset   0x00402ae0       0x10 /home/nixtropy/opt/gcc-arm-none-eabi-4_9-2015q3/bin/../lib/gcc/arm-none-eabi/4.9.3/../../../../arm-none-eabi/lib/armv7-m/libc_nano.a(lib_a-memset.o)
                0x00402ae0                memset
 .text.__sfputc_r
                0x00402af0       0x2c /home/nixtropy/opt/gcc-arm-none-eabi-4_9-2015q3/bin/../lib/gcc/arm-none-eabi/4.9.3/../../../../arm-none-eabi/lib/armv7-m/libc_nano.a(lib_a-nano-vfprintf.o)
 *fill*         0x00402b1c        0x4 
 .text.__sfputs_r
                0x00402b20       0x24 /home/nixtropy/opt/gcc-arm-none-eabi-4_9-2015q3/bin/../lib/gcc/arm-none-eabi/4.9.3/../../../../arm-none-eabi/lib/armv7-m/libc_nano.a(lib_a-nano-vfprintf.o)
                0x00402b20                __sfputs_r
 *fill*         0x00402b44        0xc 
 .text._vfprintf_r
                0x00402b50      0x210 /home/nixtropy/opt/gcc-arm-none-eabi-4_9-2015q3/bin/../lib/gcc/arm-none-eabi/4.9.3/../../../../arm-none-eabi/lib/armv7-m/libc_nano.a(lib_a-nano-vfprintf.o)
                0x00402b50                _vfiprintf_r
                0x00402b50                _vfprintf_r
 .text._printf_common
                0x00402d60       0xea /home/nixtropy/opt/gcc-arm-none-eabi-4_9-2015q3/bin/../lib/gcc/arm-none-eabi/4.9.3/../../../../arm-none-eabi/lib/armv7-m/libc_nano.a(lib_a-nano-vfprintf_i.o)
                0x00402d60                _printf_common
 *fill*         0x00402e4a        0x6 
 .text._printf_i
                0x00402e50      0x240 /home/nixtropy/opt/gcc-arm-none-eabi-4_9-2015q3/bin/../lib/gcc/arm-none-eabi/4.9.3/../../../../arm-none-eabi/lib/armv7-m/libc_nano.a(lib_a-nano-vfprintf_i.o)
                0x00402e50                _printf_i
 .text._raise_r
                0x00403090       0x50 /home/nixtropy/opt/gcc-arm-none-eabi-4_9-2015q3/bin/../lib/gcc/arm-none-eabi/4.9.3/../../../../arm-none-eabi/lib/armv7-m/libc_nano.a(lib_a-signal.o)
                0x00403090                _raise_r
 .text.raise    0x004030e0       0x10 /home/nixtropy/opt/gcc-arm-none-eabi-4_9-2015q3/bin/../lib/gcc/arm-none-eabi/4.9.3/../../../../arm-none-eabi/lib/armv7-m/libc_nano.a(lib_a-signal.o)
                0x004030e0                raise
 .text._kill_r  0x004030f0       0x24 /home/nixtropy/opt/gcc-arm-none-eabi-4_9-2015q3/bin/../lib/gcc/arm-none-eabi/4.9.3/../../../../arm-none-eabi/lib/armv7-m/libc_nano.a(lib_a-signalr.o)
                0x004030f0                _kill_r
 *fill*         0x00403114        0xc 
 .text._getpid_r
                0x00403120        0x4 /home/nixtropy/opt/gcc-arm-none-eabi-4_9-2015q3/bin/../lib/gcc/arm-none-eabi/4.9.3/../../../../arm-none-eabi/lib/armv7-m/libc_nano.a(lib_a-signalr.o)
                0x00403120                _getpid_r
 *fill*         0x00403124        0xc 
 .text.__swbuf_r
                0x00403130       0xa8 /home/nixtropy/opt/gcc-arm-none-eabi-4_9-2015q3/bin/../lib/gcc/arm-none-eabi/4.9.3/../../../../arm-none-eabi/lib/armv7-m/libc_nano.a(lib_a-wbuf.o)
                0x00403130                __swbuf_r
 *fill*         0x004031d8        0x8 
 .text.__swsetup_r
                0x004031e0       0xd8 /home/nixtropy/opt/gcc-arm-none-eabi-4_9-2015q3/bin/../lib/gcc/arm-none-eabi/4.9.3/../../../../arm-none-eabi/lib/armv7-m/libc_nano.a(lib_a-wsetup.o)
                0x004031e0                __swsetup_r
 *fill*         0x004032b8        0x8 
 .text.__sflush_r
                0x004032c0      0x106 /home/nixtropy/opt/gcc-arm-none-eabi-4_9-2015q3/bin/../lib/gcc/arm-none-eabi/4.9.3/../../../../arm-none-eabi/lib/armv7-m/libc_nano.a(lib_a-fflush.o)
                0x004032c0                __sflush_r
 *fill*         0x004033c6        0xa 
 .text._fflush_r
                0x004033d0       0x54 /home/nixtropy/opt/gcc-arm-none-eabi-4_9-2015q3/bin/../lib/gcc/arm-none-eabi/4.9.3/../../../../arm-none-eabi/lib/armv7-m/libc_nano.a(lib_a-fflush.o)
                0x004033d0                _fflush_r
 *fill*         0x00403424        0xc 
 .text._cleanup_r
                0x00403430        0xc /home/nixtropy/opt/gcc-arm-none-eabi-4_9-2015q3/bin/../lib/gcc/arm-none-eabi/4.9.3/../../../../arm-none-eabi/lib/armv7-m/libc_nano.a(lib_a-findfp.o)
                0x00403430                _cleanup_r
 *fill*         0x0040343c        0x4 
 .text.std.isra.0
                0x00403440       0x48 /home/nixtropy/opt/gcc-arm-none-eabi-4_9-2015q3/bin/../lib/gcc/arm-none-eabi/4.9.3/../../../../arm-none-eabi/lib/armv7-m/libc_nano.a(lib_a-findfp.o)
 *fill*         0x00403488        0x8 
 .text.__sfmoreglue
                0x00403490       0x2c /home/nixtropy/opt/gcc-arm-none-eabi-4_9-2015q3/bin/../lib/gcc/arm-none-eabi/4.9.3/../../../../arm-none-eabi/lib/armv7-m/libc_nano.a(lib_a-findfp.o)
                0x00403490                __sfmoreglue
 *fill*         0x004034bc        0x4 
 .text.__sinit  0x004034c0       0x60 /home/nixtropy/opt/gcc-arm-none-eabi-4_9-2015q3/bin/../lib/gcc/arm-none-eabi/4.9.3/../../../../arm-none-eabi/lib/armv7-m/libc_nano.a(lib_a-findfp.o)
                0x004034c0                __sinit
 .text.__sfp    0x00403520       0x74 /home/nixtropy/opt/gcc-arm-none-eabi-4_9-2015q3/bin/../lib/gcc/arm-none-eabi/4.9.3/../../../../arm-none-eabi/lib/armv7-m/libc_nano.a(lib_a-findfp.o)
                0x00403520                __sfp
 *fill*         0x00403594        0xc 
 .text._fwalk_reent
                0x004035a0       0x3c /home/nixtropy/opt/gcc-arm-none-eabi-4_9-2015q3/bin/../lib/gcc/arm-none-eabi/4.9.3/../../../../arm-none-eabi/lib/armv7-m/libc_nano.a(lib_a-fwalk.o)
                0x004035a0                _fwalk_reent
 *fill*         0x004035dc        0x4 
 .text.__smakebuf_r
                0x004035e0       0x98 /home/nixtropy/opt/gcc-arm-none-eabi-4_9-2015q3/bin/../lib/gcc/arm-none-eabi/4.9.3/../../../../arm-none-eabi/lib/armv7-m/libc_nano.a(lib_a-makebuf.o)
                0x004035e0                __smakebuf_r
 *fill*         0x00403678        0x8 
 .text.memchr   0x00403680       0x1c /home/nixtropy/opt/gcc-arm-none-eabi-4_9-2015q3/bin/../lib/gcc/arm-none-eabi/4.9.3/../../../../arm-none-eabi/lib/armv7-m/libc_nano.a(lib_a-memchr.o)
                0x00403680                memchr
 *fill*         0x0040369c        0x4 
 .text._free_r  0x004036a0       0x88 /home/nixtropy/opt/gcc-arm-none-eabi-4_9-2015q3/bin/../lib/gcc/arm-none-eabi/4.9.3/../../../../arm-none-eabi/lib/armv7-m/libc_nano.a(lib_a-nano-freer.o)
                0x004036a0                _free_r
 *fill*         0x00403728        0x8 
 .text._malloc_r
                0x00403730       0xac /home/nixtropy/opt/gcc-arm-none-eabi-4_9-2015q3/bin/../lib/gcc/arm-none-eabi/4.9.3/../../../../arm-none-eabi/lib/armv7-m/libc_nano.a(lib_a-nano-mallocr.o)
                0x00403730                _malloc_r
 *fill*         0x004037dc        0x4 
 .text.__sread  0x004037e0       0x22 /home/nixtropy/opt/gcc-arm-none-eabi-4_9-2015q3/bin/../lib/gcc/arm-none-eabi/4.9.3/../../../../arm-none-eabi/lib/armv7-m/libc_nano.a(lib_a-stdio.o)
                0x004037e0                __sread
 *fill*         0x00403802        0xe 
 .text.__swrite
                0x00403810       0x38 /home/nixtropy/opt/gcc-arm-none-eabi-4_9-2015q3/bin/../lib/gcc/arm-none-eabi/4.9.3/../../../../arm-none-eabi/lib/armv7-m/libc_nano.a(lib_a-stdio.o)
                0x00403810                __swrite
 *fill*         0x00403848        0x8 
 .text.__sseek  0x00403850       0x24 /home/nixtropy/opt/gcc-arm-none-eabi-4_9-2015q3/bin/../lib/gcc/arm-none-eabi/4.9.3/../../../../arm-none-eabi/lib/armv7-m/libc_nano.a(lib_a-stdio.o)
                0x00403850                __sseek
 *fill*         0x00403874        0xc 
 .text.__sclose
                0x00403880        0x8 /home/nixtropy/opt/gcc-arm-none-eabi-4_9-2015q3/bin/../lib/gcc/arm-none-eabi/4.9.3/../../../../arm-none-eabi/lib/armv7-m/libc_nano.a(lib_a-stdio.o)
                0x00403880                __sclose
 *(.rodata)
 *(.rodata.*)
 *fill*         0x00403888        0x8 
 .rodata.str1.4
                0x00403890        0xd build/obj/chsys.o
 *fill*         0x0040389d        0x3 
 .rodata.vmt    0x004038a0       0x24 build/obj/serial.o
 *fill*         0x004038c4        0xc 
 .rodata.default_config
                0x004038d0        0x8 build/obj/serial_lld.o
 *fill*         0x004038d8        0x8 
 .rodata.__func__.4792
                0x004038e0       0x15 build/obj/pmc.o
 *fill*         0x004038f5        0xb 
 .rodata.str1.4
                0x00403900       0x3e build/obj/pmc.o
 *fill*         0x0040393e        0x2 
 .rodata.pal_default_config
                0x00403940       0x24 build/obj/board.o
                0x00403940                pal_default_config
 *fill*         0x00403964        0xc 
 .rodata.str1.4
                0x00403970        0x7 build/obj/chprintf.o
 *fill*         0x00403977        0x9 
 .rodata._ZL6pinPCK
                0x00403980        0xc build/obj/main.o
 *fill*         0x0040398c        0x4 
 .rodata.str1.4
                0x00403990       0x10 build/obj/main.o
                                  0xf (size before relaxing)
 .rodata._ZL8pinPsram
                0x004039a0       0x3c build/obj/main.o
 *fill*         0x004039dc        0x4 
 .rodata.str1.1
                0x004039e0       0x3c /home/nixtropy/opt/gcc-arm-none-eabi-4_9-2015q3/bin/../lib/gcc/arm-none-eabi/4.9.3/../../../../arm-none-eabi/lib/armv7-m/libc_nano.a(lib_a-assert.o)
                                 0x3d (size before relaxing)
 *fill*         0x00403a1c        0x4 
 .rodata.str1.1
                0x00403a20        0x2 /home/nixtropy/opt/gcc-arm-none-eabi-4_9-2015q3/bin/../lib/gcc/arm-none-eabi/4.9.3/../../../../arm-none-eabi/lib/armv7-m/libc_nano.a(lib_a-impure.o)
 *fill*         0x00403a22        0xe 
 .rodata._global_impure_ptr
                0x00403a30        0x4 /home/nixtropy/opt/gcc-arm-none-eabi-4_9-2015q3/bin/../lib/gcc/arm-none-eabi/4.9.3/../../../../arm-none-eabi/lib/armv7-m/libc_nano.a(lib_a-impure.o)
                0x00403a30                _global_impure_ptr
 *fill*         0x00403a34        0xc 
 .rodata.str1.1
                0x00403a40       0x11 /home/nixtropy/opt/gcc-arm-none-eabi-4_9-2015q3/bin/../lib/gcc/arm-none-eabi/4.9.3/../../../../arm-none-eabi/lib/armv7-m/libc_nano.a(lib_a-nano-vfprintf.o)
 *fill*         0x00403a51        0xf 
 .rodata.str1.1
                0x00403a60       0x22 /home/nixtropy/opt/gcc-arm-none-eabi-4_9-2015q3/bin/../lib/gcc/arm-none-eabi/4.9.3/../../../../arm-none-eabi/lib/armv7-m/libc_nano.a(lib_a-nano-vfprintf_i.o)
 *fill*         0x00403a82        0xe 
 .rodata.__sf_fake_stdin
                0x00403a90       0x20 /home/nixtropy/opt/gcc-arm-none-eabi-4_9-2015q3/bin/../lib/gcc/arm-none-eabi/4.9.3/../../../../arm-none-eabi/lib/armv7-m/libc_nano.a(lib_a-findfp.o)
                0x00403a90                __sf_fake_stdin
 .rodata.__sf_fake_stdout
                0x00403ab0       0x20 /home/nixtropy/opt/gcc-arm-none-eabi-4_9-2015q3/bin/../lib/gcc/arm-none-eabi/4.9.3/../../../../arm-none-eabi/lib/armv7-m/libc_nano.a(lib_a-findfp.o)
                0x00403ab0                __sf_fake_stdout
 .rodata.__sf_fake_stderr
                0x00403ad0       0x20 /home/nixtropy/opt/gcc-arm-none-eabi-4_9-2015q3/bin/../lib/gcc/arm-none-eabi/4.9.3/../../../../arm-none-eabi/lib/armv7-m/libc_nano.a(lib_a-findfp.o)
                0x00403ad0                __sf_fake_stderr
 *(.glue_7t)
 .glue_7t       0x00000000        0x0 linker stubs
 *(.glue_7)
 .glue_7        0x00000000        0x0 linker stubs
 *(.gcc*)

.vfp11_veneer   0x00403af0        0x0
 .vfp11_veneer  0x00000000        0x0 linker stubs

.v4_bx          0x00403af0        0x0
 .v4_bx         0x00000000        0x0 linker stubs

.iplt           0x00403af0        0x0
 .iplt          0x00000000        0x0 build/obj/crt0.o

.ARM.extab      0x00403af0       0x18
 *(.ARM.extab* .gnu.linkonce.armextab.*)
 .ARM.extab     0x00403af0       0x18 /home/nixtropy/opt/gcc-arm-none-eabi-4_9-2015q3/bin/../lib/gcc/arm-none-eabi/4.9.3/armv7-m/libgcc.a(pr-support.o)

.ARM.exidx      0x00403b08       0xd0
                0x00403b08                PROVIDE (__exidx_start, .)
 *(.ARM.exidx* .gnu.linkonce.armexidx.*)
 .ARM.exidx.text.startup.main
                0x00403b08        0x8 build/obj/main.o
 .ARM.exidx.text._Z20BOARD_ConfigurePSRAMP3Smc
                0x00403bc8       0x10 build/obj/psram.o
                                  0x8 (size before relaxing)
 .ARM.exidx     0x00403b10       0x80 /home/nixtropy/opt/gcc-arm-none-eabi-4_9-2015q3/bin/../lib/gcc/arm-none-eabi/4.9.3/armv7-m/libgcc.a(unwind-arm.o)
                                 0xd8 (size before relaxing)
 .ARM.exidx     0x00403b90       0x38 /home/nixtropy/opt/gcc-arm-none-eabi-4_9-2015q3/bin/../lib/gcc/arm-none-eabi/4.9.3/armv7-m/libgcc.a(pr-support.o)
                                 0x48 (size before relaxing)
                0x00403bd8                PROVIDE (__exidx_end, .)

.rel.dyn        0x00403bd8        0x0
 .rel.iplt      0x00000000        0x0 build/obj/crt0.o

.eh_frame_hdr
 *(.eh_frame_hdr)

.eh_frame
 *(.eh_frame)

.textalign      0x00403bd8        0x0
                0x00403bd8                . = ALIGN (0x8)
                0x00403bd8                _etext = .
                0x00403bd8                _textdata = _etext

.stacks         0x20000000      0x800
                0x20000000                . = ALIGN (0x8)
                0x20000000                __main_stack_base__ = .
                0x20000400                . = (. + __main_stack_size__)
 *fill*         0x20000000      0x400 
                0x20000400                . = ALIGN (0x8)
                0x20000400                __main_stack_end__ = .
                0x20000400                __process_stack_base__ = .
                0x20000400                __main_thread_stack_base__ = .
                0x20000800                . = (. + __process_stack_size__)
 *fill*         0x20000400      0x400 
                0x20000800                . = ALIGN (0x8)
                0x20000800                __process_stack_end__ = .
                0x20000800                __main_thread_stack_end__ = .

.data           0x20000800       0x68 load address 0x00403bd8
                0x20000800                . = ALIGN (0x4)
                0x20000800                PROVIDE (_data, .)
 *(.data)
                0x20000800                . = ALIGN (0x4)
 *(.data.*)
 .data.SystemCoreClock
                0x20000800        0x4 build/obj/system_SAM3.o
                0x20000800                SystemCoreClock
 .data.impure_data
                0x20000804       0x60 /home/nixtropy/opt/gcc-arm-none-eabi-4_9-2015q3/bin/../lib/gcc/arm-none-eabi/4.9.3/../../../../arm-none-eabi/lib/armv7-m/libc_nano.a(lib_a-impure.o)
 .data._impure_ptr
                0x20000864        0x4 /home/nixtropy/opt/gcc-arm-none-eabi-4_9-2015q3/bin/../lib/gcc/arm-none-eabi/4.9.3/../../../../arm-none-eabi/lib/armv7-m/libc_nano.a(lib_a-impure.o)
                0x20000864                _impure_ptr
                0x20000868                . = ALIGN (0x4)
 *(.ramtext)
                0x20000868                . = ALIGN (0x4)
                0x20000868                PROVIDE (_edata, .)

.igot.plt       0x20000868        0x0 load address 0x00403c40
 .igot.plt      0x00000000        0x0 build/obj/crt0.o

.bss            0x20000868      0x254 load address 0x00403c40
                0x20000868                . = ALIGN (0x4)
                0x20000868                PROVIDE (_bss_start, .)
 *(.bss)
                0x20000868                . = ALIGN (0x4)
 *(.bss.*)
 .bss.mainthread.4837
                0x20000868       0x48 build/obj/chsys.o
 .bss._idle_thread_wa
                0x200008b0       0xc0 build/obj/chsys.o
                0x200008b0                _idle_thread_wa
 .bss.vtlist    0x20000970       0x10 build/obj/chvt.o
                0x20000970                vtlist
 .bss.rlist     0x20000980       0x20 build/obj/chschd.o
                0x20000980                rlist
 .bss.endmem    0x200009a0        0x4 build/obj/chmemcore.o
 .bss.nextmem   0x200009a4        0x4 build/obj/chmemcore.o
 .bss.default_heap
                0x200009a8       0x20 build/obj/chheap.o
 .bss.SD1       0x200009c8       0x74 build/obj/serial_lld.o
                0x200009c8                SD1
 .bss.SD2       0x20000a3c       0x74 build/obj/serial_lld.o
                0x20000a3c                SD2
 .bss.__malloc_sbrk_start
                0x20000ab0        0x4 /home/nixtropy/opt/gcc-arm-none-eabi-4_9-2015q3/bin/../lib/gcc/arm-none-eabi/4.9.3/../../../../arm-none-eabi/lib/armv7-m/libc_nano.a(lib_a-nano-mallocr.o)
                0x20000ab0                __malloc_sbrk_start
 .bss.__malloc_free_list
                0x20000ab4        0x4 /home/nixtropy/opt/gcc-arm-none-eabi-4_9-2015q3/bin/../lib/gcc/arm-none-eabi/4.9.3/../../../../arm-none-eabi/lib/armv7-m/libc_nano.a(lib_a-nano-mallocr.o)
                0x20000ab4                __malloc_free_list
                0x20000ab8                . = ALIGN (0x4)
 *(COMMON)
 COMMON         0x20000ab8        0x4 /home/nixtropy/opt/gcc-arm-none-eabi-4_9-2015q3/bin/../lib/gcc/arm-none-eabi/4.9.3/../../../../arm-none-eabi/lib/armv7-m/libc_nano.a(lib_a-reent.o)
                0x20000ab8                errno
                0x20000abc                . = ALIGN (0x4)
                0x20000abc                PROVIDE (_bss_end, .)
                0x20000abc                PROVIDE (end, .)
                0x20000abc                _end = .
                0x20000abc                __heap_base__ = _end
                0x20008000                __heap_end__ = __ram_end__
OUTPUT(build/blink.elf elf32-littlearm)

.debug_info     0x00000000     0xca7f
 .debug_info    0x00000000      0x2f2 build/obj/crt0.o
 .debug_info    0x000002f2       0xb3 build/obj/vectors.o
 .debug_info    0x000003a5      0x815 build/obj/chcore_v7m.o
 .debug_info    0x00000bba      0x3ff build/obj/nvic.o
 .debug_info    0x00000fb9      0x6bf build/obj/chsys.o
 .debug_info    0x00001678      0x262 build/obj/chvt.o
 .debug_info    0x000018da      0x8d3 build/obj/chschd.o
 .debug_info    0x000021ad      0xbe1 build/obj/chthreads.o
 .debug_info    0x00002d8e      0x9ec build/obj/chmtx.o
 .debug_info    0x0000377a      0xcc8 build/obj/chevents.o
 .debug_info    0x00004442      0xbb3 build/obj/chqueues.o
 .debug_info    0x00004ff5      0x218 build/obj/chmemcore.o
 .debug_info    0x0000520d      0x6db build/obj/chheap.o
 .debug_info    0x000058e8      0x188 build/obj/hal.o
 .debug_info    0x00005a70     0x10e9 build/obj/serial.o
 .debug_info    0x00006b59      0x177 build/obj/hal_lld.o
 .debug_info    0x00006cd0      0x42e build/obj/system_SAM3.o
 .debug_info    0x000070fe      0x88c build/obj/pal_lld.o
 .debug_info    0x0000798a     0x1594 build/obj/serial_lld.o
 .debug_info    0x00008f1e      0x9e9 build/obj/pio.o
 .debug_info    0x00009907      0x5a8 build/obj/pmc.o
 .debug_info    0x00009eaf      0x6b3 build/obj/board.o
 .debug_info    0x0000a562      0xc8d build/obj/syscalls.o
 .debug_info    0x0000b1ef      0x49d build/obj/chprintf.o
 .debug_info    0x0000b68c     0x11c5 build/obj/main.o
 .debug_info    0x0000c851      0x22e build/obj/psram.o

.debug_abbrev   0x00000000     0x313a
 .debug_abbrev  0x00000000      0x13a build/obj/crt0.o
 .debug_abbrev  0x0000013a       0x75 build/obj/vectors.o
 .debug_abbrev  0x000001af      0x23f build/obj/chcore_v7m.o
 .debug_abbrev  0x000003ee      0x10e build/obj/nvic.o
 .debug_abbrev  0x000004fc      0x211 build/obj/chsys.o
 .debug_abbrev  0x0000070d      0x133 build/obj/chvt.o
 .debug_abbrev  0x00000840      0x311 build/obj/chschd.o
 .debug_abbrev  0x00000b51      0x335 build/obj/chthreads.o
 .debug_abbrev  0x00000e86      0x303 build/obj/chmtx.o
 .debug_abbrev  0x00001189      0x2c2 build/obj/chevents.o
 .debug_abbrev  0x0000144b      0x335 build/obj/chqueues.o
 .debug_abbrev  0x00001780      0x15b build/obj/chmemcore.o
 .debug_abbrev  0x000018db      0x1e7 build/obj/chheap.o
 .debug_abbrev  0x00001ac2      0x10a build/obj/hal.o
 .debug_abbrev  0x00001bcc      0x2c0 build/obj/serial.o
 .debug_abbrev  0x00001e8c      0x114 build/obj/hal_lld.o
 .debug_abbrev  0x00001fa0       0xe3 build/obj/system_SAM3.o
 .debug_abbrev  0x00002083      0x11b build/obj/pal_lld.o
 .debug_abbrev  0x0000219e      0x3c2 build/obj/serial_lld.o
 .debug_abbrev  0x00002560      0x1f4 build/obj/pio.o
 .debug_abbrev  0x00002754      0x15e build/obj/pmc.o
 .debug_abbrev  0x000028b2      0x15a build/obj/board.o
 .debug_abbrev  0x00002a0c      0x23a build/obj/syscalls.o
 .debug_abbrev  0x00002c46      0x192 build/obj/chprintf.o
 .debug_abbrev  0x00002dd8      0x252 build/obj/main.o
 .debug_abbrev  0x0000302a      0x110 build/obj/psram.o

.debug_loc      0x00000000     0x33d7
 .debug_loc     0x00000000       0xba build/obj/crt0.o
 .debug_loc     0x000000ba       0x5a build/obj/chcore_v7m.o
 .debug_loc     0x00000114      0x158 build/obj/nvic.o
 .debug_loc     0x0000026c       0x31 build/obj/chsys.o
 .debug_loc     0x0000029d       0xd9 build/obj/chvt.o
 .debug_loc     0x00000376      0x2a4 build/obj/chschd.o
 .debug_loc     0x0000061a      0x423 build/obj/chthreads.o
 .debug_loc     0x00000a3d      0x41a build/obj/chmtx.o
 .debug_loc     0x00000e57      0x591 build/obj/chevents.o
 .debug_loc     0x000013e8      0x4f5 build/obj/chqueues.o
 .debug_loc     0x000018dd       0xb0 build/obj/chmemcore.o
 .debug_loc     0x0000198d      0x3a1 build/obj/chheap.o
 .debug_loc     0x00001d2e      0x4e0 build/obj/serial.o
 .debug_loc     0x0000220e       0x42 build/obj/pal_lld.o
 .debug_loc     0x00002250      0x299 build/obj/serial_lld.o
 .debug_loc     0x000024e9      0x39a build/obj/pio.o
 .debug_loc     0x00002883      0x269 build/obj/pmc.o
 .debug_loc     0x00002aec      0x1a4 build/obj/syscalls.o
 .debug_loc     0x00002c90      0x6f7 build/obj/chprintf.o
 .debug_loc     0x00003387       0x50 build/obj/psram.o

.debug_aranges  0x00000000      0x700
 .debug_aranges
                0x00000000       0x38 build/obj/crt0.o
 .debug_aranges
                0x00000038       0x20 build/obj/vectors.o
 .debug_aranges
                0x00000058       0x50 build/obj/chcore_v7m.o
 .debug_aranges
                0x000000a8       0x30 build/obj/nvic.o
 .debug_aranges
                0x000000d8       0x30 build/obj/chsys.o
 .debug_aranges
                0x00000108       0x38 build/obj/chvt.o
 .debug_aranges
                0x00000140       0x58 build/obj/chschd.o
 .debug_aranges
                0x00000198       0x78 build/obj/chthreads.o
 .debug_aranges
                0x00000210       0x58 build/obj/chmtx.o
 .debug_aranges
                0x00000268       0x90 build/obj/chevents.o
 .debug_aranges
                0x000002f8       0x70 build/obj/chqueues.o
 .debug_aranges
                0x00000368       0x38 build/obj/chmemcore.o
 .debug_aranges
                0x000003a0       0x40 build/obj/chheap.o
 .debug_aranges
                0x000003e0       0x20 build/obj/hal.o
 .debug_aranges
                0x00000400       0x90 build/obj/serial.o
 .debug_aranges
                0x00000490       0x28 build/obj/hal_lld.o
 .debug_aranges
                0x000004b8       0x28 build/obj/system_SAM3.o
 .debug_aranges
                0x000004e0       0x28 build/obj/pal_lld.o
 .debug_aranges
                0x00000508       0x58 build/obj/serial_lld.o
 .debug_aranges
                0x00000560       0x48 build/obj/pio.o
 .debug_aranges
                0x000005a8       0x60 build/obj/pmc.o
 .debug_aranges
                0x00000608       0x28 build/obj/board.o
 .debug_aranges
                0x00000630       0x68 build/obj/syscalls.o
 .debug_aranges
                0x00000698       0x28 build/obj/chprintf.o
 .debug_aranges
                0x000006c0       0x20 build/obj/main.o
 .debug_aranges
                0x000006e0       0x20 build/obj/psram.o

.debug_ranges   0x00000000      0xa58
 .debug_ranges  0x00000000       0x58 build/obj/crt0.o
 .debug_ranges  0x00000058       0x10 build/obj/vectors.o
 .debug_ranges  0x00000068       0x58 build/obj/chcore_v7m.o
 .debug_ranges  0x000000c0       0x20 build/obj/nvic.o
 .debug_ranges  0x000000e0       0x38 build/obj/chsys.o
 .debug_ranges  0x00000118       0x28 build/obj/chvt.o
 .debug_ranges  0x00000140      0x110 build/obj/chschd.o
 .debug_ranges  0x00000250      0x130 build/obj/chthreads.o
 .debug_ranges  0x00000380      0x1a0 build/obj/chmtx.o
 .debug_ranges  0x00000520       0xe0 build/obj/chevents.o
 .debug_ranges  0x00000600       0xc0 build/obj/chqueues.o
 .debug_ranges  0x000006c0       0x28 build/obj/chmemcore.o
 .debug_ranges  0x000006e8       0x30 build/obj/chheap.o
 .debug_ranges  0x00000718       0x10 build/obj/hal.o
 .debug_ranges  0x00000728       0xc8 build/obj/serial.o
 .debug_ranges  0x000007f0       0x18 build/obj/hal_lld.o
 .debug_ranges  0x00000808       0x18 build/obj/system_SAM3.o
 .debug_ranges  0x00000820       0x18 build/obj/pal_lld.o
 .debug_ranges  0x00000838       0x78 build/obj/serial_lld.o
 .debug_ranges  0x000008b0       0xb0 build/obj/pio.o
 .debug_ranges  0x00000960       0x50 build/obj/pmc.o
 .debug_ranges  0x000009b0       0x18 build/obj/board.o
 .debug_ranges  0x000009c8       0x58 build/obj/syscalls.o
 .debug_ranges  0x00000a20       0x18 build/obj/chprintf.o
 .debug_ranges  0x00000a38       0x10 build/obj/main.o
 .debug_ranges  0x00000a48       0x10 build/obj/psram.o

.debug_line     0x00000000     0x42f2
 .debug_line    0x00000000      0x17a build/obj/crt0.o
 .debug_line    0x0000017a       0x72 build/obj/vectors.o
 .debug_line    0x000001ec      0x25f build/obj/chcore_v7m.o
 .debug_line    0x0000044b      0x15b build/obj/nvic.o
 .debug_line    0x000005a6      0x27b build/obj/chsys.o
 .debug_line    0x00000821      0x1d5 build/obj/chvt.o
 .debug_line    0x000009f6      0x33f build/obj/chschd.o
 .debug_line    0x00000d35      0x41a build/obj/chthreads.o
 .debug_line    0x0000114f      0x3a3 build/obj/chmtx.o
 .debug_line    0x000014f2      0x346 build/obj/chevents.o
 .debug_line    0x00001838      0x3d6 build/obj/chqueues.o
 .debug_line    0x00001c0e      0x1c3 build/obj/chmemcore.o
 .debug_line    0x00001dd1      0x2f5 build/obj/chheap.o
 .debug_line    0x000020c6      0x1c1 build/obj/hal.o
 .debug_line    0x00002287      0x454 build/obj/serial.o
 .debug_line    0x000026db      0x18b build/obj/hal_lld.o
 .debug_line    0x00002866      0x1fe build/obj/system_SAM3.o
 .debug_line    0x00002a64      0x239 build/obj/pal_lld.o
 .debug_line    0x00002c9d      0x493 build/obj/serial_lld.o
 .debug_line    0x00003130      0x257 build/obj/pio.o
 .debug_line    0x00003387      0x31d build/obj/pmc.o
 .debug_line    0x000036a4      0x209 build/obj/board.o
 .debug_line    0x000038ad      0x217 build/obj/syscalls.o
 .debug_line    0x00003ac4      0x2f9 build/obj/chprintf.o
 .debug_line    0x00003dbd      0x3af build/obj/main.o
 .debug_line    0x0000416c      0x186 build/obj/psram.o

.debug_str      0x00000000     0x235a
 .debug_str     0x00000000      0x2ea build/obj/crt0.o
                                0x33a (size before relaxing)
 .debug_str     0x000002ea       0x58 build/obj/vectors.o
                                0x21a (size before relaxing)
 .debug_str     0x00000342      0x2e2 build/obj/chcore_v7m.o
                                0x4eb (size before relaxing)
 .debug_str     0x00000624       0xaa build/obj/nvic.o
                                0x305 (size before relaxing)
 .debug_str     0x000006ce      0x11b build/obj/chsys.o
                                0x4d6 (size before relaxing)
 .debug_str     0x000007e9       0x58 build/obj/chvt.o
                                0x2b4 (size before relaxing)
 .debug_str     0x00000841       0xb2 build/obj/chschd.o
                                0x4c3 (size before relaxing)
 .debug_str     0x000008f3       0xdf build/obj/chthreads.o
                                0x55d (size before relaxing)
 .debug_str     0x000009d2       0x96 build/obj/chmtx.o
                                0x47d (size before relaxing)
 .debug_str     0x00000a68      0x185 build/obj/chevents.o
                                0x55b (size before relaxing)
 .debug_str     0x00000bed      0x12b build/obj/chqueues.o
                                0x4fc (size before relaxing)
 .debug_str     0x00000d18       0x7c build/obj/chmemcore.o
                                0x27b (size before relaxing)
 .debug_str     0x00000d94       0xb9 build/obj/chheap.o
                                0x45c (size before relaxing)
 .debug_str     0x00000e4d       0xb5 build/obj/hal.o
                                0x28b (size before relaxing)
 .debug_str     0x00000f02      0x25d build/obj/serial.o
                                0x747 (size before relaxing)
 .debug_str     0x0000115f       0x99 build/obj/hal_lld.o
                                0x2a6 (size before relaxing)
 .debug_str     0x000011f8      0x1e2 build/obj/system_SAM3.o
                                0x40d (size before relaxing)
 .debug_str     0x000013da      0x2f8 build/obj/pal_lld.o
                                0x687 (size before relaxing)
 .debug_str     0x000016d2      0x250 build/obj/serial_lld.o
                                0xc8f (size before relaxing)
 .debug_str     0x00001922      0x14e build/obj/pio.o
                                0x622 (size before relaxing)
 .debug_str     0x00001a70      0x136 build/obj/pmc.o
                                0x482 (size before relaxing)
 .debug_str     0x00001ba6       0x27 build/obj/board.o
                                0x5b3 (size before relaxing)
 .debug_str     0x00001bcd      0x4e2 build/obj/syscalls.o
                                0x711 (size before relaxing)
 .debug_str     0x000020af       0xa3 build/obj/chprintf.o
                                0x30a (size before relaxing)
 .debug_str     0x00002152      0x1f3 build/obj/main.o
                                0xa45 (size before relaxing)
 .debug_str     0x00002345       0x15 build/obj/psram.o
                                0x2e5 (size before relaxing)

.comment        0x00000000       0x70
 .comment       0x00000000       0x70 build/obj/crt0.o
                                 0x71 (size before relaxing)
 .comment       0x00000000       0x71 build/obj/vectors.o
 .comment       0x00000000       0x71 build/obj/chcore_v7m.o
 .comment       0x00000000       0x71 build/obj/nvic.o
 .comment       0x00000000       0x71 build/obj/chsys.o
 .comment       0x00000000       0x71 build/obj/chvt.o
 .comment       0x00000000       0x71 build/obj/chschd.o
 .comment       0x00000000       0x71 build/obj/chthreads.o
 .comment       0x00000000       0x71 build/obj/chmtx.o
 .comment       0x00000000       0x71 build/obj/chevents.o
 .comment       0x00000000       0x71 build/obj/chqueues.o
 .comment       0x00000000       0x71 build/obj/chmemcore.o
 .comment       0x00000000       0x71 build/obj/chheap.o
 .comment       0x00000000       0x71 build/obj/hal.o
 .comment       0x00000000       0x71 build/obj/serial.o
 .comment       0x00000000       0x71 build/obj/hal_lld.o
 .comment       0x00000000       0x71 build/obj/system_SAM3.o
 .comment       0x00000000       0x71 build/obj/pal_lld.o
 .comment       0x00000000       0x71 build/obj/serial_lld.o
 .comment       0x00000000       0x71 build/obj/pio.o
 .comment       0x00000000       0x71 build/obj/pmc.o
 .comment       0x00000000       0x71 build/obj/board.o
 .comment       0x00000000       0x71 build/obj/syscalls.o
 .comment       0x00000000       0x71 build/obj/chprintf.o
 .comment       0x00000000       0x71 build/obj/main.o
 .comment       0x00000000       0x71 build/obj/psram.o

.ARM.attributes
                0x00000000       0x33
 .ARM.attributes
                0x00000000       0x33 build/obj/crt0.o
 .ARM.attributes
                0x00000033       0x33 build/obj/vectors.o
 .ARM.attributes
                0x00000066       0x33 build/obj/chcore_v7m.o
 .ARM.attributes
                0x00000099       0x33 build/obj/nvic.o
 .ARM.attributes
                0x000000cc       0x33 build/obj/chsys.o
 .ARM.attributes
                0x000000ff       0x33 build/obj/chvt.o
 .ARM.attributes
                0x00000132       0x33 build/obj/chschd.o
 .ARM.attributes
                0x00000165       0x33 build/obj/chthreads.o
 .ARM.attributes
                0x00000198       0x33 build/obj/chmtx.o
 .ARM.attributes
                0x000001cb       0x33 build/obj/chevents.o
 .ARM.attributes
                0x000001fe       0x33 build/obj/chqueues.o
 .ARM.attributes
                0x00000231       0x33 build/obj/chmemcore.o
 .ARM.attributes
                0x00000264       0x33 build/obj/chheap.o
 .ARM.attributes
                0x00000297       0x33 build/obj/hal.o
 .ARM.attributes
                0x000002ca       0x33 build/obj/serial.o
 .ARM.attributes
                0x000002fd       0x33 build/obj/hal_lld.o
 .ARM.attributes
                0x00000330       0x33 build/obj/system_SAM3.o
 .ARM.attributes
                0x00000363       0x33 build/obj/pal_lld.o
 .ARM.attributes
                0x00000396       0x33 build/obj/serial_lld.o
 .ARM.attributes
                0x000003c9       0x33 build/obj/pio.o
 .ARM.attributes
                0x000003fc       0x33 build/obj/pmc.o
 .ARM.attributes
                0x0000042f       0x33 build/obj/board.o
 .ARM.attributes
                0x00000462       0x33 build/obj/syscalls.o
 .ARM.attributes
                0x00000495       0x33 build/obj/chprintf.o
 .ARM.attributes
                0x000004c8       0x33 build/obj/main.o
 .ARM.attributes
                0x000004fb       0x33 build/obj/psram.o
 .ARM.attributes
                0x0000052e       0x2d /home/nixtropy/opt/gcc-arm-none-eabi-4_9-2015q3/bin/../lib/gcc/arm-none-eabi/4.9.3/../../../../arm-none-eabi/lib/armv7-m/libc_nano.a(lib_a-abort.o)
 .ARM.attributes
                0x0000055b       0x2d /home/nixtropy/opt/gcc-arm-none-eabi-4_9-2015q3/bin/../lib/gcc/arm-none-eabi/4.9.3/../../../../arm-none-eabi/lib/armv7-m/libc_nano.a(lib_a-assert.o)
 .ARM.attributes
                0x00000588       0x2d /home/nixtropy/opt/gcc-arm-none-eabi-4_9-2015q3/bin/../lib/gcc/arm-none-eabi/4.9.3/../../../../arm-none-eabi/lib/armv7-m/libc_nano.a(lib_a-fprintf.o)
 .ARM.attributes
                0x000005b5       0x2d /home/nixtropy/opt/gcc-arm-none-eabi-4_9-2015q3/bin/../lib/gcc/arm-none-eabi/4.9.3/../../../../arm-none-eabi/lib/armv7-m/libc_nano.a(lib_a-impure.o)
 .ARM.attributes
                0x000005e2       0x2d /home/nixtropy/opt/gcc-arm-none-eabi-4_9-2015q3/bin/../lib/gcc/arm-none-eabi/4.9.3/../../../../arm-none-eabi/lib/armv7-m/libc_nano.a(lib_a-memset.o)
 .ARM.attributes
                0x0000060f       0x2d /home/nixtropy/opt/gcc-arm-none-eabi-4_9-2015q3/bin/../lib/gcc/arm-none-eabi/4.9.3/../../../../arm-none-eabi/lib/armv7-m/libc_nano.a(lib_a-nano-vfprintf.o)
 .ARM.attributes
                0x0000063c       0x2d /home/nixtropy/opt/gcc-arm-none-eabi-4_9-2015q3/bin/../lib/gcc/arm-none-eabi/4.9.3/../../../../arm-none-eabi/lib/armv7-m/libc_nano.a(lib_a-nano-vfprintf_i.o)
 .ARM.attributes
                0x00000669       0x2d /home/nixtropy/opt/gcc-arm-none-eabi-4_9-2015q3/bin/../lib/gcc/arm-none-eabi/4.9.3/../../../../arm-none-eabi/lib/armv7-m/libc_nano.a(lib_a-signal.o)
 .ARM.attributes
                0x00000696       0x2d /home/nixtropy/opt/gcc-arm-none-eabi-4_9-2015q3/bin/../lib/gcc/arm-none-eabi/4.9.3/../../../../arm-none-eabi/lib/armv7-m/libc_nano.a(lib_a-signalr.o)
 .ARM.attributes
                0x000006c3       0x2d /home/nixtropy/opt/gcc-arm-none-eabi-4_9-2015q3/bin/../lib/gcc/arm-none-eabi/4.9.3/../../../../arm-none-eabi/lib/armv7-m/libc_nano.a(lib_a-wbuf.o)
 .ARM.attributes
                0x000006f0       0x2d /home/nixtropy/opt/gcc-arm-none-eabi-4_9-2015q3/bin/../lib/gcc/arm-none-eabi/4.9.3/../../../../arm-none-eabi/lib/armv7-m/libc_nano.a(lib_a-wsetup.o)
 .ARM.attributes
                0x0000071d       0x2d /home/nixtropy/opt/gcc-arm-none-eabi-4_9-2015q3/bin/../lib/gcc/arm-none-eabi/4.9.3/../../../../arm-none-eabi/lib/armv7-m/libc_nano.a(lib_a-fflush.o)
 .ARM.attributes
                0x0000074a       0x2d /home/nixtropy/opt/gcc-arm-none-eabi-4_9-2015q3/bin/../lib/gcc/arm-none-eabi/4.9.3/../../../../arm-none-eabi/lib/armv7-m/libc_nano.a(lib_a-findfp.o)
 .ARM.attributes
                0x00000777       0x2d /home/nixtropy/opt/gcc-arm-none-eabi-4_9-2015q3/bin/../lib/gcc/arm-none-eabi/4.9.3/../../../../arm-none-eabi/lib/armv7-m/libc_nano.a(lib_a-fwalk.o)
 .ARM.attributes
                0x000007a4       0x2d /home/nixtropy/opt/gcc-arm-none-eabi-4_9-2015q3/bin/../lib/gcc/arm-none-eabi/4.9.3/../../../../arm-none-eabi/lib/armv7-m/libc_nano.a(lib_a-makebuf.o)
 .ARM.attributes
                0x000007d1       0x2d /home/nixtropy/opt/gcc-arm-none-eabi-4_9-2015q3/bin/../lib/gcc/arm-none-eabi/4.9.3/../../../../arm-none-eabi/lib/armv7-m/libc_nano.a(lib_a-memchr.o)
 .ARM.attributes
                0x000007fe       0x2d /home/nixtropy/opt/gcc-arm-none-eabi-4_9-2015q3/bin/../lib/gcc/arm-none-eabi/4.9.3/../../../../arm-none-eabi/lib/armv7-m/libc_nano.a(lib_a-nano-freer.o)
 .ARM.attributes
                0x0000082b       0x2d /home/nixtropy/opt/gcc-arm-none-eabi-4_9-2015q3/bin/../lib/gcc/arm-none-eabi/4.9.3/../../../../arm-none-eabi/lib/armv7-m/libc_nano.a(lib_a-nano-mallocr.o)
 .ARM.attributes
                0x00000858       0x2d /home/nixtropy/opt/gcc-arm-none-eabi-4_9-2015q3/bin/../lib/gcc/arm-none-eabi/4.9.3/../../../../arm-none-eabi/lib/armv7-m/libc_nano.a(lib_a-reent.o)
 .ARM.attributes
                0x00000885       0x2d /home/nixtropy/opt/gcc-arm-none-eabi-4_9-2015q3/bin/../lib/gcc/arm-none-eabi/4.9.3/../../../../arm-none-eabi/lib/armv7-m/libc_nano.a(lib_a-stdio.o)

.debug_frame    0x00000000     0x1820
 .debug_frame   0x00000000       0x50 build/obj/crt0.o
 .debug_frame   0x00000050       0x20 build/obj/vectors.o
 .debug_frame   0x00000070       0xa0 build/obj/chcore_v7m.o
 .debug_frame   0x00000110       0x74 build/obj/nvic.o
 .debug_frame   0x00000184       0x5c build/obj/chsys.o
 .debug_frame   0x000001e0       0x5c build/obj/chvt.o
 .debug_frame   0x0000023c      0x128 build/obj/chschd.o
 .debug_frame   0x00000364      0x18c build/obj/chthreads.o
 .debug_frame   0x000004f0       0xf4 build/obj/chmtx.o
 .debug_frame   0x000005e4      0x1c4 build/obj/chevents.o
 .debug_frame   0x000007a8      0x188 build/obj/chqueues.o
 .debug_frame   0x00000930       0x68 build/obj/chmemcore.o
 .debug_frame   0x00000998       0xb4 build/obj/chheap.o
 .debug_frame   0x00000a4c       0x30 build/obj/hal.o
 .debug_frame   0x00000a7c      0x160 build/obj/serial.o
 .debug_frame   0x00000bdc       0x3c build/obj/hal_lld.o
 .debug_frame   0x00000c18       0x58 build/obj/system_SAM3.o
 .debug_frame   0x00000c70       0x48 build/obj/pal_lld.o
 .debug_frame   0x00000cb8      0x108 build/obj/serial_lld.o
 .debug_frame   0x00000dc0       0x80 build/obj/pio.o
 .debug_frame   0x00000e40      0x108 build/obj/pmc.o
 .debug_frame   0x00000f48       0x3c build/obj/board.o
 .debug_frame   0x00000f84       0xc8 build/obj/syscalls.o
 .debug_frame   0x0000104c       0x9c build/obj/chprintf.o
 .debug_frame   0x000010e8       0x30 build/obj/main.o
 .debug_frame   0x00001118       0x2c build/obj/psram.o
 .debug_frame   0x00001144       0x28 /home/nixtropy/opt/gcc-arm-none-eabi-4_9-2015q3/bin/../lib/gcc/arm-none-eabi/4.9.3/../../../../arm-none-eabi/lib/armv7-m/libc_nano.a(lib_a-abort.o)
 .debug_frame   0x0000116c       0x40 /home/nixtropy/opt/gcc-arm-none-eabi-4_9-2015q3/bin/../lib/gcc/arm-none-eabi/4.9.3/../../../../arm-none-eabi/lib/armv7-m/libc_nano.a(lib_a-assert.o)
 .debug_frame   0x000011ac       0x64 /home/nixtropy/opt/gcc-arm-none-eabi-4_9-2015q3/bin/../lib/gcc/arm-none-eabi/4.9.3/../../../../arm-none-eabi/lib/armv7-m/libc_nano.a(lib_a-fprintf.o)
 .debug_frame   0x00001210       0x20 /home/nixtropy/opt/gcc-arm-none-eabi-4_9-2015q3/bin/../lib/gcc/arm-none-eabi/4.9.3/../../../../arm-none-eabi/lib/armv7-m/libc_nano.a(lib_a-memset.o)
 .debug_frame   0x00001230       0xb8 /home/nixtropy/opt/gcc-arm-none-eabi-4_9-2015q3/bin/../lib/gcc/arm-none-eabi/4.9.3/../../../../arm-none-eabi/lib/armv7-m/libc_nano.a(lib_a-nano-vfprintf.o)
 .debug_frame   0x000012e8       0x58 /home/nixtropy/opt/gcc-arm-none-eabi-4_9-2015q3/bin/../lib/gcc/arm-none-eabi/4.9.3/../../../../arm-none-eabi/lib/armv7-m/libc_nano.a(lib_a-nano-vfprintf_i.o)
 .debug_frame   0x00001340       0xcc /home/nixtropy/opt/gcc-arm-none-eabi-4_9-2015q3/bin/../lib/gcc/arm-none-eabi/4.9.3/../../../../arm-none-eabi/lib/armv7-m/libc_nano.a(lib_a-signal.o)
 .debug_frame   0x0000140c       0x3c /home/nixtropy/opt/gcc-arm-none-eabi-4_9-2015q3/bin/../lib/gcc/arm-none-eabi/4.9.3/../../../../arm-none-eabi/lib/armv7-m/libc_nano.a(lib_a-signalr.o)
 .debug_frame   0x00001448       0x3c /home/nixtropy/opt/gcc-arm-none-eabi-4_9-2015q3/bin/../lib/gcc/arm-none-eabi/4.9.3/../../../../arm-none-eabi/lib/armv7-m/libc_nano.a(lib_a-wbuf.o)
 .debug_frame   0x00001484       0x2c /home/nixtropy/opt/gcc-arm-none-eabi-4_9-2015q3/bin/../lib/gcc/arm-none-eabi/4.9.3/../../../../arm-none-eabi/lib/armv7-m/libc_nano.a(lib_a-wsetup.o)
 .debug_frame   0x000014b0       0x68 /home/nixtropy/opt/gcc-arm-none-eabi-4_9-2015q3/bin/../lib/gcc/arm-none-eabi/4.9.3/../../../../arm-none-eabi/lib/armv7-m/libc_nano.a(lib_a-fflush.o)
 .debug_frame   0x00001518      0x11c /home/nixtropy/opt/gcc-arm-none-eabi-4_9-2015q3/bin/../lib/gcc/arm-none-eabi/4.9.3/../../../../arm-none-eabi/lib/armv7-m/libc_nano.a(lib_a-findfp.o)
 .debug_frame   0x00001634       0x54 /home/nixtropy/opt/gcc-arm-none-eabi-4_9-2015q3/bin/../lib/gcc/arm-none-eabi/4.9.3/../../../../arm-none-eabi/lib/armv7-m/libc_nano.a(lib_a-fwalk.o)
 .debug_frame   0x00001688       0x34 /home/nixtropy/opt/gcc-arm-none-eabi-4_9-2015q3/bin/../lib/gcc/arm-none-eabi/4.9.3/../../../../arm-none-eabi/lib/armv7-m/libc_nano.a(lib_a-makebuf.o)
 .debug_frame   0x000016bc       0x28 /home/nixtropy/opt/gcc-arm-none-eabi-4_9-2015q3/bin/../lib/gcc/arm-none-eabi/4.9.3/../../../../arm-none-eabi/lib/armv7-m/libc_nano.a(lib_a-memchr.o)
 .debug_frame   0x000016e4       0x2c /home/nixtropy/opt/gcc-arm-none-eabi-4_9-2015q3/bin/../lib/gcc/arm-none-eabi/4.9.3/../../../../arm-none-eabi/lib/armv7-m/libc_nano.a(lib_a-nano-freer.o)
 .debug_frame   0x00001710       0x2c /home/nixtropy/opt/gcc-arm-none-eabi-4_9-2015q3/bin/../lib/gcc/arm-none-eabi/4.9.3/../../../../arm-none-eabi/lib/armv7-m/libc_nano.a(lib_a-nano-mallocr.o)
 .debug_frame   0x0000173c       0x5c /home/nixtropy/opt/gcc-arm-none-eabi-4_9-2015q3/bin/../lib/gcc/arm-none-eabi/4.9.3/../../../../arm-none-eabi/lib/armv7-m/libc_nano.a(lib_a-reent.o)
 .debug_frame   0x00001798       0x88 /home/nixtropy/opt/gcc-arm-none-eabi-4_9-2015q3/bin/../lib/gcc/arm-none-eabi/4.9.3/../../../../arm-none-eabi/lib/armv7-m/libc_nano.a(lib_a-stdio.o)

Cross Reference Table

Symbol                                            File
ADC_CfgChannelMode                                build/obj/atmel_adc.o
ADC_CfgLowRes                                     build/obj/atmel_adc.o
ADC_CfgPowerSave                                  build/obj/atmel_adc.o
ADC_CfgTiming                                     build/obj/atmel_adc.o
ADC_CfgTrigering                                  build/obj/atmel_adc.o
ADC_GetConvertedData                              build/obj/atmel_adc.o
ADC_Initialize                                    build/obj/atmel_adc.o
ADC_IsChannelInterruptStatusSet                   build/obj/atmel_adc.o
ADC_IsInterruptMasked                             build/obj/atmel_adc.o
ADC_IsStatusSet                                   build/obj/atmel_adc.o
ADC_ReadBuffer                                    build/obj/atmel_adc.o
ADC_SetCompareChannel                             build/obj/atmel_adc.o
ADC_SetCompareMode                                build/obj/atmel_adc.o
ADC_SetComparisonWindow                           build/obj/atmel_adc.o
ADC_cfgFrequency                                  build/obj/atmel_adc.o
ADC_check                                         build/obj/atmel_adc.o
BOARD_ConfigurePSRAM(Smc*)                        build/obj/psram.o
                                                  build/obj/main.o
BusFaultVector                                    build/obj/vectors.o
ConfigurePck                                      build/obj/pmc.o
                                                  build/obj/main.o
DebugMonitorVector                                build/obj/vectors.o
HardFaultVector                                   build/obj/vectors.o
MemManageVector                                   build/obj/vectors.o
NMIVector                                         build/obj/vectors.o
PIO_Clear                                         build/obj/pio.o
PIO_Configure                                     build/obj/pio.o
                                                  build/obj/main.o
PIO_Get                                           build/obj/pio.o
PIO_GetOutputDataStatus                           build/obj/pio.o
PIO_Set                                           build/obj/pio.o
PIO_SetDebounceFilter                             build/obj/pio.o
PMC_DisableAllPeripherals                         build/obj/pmc.o
PMC_DisablePeripheral                             build/obj/pmc.o
PMC_EnableAllPeripherals                          build/obj/pmc.o
PMC_EnablePeripheral                              build/obj/pmc.o
                                                  build/obj/psram.o
                                                  build/obj/pio.o
PMC_IsPeriphEnabled                               build/obj/pmc.o
PendSVVector                                      build/obj/vectors.o
PmcConfigurePllClock                              build/obj/pmc.o
                                                  build/obj/main.o
PmcMainClockSwitchMainOsc                         build/obj/pmc.o
PmcMasterClockSelection                           build/obj/pmc.o
                                                  build/obj/main.o
ResetHandler                                      build/obj/crt0.o
                                                  build/obj/vectors.o
SD1                                               build/obj/serial_lld.o
SD2                                               build/obj/serial_lld.o
                                                  build/obj/main.o
                                                  build/obj/atmel_adc.o
SVCallVector                                      build/obj/chcore_v7m.o
                                                  build/obj/vectors.o
SysTickVector                                     build/obj/chcore_v7m.o
                                                  build/obj/vectors.o
SystemCoreClock                                   build/obj/system_SAM3.o
                                                  build/obj/serial_lld.o
                                                  build/obj/hal_lld.o
SystemCoreClockUpdate                             build/obj/system_SAM3.o
                                                  build/obj/serial_lld.o
                                                  build/obj/hal_lld.o
SystemInit                                        build/obj/system_SAM3.o
                                                  build/obj/hal_lld.o
UsageFaultVector                                  build/obj/vectors.o
Vector1C                                          build/obj/vectors.o
Vector20                                          build/obj/vectors.o
Vector24                                          build/obj/vectors.o
Vector28                                          build/obj/vectors.o
Vector34                                          build/obj/vectors.o
Vector40                                          build/obj/vectors.o
Vector44                                          build/obj/vectors.o
Vector48                                          build/obj/vectors.o
Vector4C                                          build/obj/vectors.o
Vector50                                          build/obj/vectors.o
Vector54                                          build/obj/vectors.o
Vector58                                          build/obj/vectors.o
Vector5C                                          build/obj/vectors.o
Vector60                                          build/obj/serial_lld.o
                                                  build/obj/vectors.o
Vector64                                          build/obj/serial_lld.o
                                                  build/obj/vectors.o
Vector68                                          build/obj/vectors.o
Vector6C                                          build/obj/vectors.o
Vector70                                          build/obj/vectors.o
Vector74                                          build/obj/vectors.o
Vector78                                          build/obj/vectors.o
Vector7C                                          build/obj/vectors.o
Vector80                                          build/obj/vectors.o
Vector84                                          build/obj/vectors.o
Vector88                                          build/obj/vectors.o
Vector8C                                          build/obj/vectors.o
Vector90                                          build/obj/vectors.o
Vector94                                          build/obj/vectors.o
Vector98                                          build/obj/vectors.o
Vector9C                                          build/obj/vectors.o
VectorA0                                          build/obj/vectors.o
VectorA4                                          build/obj/vectors.o
VectorA8                                          build/obj/vectors.o
VectorAC                                          build/obj/vectors.o
VectorB0                                          build/obj/vectors.o
VectorB4                                          build/obj/vectors.o
VectorB8                                          build/obj/vectors.o
VectorBC                                          build/obj/vectors.o
VectorC0                                          build/obj/vectors.o
VectorC4                                          build/obj/vectors.o
VectorC8                                          build/obj/vectors.o
VectorCC                                          build/obj/vectors.o
_Unwind_Backtrace                                 /home/nixtropy/opt/gcc-arm-none-eabi-4_9-2015q3/bin/../lib/gcc/arm-none-eabi/4.9.3/armv7-m/libgcc.a(libunwind.o)
_Unwind_Complete                                  /home/nixtropy/opt/gcc-arm-none-eabi-4_9-2015q3/bin/../lib/gcc/arm-none-eabi/4.9.3/armv7-m/libgcc.a(unwind-arm.o)
_Unwind_DeleteException                           /home/nixtropy/opt/gcc-arm-none-eabi-4_9-2015q3/bin/../lib/gcc/arm-none-eabi/4.9.3/armv7-m/libgcc.a(unwind-arm.o)
_Unwind_ForcedUnwind                              /home/nixtropy/opt/gcc-arm-none-eabi-4_9-2015q3/bin/../lib/gcc/arm-none-eabi/4.9.3/armv7-m/libgcc.a(libunwind.o)
_Unwind_GetCFA                                    /home/nixtropy/opt/gcc-arm-none-eabi-4_9-2015q3/bin/../lib/gcc/arm-none-eabi/4.9.3/armv7-m/libgcc.a(unwind-arm.o)
_Unwind_GetDataRelBase                            /home/nixtropy/opt/gcc-arm-none-eabi-4_9-2015q3/bin/../lib/gcc/arm-none-eabi/4.9.3/armv7-m/libgcc.a(pr-support.o)
_Unwind_GetLanguageSpecificData                   /home/nixtropy/opt/gcc-arm-none-eabi-4_9-2015q3/bin/../lib/gcc/arm-none-eabi/4.9.3/armv7-m/libgcc.a(pr-support.o)
_Unwind_GetRegionStart                            /home/nixtropy/opt/gcc-arm-none-eabi-4_9-2015q3/bin/../lib/gcc/arm-none-eabi/4.9.3/armv7-m/libgcc.a(pr-support.o)
_Unwind_GetTextRelBase                            /home/nixtropy/opt/gcc-arm-none-eabi-4_9-2015q3/bin/../lib/gcc/arm-none-eabi/4.9.3/armv7-m/libgcc.a(pr-support.o)
_Unwind_RaiseException                            /home/nixtropy/opt/gcc-arm-none-eabi-4_9-2015q3/bin/../lib/gcc/arm-none-eabi/4.9.3/armv7-m/libgcc.a(libunwind.o)
_Unwind_Resume                                    /home/nixtropy/opt/gcc-arm-none-eabi-4_9-2015q3/bin/../lib/gcc/arm-none-eabi/4.9.3/armv7-m/libgcc.a(libunwind.o)
_Unwind_Resume_or_Rethrow                         /home/nixtropy/opt/gcc-arm-none-eabi-4_9-2015q3/bin/../lib/gcc/arm-none-eabi/4.9.3/armv7-m/libgcc.a(libunwind.o)
_Unwind_VRS_Get                                   /home/nixtropy/opt/gcc-arm-none-eabi-4_9-2015q3/bin/../lib/gcc/arm-none-eabi/4.9.3/armv7-m/libgcc.a(unwind-arm.o)
                                                  /home/nixtropy/opt/gcc-arm-none-eabi-4_9-2015q3/bin/../lib/gcc/arm-none-eabi/4.9.3/armv7-m/libgcc.a(pr-support.o)
_Unwind_VRS_Pop                                   /home/nixtropy/opt/gcc-arm-none-eabi-4_9-2015q3/bin/../lib/gcc/arm-none-eabi/4.9.3/armv7-m/libgcc.a(unwind-arm.o)
                                                  /home/nixtropy/opt/gcc-arm-none-eabi-4_9-2015q3/bin/../lib/gcc/arm-none-eabi/4.9.3/armv7-m/libgcc.a(pr-support.o)
_Unwind_VRS_Set                                   /home/nixtropy/opt/gcc-arm-none-eabi-4_9-2015q3/bin/../lib/gcc/arm-none-eabi/4.9.3/armv7-m/libgcc.a(unwind-arm.o)
                                                  /home/nixtropy/opt/gcc-arm-none-eabi-4_9-2015q3/bin/../lib/gcc/arm-none-eabi/4.9.3/armv7-m/libgcc.a(pr-support.o)
___Unwind_Backtrace                               /home/nixtropy/opt/gcc-arm-none-eabi-4_9-2015q3/bin/../lib/gcc/arm-none-eabi/4.9.3/armv7-m/libgcc.a(libunwind.o)
___Unwind_ForcedUnwind                            /home/nixtropy/opt/gcc-arm-none-eabi-4_9-2015q3/bin/../lib/gcc/arm-none-eabi/4.9.3/armv7-m/libgcc.a(libunwind.o)
___Unwind_RaiseException                          /home/nixtropy/opt/gcc-arm-none-eabi-4_9-2015q3/bin/../lib/gcc/arm-none-eabi/4.9.3/armv7-m/libgcc.a(libunwind.o)
___Unwind_Resume                                  /home/nixtropy/opt/gcc-arm-none-eabi-4_9-2015q3/bin/../lib/gcc/arm-none-eabi/4.9.3/armv7-m/libgcc.a(libunwind.o)
___Unwind_Resume_or_Rethrow                       /home/nixtropy/opt/gcc-arm-none-eabi-4_9-2015q3/bin/../lib/gcc/arm-none-eabi/4.9.3/armv7-m/libgcc.a(libunwind.o)
__aeabi_unwind_cpp_pr0                            /home/nixtropy/opt/gcc-arm-none-eabi-4_9-2015q3/bin/../lib/gcc/arm-none-eabi/4.9.3/armv7-m/libgcc.a(unwind-arm.o)
                                                  /home/nixtropy/opt/gcc-arm-none-eabi-4_9-2015q3/bin/../lib/gcc/arm-none-eabi/4.9.3/armv7-m/libgcc.a(pr-support.o)
                                                  build/obj/psram.o
                                                  build/obj/main.o
__aeabi_unwind_cpp_pr1                            /home/nixtropy/opt/gcc-arm-none-eabi-4_9-2015q3/bin/../lib/gcc/arm-none-eabi/4.9.3/armv7-m/libgcc.a(unwind-arm.o)
                                                  /home/nixtropy/opt/gcc-arm-none-eabi-4_9-2015q3/bin/../lib/gcc/arm-none-eabi/4.9.3/armv7-m/libgcc.a(pr-support.o)
__aeabi_unwind_cpp_pr2                            /home/nixtropy/opt/gcc-arm-none-eabi-4_9-2015q3/bin/../lib/gcc/arm-none-eabi/4.9.3/armv7-m/libgcc.a(unwind-arm.o)
__assert                                          /home/nixtropy/opt/gcc-arm-none-eabi-4_9-2015q3/bin/../lib/gcc/arm-none-eabi/4.9.3/../../../../arm-none-eabi/lib/armv7-m/libc_nano.a(lib_a-assert.o)
__assert_func                                     /home/nixtropy/opt/gcc-arm-none-eabi-4_9-2015q3/bin/../lib/gcc/arm-none-eabi/4.9.3/../../../../arm-none-eabi/lib/armv7-m/libc_nano.a(lib_a-assert.o)
                                                  build/obj/pmc.o
                                                  build/obj/atmel_adc.o
__cxa_begin_cleanup                               /home/nixtropy/opt/gcc-arm-none-eabi-4_9-2015q3/bin/../lib/gcc/arm-none-eabi/4.9.3/armv7-m/libgcc.a(unwind-arm.o)
__cxa_call_unexpected                             /home/nixtropy/opt/gcc-arm-none-eabi-4_9-2015q3/bin/../lib/gcc/arm-none-eabi/4.9.3/armv7-m/libgcc.a(unwind-arm.o)
__cxa_type_match                                  /home/nixtropy/opt/gcc-arm-none-eabi-4_9-2015q3/bin/../lib/gcc/arm-none-eabi/4.9.3/armv7-m/libgcc.a(unwind-arm.o)
__early_init                                      build/obj/board.o
                                                  build/obj/crt0.o
__exidx_end                                       /home/nixtropy/opt/gcc-arm-none-eabi-4_9-2015q3/bin/../lib/gcc/arm-none-eabi/4.9.3/armv7-m/libgcc.a(unwind-arm.o)
__exidx_start                                     /home/nixtropy/opt/gcc-arm-none-eabi-4_9-2015q3/bin/../lib/gcc/arm-none-eabi/4.9.3/armv7-m/libgcc.a(unwind-arm.o)
__fini_array_end                                  build/obj/crt0.o
__fini_array_start                                build/obj/crt0.o
__fp_lock_all                                     /home/nixtropy/opt/gcc-arm-none-eabi-4_9-2015q3/bin/../lib/gcc/arm-none-eabi/4.9.3/../../../../arm-none-eabi/lib/armv7-m/libc_nano.a(lib_a-findfp.o)
__fp_unlock_all                                   /home/nixtropy/opt/gcc-arm-none-eabi-4_9-2015q3/bin/../lib/gcc/arm-none-eabi/4.9.3/../../../../arm-none-eabi/lib/armv7-m/libc_nano.a(lib_a-findfp.o)
__gnu_Unwind_Backtrace                            /home/nixtropy/opt/gcc-arm-none-eabi-4_9-2015q3/bin/../lib/gcc/arm-none-eabi/4.9.3/armv7-m/libgcc.a(unwind-arm.o)
                                                  /home/nixtropy/opt/gcc-arm-none-eabi-4_9-2015q3/bin/../lib/gcc/arm-none-eabi/4.9.3/armv7-m/libgcc.a(libunwind.o)
__gnu_Unwind_Find_exidx                           /home/nixtropy/opt/gcc-arm-none-eabi-4_9-2015q3/bin/../lib/gcc/arm-none-eabi/4.9.3/armv7-m/libgcc.a(unwind-arm.o)
__gnu_Unwind_ForcedUnwind                         /home/nixtropy/opt/gcc-arm-none-eabi-4_9-2015q3/bin/../lib/gcc/arm-none-eabi/4.9.3/armv7-m/libgcc.a(unwind-arm.o)
                                                  /home/nixtropy/opt/gcc-arm-none-eabi-4_9-2015q3/bin/../lib/gcc/arm-none-eabi/4.9.3/armv7-m/libgcc.a(libunwind.o)
__gnu_Unwind_RaiseException                       /home/nixtropy/opt/gcc-arm-none-eabi-4_9-2015q3/bin/../lib/gcc/arm-none-eabi/4.9.3/armv7-m/libgcc.a(unwind-arm.o)
                                                  /home/nixtropy/opt/gcc-arm-none-eabi-4_9-2015q3/bin/../lib/gcc/arm-none-eabi/4.9.3/armv7-m/libgcc.a(libunwind.o)
__gnu_Unwind_Restore_VFP                          /home/nixtropy/opt/gcc-arm-none-eabi-4_9-2015q3/bin/../lib/gcc/arm-none-eabi/4.9.3/armv7-m/libgcc.a(libunwind.o)
                                                  /home/nixtropy/opt/gcc-arm-none-eabi-4_9-2015q3/bin/../lib/gcc/arm-none-eabi/4.9.3/armv7-m/libgcc.a(unwind-arm.o)
__gnu_Unwind_Restore_VFP_D                        /home/nixtropy/opt/gcc-arm-none-eabi-4_9-2015q3/bin/../lib/gcc/arm-none-eabi/4.9.3/armv7-m/libgcc.a(libunwind.o)
                                                  /home/nixtropy/opt/gcc-arm-none-eabi-4_9-2015q3/bin/../lib/gcc/arm-none-eabi/4.9.3/armv7-m/libgcc.a(unwind-arm.o)
__gnu_Unwind_Restore_VFP_D_16_to_31               /home/nixtropy/opt/gcc-arm-none-eabi-4_9-2015q3/bin/../lib/gcc/arm-none-eabi/4.9.3/armv7-m/libgcc.a(libunwind.o)
                                                  /home/nixtropy/opt/gcc-arm-none-eabi-4_9-2015q3/bin/../lib/gcc/arm-none-eabi/4.9.3/armv7-m/libgcc.a(unwind-arm.o)
__gnu_Unwind_Restore_WMMXC                        /home/nixtropy/opt/gcc-arm-none-eabi-4_9-2015q3/bin/../lib/gcc/arm-none-eabi/4.9.3/armv7-m/libgcc.a(libunwind.o)
                                                  /home/nixtropy/opt/gcc-arm-none-eabi-4_9-2015q3/bin/../lib/gcc/arm-none-eabi/4.9.3/armv7-m/libgcc.a(unwind-arm.o)
__gnu_Unwind_Restore_WMMXD                        /home/nixtropy/opt/gcc-arm-none-eabi-4_9-2015q3/bin/../lib/gcc/arm-none-eabi/4.9.3/armv7-m/libgcc.a(libunwind.o)
                                                  /home/nixtropy/opt/gcc-arm-none-eabi-4_9-2015q3/bin/../lib/gcc/arm-none-eabi/4.9.3/armv7-m/libgcc.a(unwind-arm.o)
__gnu_Unwind_Resume                               /home/nixtropy/opt/gcc-arm-none-eabi-4_9-2015q3/bin/../lib/gcc/arm-none-eabi/4.9.3/armv7-m/libgcc.a(unwind-arm.o)
                                                  /home/nixtropy/opt/gcc-arm-none-eabi-4_9-2015q3/bin/../lib/gcc/arm-none-eabi/4.9.3/armv7-m/libgcc.a(libunwind.o)
__gnu_Unwind_Resume_or_Rethrow                    /home/nixtropy/opt/gcc-arm-none-eabi-4_9-2015q3/bin/../lib/gcc/arm-none-eabi/4.9.3/armv7-m/libgcc.a(unwind-arm.o)
                                                  /home/nixtropy/opt/gcc-arm-none-eabi-4_9-2015q3/bin/../lib/gcc/arm-none-eabi/4.9.3/armv7-m/libgcc.a(libunwind.o)
__gnu_Unwind_Save_VFP                             /home/nixtropy/opt/gcc-arm-none-eabi-4_9-2015q3/bin/../lib/gcc/arm-none-eabi/4.9.3/armv7-m/libgcc.a(libunwind.o)
                                                  /home/nixtropy/opt/gcc-arm-none-eabi-4_9-2015q3/bin/../lib/gcc/arm-none-eabi/4.9.3/armv7-m/libgcc.a(unwind-arm.o)
__gnu_Unwind_Save_VFP_D                           /home/nixtropy/opt/gcc-arm-none-eabi-4_9-2015q3/bin/../lib/gcc/arm-none-eabi/4.9.3/armv7-m/libgcc.a(libunwind.o)
                                                  /home/nixtropy/opt/gcc-arm-none-eabi-4_9-2015q3/bin/../lib/gcc/arm-none-eabi/4.9.3/armv7-m/libgcc.a(unwind-arm.o)
__gnu_Unwind_Save_VFP_D_16_to_31                  /home/nixtropy/opt/gcc-arm-none-eabi-4_9-2015q3/bin/../lib/gcc/arm-none-eabi/4.9.3/armv7-m/libgcc.a(libunwind.o)
                                                  /home/nixtropy/opt/gcc-arm-none-eabi-4_9-2015q3/bin/../lib/gcc/arm-none-eabi/4.9.3/armv7-m/libgcc.a(unwind-arm.o)
__gnu_Unwind_Save_WMMXC                           /home/nixtropy/opt/gcc-arm-none-eabi-4_9-2015q3/bin/../lib/gcc/arm-none-eabi/4.9.3/armv7-m/libgcc.a(libunwind.o)
                                                  /home/nixtropy/opt/gcc-arm-none-eabi-4_9-2015q3/bin/../lib/gcc/arm-none-eabi/4.9.3/armv7-m/libgcc.a(unwind-arm.o)
__gnu_Unwind_Save_WMMXD                           /home/nixtropy/opt/gcc-arm-none-eabi-4_9-2015q3/bin/../lib/gcc/arm-none-eabi/4.9.3/armv7-m/libgcc.a(libunwind.o)
                                                  /home/nixtropy/opt/gcc-arm-none-eabi-4_9-2015q3/bin/../lib/gcc/arm-none-eabi/4.9.3/armv7-m/libgcc.a(unwind-arm.o)
__gnu_unwind_execute                              /home/nixtropy/opt/gcc-arm-none-eabi-4_9-2015q3/bin/../lib/gcc/arm-none-eabi/4.9.3/armv7-m/libgcc.a(pr-support.o)
                                                  /home/nixtropy/opt/gcc-arm-none-eabi-4_9-2015q3/bin/../lib/gcc/arm-none-eabi/4.9.3/armv7-m/libgcc.a(unwind-arm.o)
__gnu_unwind_frame                                /home/nixtropy/opt/gcc-arm-none-eabi-4_9-2015q3/bin/../lib/gcc/arm-none-eabi/4.9.3/armv7-m/libgcc.a(pr-support.o)
__heap_base__                                     build/obj/chmemcore.o
__heap_end__                                      build/obj/chmemcore.o
__init_array_end                                  build/obj/crt0.o
__init_array_start                                build/obj/crt0.o
__late_init                                       build/obj/crt0.o
__main_stack_base__                               build/obj/crt0.o
__main_stack_end__                                build/obj/crt0.o
__malloc_free_list                                /home/nixtropy/opt/gcc-arm-none-eabi-4_9-2015q3/bin/../lib/gcc/arm-none-eabi/4.9.3/../../../../arm-none-eabi/lib/armv7-m/libc_nano.a(lib_a-nano-mallocr.o)
                                                  /home/nixtropy/opt/gcc-arm-none-eabi-4_9-2015q3/bin/../lib/gcc/arm-none-eabi/4.9.3/../../../../arm-none-eabi/lib/armv7-m/libc_nano.a(lib_a-nano-freer.o)
__malloc_sbrk_start                               /home/nixtropy/opt/gcc-arm-none-eabi-4_9-2015q3/bin/../lib/gcc/arm-none-eabi/4.9.3/../../../../arm-none-eabi/lib/armv7-m/libc_nano.a(lib_a-nano-mallocr.o)
__process_stack_base__                            build/obj/crt0.o
__process_stack_end__                             build/obj/crt0.o
__ram_end__                                       build/obj/vectors.o
__restore_core_regs                               /home/nixtropy/opt/gcc-arm-none-eabi-4_9-2015q3/bin/../lib/gcc/arm-none-eabi/4.9.3/armv7-m/libgcc.a(libunwind.o)
__sclose                                          /home/nixtropy/opt/gcc-arm-none-eabi-4_9-2015q3/bin/../lib/gcc/arm-none-eabi/4.9.3/../../../../arm-none-eabi/lib/armv7-m/libc_nano.a(lib_a-stdio.o)
                                                  /home/nixtropy/opt/gcc-arm-none-eabi-4_9-2015q3/bin/../lib/gcc/arm-none-eabi/4.9.3/../../../../arm-none-eabi/lib/armv7-m/libc_nano.a(lib_a-findfp.o)
__seofread                                        /home/nixtropy/opt/gcc-arm-none-eabi-4_9-2015q3/bin/../lib/gcc/arm-none-eabi/4.9.3/../../../../arm-none-eabi/lib/armv7-m/libc_nano.a(lib_a-stdio.o)
__sf_fake_stderr                                  /home/nixtropy/opt/gcc-arm-none-eabi-4_9-2015q3/bin/../lib/gcc/arm-none-eabi/4.9.3/../../../../arm-none-eabi/lib/armv7-m/libc_nano.a(lib_a-findfp.o)
                                                  /home/nixtropy/opt/gcc-arm-none-eabi-4_9-2015q3/bin/../lib/gcc/arm-none-eabi/4.9.3/../../../../arm-none-eabi/lib/armv7-m/libc_nano.a(lib_a-fflush.o)
                                                  /home/nixtropy/opt/gcc-arm-none-eabi-4_9-2015q3/bin/../lib/gcc/arm-none-eabi/4.9.3/../../../../arm-none-eabi/lib/armv7-m/libc_nano.a(lib_a-wsetup.o)
                                                  /home/nixtropy/opt/gcc-arm-none-eabi-4_9-2015q3/bin/../lib/gcc/arm-none-eabi/4.9.3/../../../../arm-none-eabi/lib/armv7-m/libc_nano.a(lib_a-wbuf.o)
                                                  /home/nixtropy/opt/gcc-arm-none-eabi-4_9-2015q3/bin/../lib/gcc/arm-none-eabi/4.9.3/../../../../arm-none-eabi/lib/armv7-m/libc_nano.a(lib_a-nano-vfprintf.o)
                                                  /home/nixtropy/opt/gcc-arm-none-eabi-4_9-2015q3/bin/../lib/gcc/arm-none-eabi/4.9.3/../../../../arm-none-eabi/lib/armv7-m/libc_nano.a(lib_a-impure.o)
__sf_fake_stdin                                   /home/nixtropy/opt/gcc-arm-none-eabi-4_9-2015q3/bin/../lib/gcc/arm-none-eabi/4.9.3/../../../../arm-none-eabi/lib/armv7-m/libc_nano.a(lib_a-findfp.o)
                                                  /home/nixtropy/opt/gcc-arm-none-eabi-4_9-2015q3/bin/../lib/gcc/arm-none-eabi/4.9.3/../../../../arm-none-eabi/lib/armv7-m/libc_nano.a(lib_a-fflush.o)
                                                  /home/nixtropy/opt/gcc-arm-none-eabi-4_9-2015q3/bin/../lib/gcc/arm-none-eabi/4.9.3/../../../../arm-none-eabi/lib/armv7-m/libc_nano.a(lib_a-wsetup.o)
                                                  /home/nixtropy/opt/gcc-arm-none-eabi-4_9-2015q3/bin/../lib/gcc/arm-none-eabi/4.9.3/../../../../arm-none-eabi/lib/armv7-m/libc_nano.a(lib_a-wbuf.o)
                                                  /home/nixtropy/opt/gcc-arm-none-eabi-4_9-2015q3/bin/../lib/gcc/arm-none-eabi/4.9.3/../../../../arm-none-eabi/lib/armv7-m/libc_nano.a(lib_a-nano-vfprintf.o)
                                                  /home/nixtropy/opt/gcc-arm-none-eabi-4_9-2015q3/bin/../lib/gcc/arm-none-eabi/4.9.3/../../../../arm-none-eabi/lib/armv7-m/libc_nano.a(lib_a-impure.o)
__sf_fake_stdout                                  /home/nixtropy/opt/gcc-arm-none-eabi-4_9-2015q3/bin/../lib/gcc/arm-none-eabi/4.9.3/../../../../arm-none-eabi/lib/armv7-m/libc_nano.a(lib_a-findfp.o)
                                                  /home/nixtropy/opt/gcc-arm-none-eabi-4_9-2015q3/bin/../lib/gcc/arm-none-eabi/4.9.3/../../../../arm-none-eabi/lib/armv7-m/libc_nano.a(lib_a-fflush.o)
                                                  /home/nixtropy/opt/gcc-arm-none-eabi-4_9-2015q3/bin/../lib/gcc/arm-none-eabi/4.9.3/../../../../arm-none-eabi/lib/armv7-m/libc_nano.a(lib_a-wsetup.o)
                                                  /home/nixtropy/opt/gcc-arm-none-eabi-4_9-2015q3/bin/../lib/gcc/arm-none-eabi/4.9.3/../../../../arm-none-eabi/lib/armv7-m/libc_nano.a(lib_a-wbuf.o)
                                                  /home/nixtropy/opt/gcc-arm-none-eabi-4_9-2015q3/bin/../lib/gcc/arm-none-eabi/4.9.3/../../../../arm-none-eabi/lib/armv7-m/libc_nano.a(lib_a-nano-vfprintf.o)
                                                  /home/nixtropy/opt/gcc-arm-none-eabi-4_9-2015q3/bin/../lib/gcc/arm-none-eabi/4.9.3/../../../../arm-none-eabi/lib/armv7-m/libc_nano.a(lib_a-impure.o)
__sflush_r                                        /home/nixtropy/opt/gcc-arm-none-eabi-4_9-2015q3/bin/../lib/gcc/arm-none-eabi/4.9.3/../../../../arm-none-eabi/lib/armv7-m/libc_nano.a(lib_a-fflush.o)
__sfmoreglue                                      /home/nixtropy/opt/gcc-arm-none-eabi-4_9-2015q3/bin/../lib/gcc/arm-none-eabi/4.9.3/../../../../arm-none-eabi/lib/armv7-m/libc_nano.a(lib_a-findfp.o)
__sfp                                             /home/nixtropy/opt/gcc-arm-none-eabi-4_9-2015q3/bin/../lib/gcc/arm-none-eabi/4.9.3/../../../../arm-none-eabi/lib/armv7-m/libc_nano.a(lib_a-findfp.o)
__sfp_lock_acquire                                /home/nixtropy/opt/gcc-arm-none-eabi-4_9-2015q3/bin/../lib/gcc/arm-none-eabi/4.9.3/../../../../arm-none-eabi/lib/armv7-m/libc_nano.a(lib_a-findfp.o)
__sfp_lock_release                                /home/nixtropy/opt/gcc-arm-none-eabi-4_9-2015q3/bin/../lib/gcc/arm-none-eabi/4.9.3/../../../../arm-none-eabi/lib/armv7-m/libc_nano.a(lib_a-findfp.o)
__sfputs_r                                        /home/nixtropy/opt/gcc-arm-none-eabi-4_9-2015q3/bin/../lib/gcc/arm-none-eabi/4.9.3/../../../../arm-none-eabi/lib/armv7-m/libc_nano.a(lib_a-nano-vfprintf.o)
__sfvwrite_r                                      /home/nixtropy/opt/gcc-arm-none-eabi-4_9-2015q3/bin/../lib/gcc/arm-none-eabi/4.9.3/../../../../arm-none-eabi/lib/armv7-m/libc_nano.a(lib_a-fvwrite.o)
                                                  /home/nixtropy/opt/gcc-arm-none-eabi-4_9-2015q3/bin/../lib/gcc/arm-none-eabi/4.9.3/../../../../arm-none-eabi/lib/armv7-m/libc_nano.a(lib_a-nano-vfprintf.o)
__sigtramp                                        /home/nixtropy/opt/gcc-arm-none-eabi-4_9-2015q3/bin/../lib/gcc/arm-none-eabi/4.9.3/../../../../arm-none-eabi/lib/armv7-m/libc_nano.a(lib_a-signal.o)
__sigtramp_r                                      /home/nixtropy/opt/gcc-arm-none-eabi-4_9-2015q3/bin/../lib/gcc/arm-none-eabi/4.9.3/../../../../arm-none-eabi/lib/armv7-m/libc_nano.a(lib_a-signal.o)
__sinit                                           /home/nixtropy/opt/gcc-arm-none-eabi-4_9-2015q3/bin/../lib/gcc/arm-none-eabi/4.9.3/../../../../arm-none-eabi/lib/armv7-m/libc_nano.a(lib_a-findfp.o)